Component: ARM Compiler 5.06 update 4 (build 422) Tool: armlink [4d35d2]

==============================================================================

Section Cross References

    startup_stm32f407xx.o(RESET) refers to startup_stm32f407xx.o(STACK) for __initial_sp
    startup_stm32f407xx.o(RESET) refers to startup_stm32f407xx.o(.text) for Reset_Handler
    startup_stm32f407xx.o(RESET) refers to stm32f4xx_it.o(i.NMI_Handler) for NMI_Handler
    startup_stm32f407xx.o(RESET) refers to board_fsm4.o(.emb_text) for HardFault_Handler
    startup_stm32f407xx.o(RESET) refers to stm32f4xx_it.o(i.MemManage_Handler) for MemManage_Handler
    startup_stm32f407xx.o(RESET) refers to stm32f4xx_it.o(i.BusFault_Handler) for BusFault_Handler
    startup_stm32f407xx.o(RESET) refers to stm32f4xx_it.o(i.UsageFault_Handler) for UsageFault_Handler
    startup_stm32f407xx.o(RESET) refers to syscall.o(.emb_text) for SVC_Handler
    startup_stm32f407xx.o(RESET) refers to stm32f4xx_it.o(i.DebugMon_Handler) for DebugMon_Handler
    startup_stm32f407xx.o(RESET) refers to kern_port_cm3_ccarm.o(.emb_text) for PendSV_Handler
    startup_stm32f407xx.o(RESET) refers to stm32f4xx_it.o(i.SysTick_Handler) for SysTick_Handler
    startup_stm32f407xx.o(RESET) refers to stm32f4xx_it.o(i.DMA1_Stream1_IRQHandler) for DMA1_Stream1_IRQHandler
    startup_stm32f407xx.o(RESET) refers to stm32f4xx_it.o(i.DMA1_Stream3_IRQHandler) for DMA1_Stream3_IRQHandler
    startup_stm32f407xx.o(RESET) refers to stm32f4xx_it.o(i.USART3_IRQHandler) for USART3_IRQHandler
    startup_stm32f407xx.o(.text) refers to system_stm32f4xx.o(i.SystemInit) for SystemInit
    startup_stm32f407xx.o(.text) refers to entry.o(.ARM.Collect$$$$00000000) for __main
    app_fsm4.o(i.app_main) refers to app_fsm4.o(i.lab_init) for lab_init
    app_fsm4.o(i.app_main) refers to kshell_cmd.o(i.kshell_cmd_add) for kshell_cmd_add
    app_fsm4.o(i.app_main) refers to app_fsm4.o(i.cmd_smoke) for cmd_smoke
    app_fsm4.o(i.blow) refers to strlen.o(.text) for strlen
    app_fsm4.o(i.blow) refers to stm32f4xx_hal_uart.o(i.HAL_UART_Transmit) for HAL_UART_Transmit
    app_fsm4.o(i.blow) refers to app_fsm4.o(i.gpio_clr) for gpio_clr
    app_fsm4.o(i.blow) refers to app_fsm4.o(i.tim_pwm_start) for tim_pwm_start
    app_fsm4.o(i.blow) refers to timer.o(i.task_sleep) for task_sleep
    app_fsm4.o(i.blow) refers to app_fsm4.o(i.tim_pwm_stop) for tim_pwm_stop
    app_fsm4.o(i.blow) refers to main.o(.bss) for huart1
    app_fsm4.o(i.check_gpio) refers to app_fsm4.o(i.gpio_read) for gpio_read
    app_fsm4.o(i.check_gpio) refers to app_fsm4.o(i.gpio_write) for gpio_write
    app_fsm4.o(i.check_tim) refers to app_fsm4.o(i.gpio_read) for gpio_read
    app_fsm4.o(i.check_tim) refers to app_fsm4.o(i.tim_pwm_start) for tim_pwm_start
    app_fsm4.o(i.check_tim) refers to app_fsm4.o(i.tim_pwm_stop) for tim_pwm_stop
    app_fsm4.o(i.cmd_prj) refers to app_fsm4.o(i.project_list) for project_list
    app_fsm4.o(i.cmd_prj) refers to strtoul.o(.text) for strtoul
    app_fsm4.o(i.cmd_prj) refers to kshell.o(i.ksh_printf) for ksh_printf
    app_fsm4.o(i.cmd_prj) refers to task.o(i.task_create) for task_create
    app_fsm4.o(i.cmd_prj) refers to app_fsm4.o(.data) for prj_table
    app_fsm4.o(i.cmd_smoke) refers to timer.o(i.ms_to_tick) for ms_to_tick
    app_fsm4.o(i.cmd_smoke) refers to timer.o(i.timer_init) for timer_init
    app_fsm4.o(i.cmd_smoke) refers to timer.o(i.timer_add_oneshot) for timer_add_oneshot
    app_fsm4.o(i.cmd_smoke) refers to task.o(i.task_create) for task_create
    app_fsm4.o(i.cmd_smoke) refers to app_fsm4.o(.data) for smoking
    app_fsm4.o(i.cmd_smoke) refers to app_fsm4.o(.bss) for stop_timer
    app_fsm4.o(i.cmd_smoke) refers to app_fsm4.o(i.stop_smoke) for stop_smoke
    app_fsm4.o(i.cmd_smoke) refers to app_fsm4.o(i.smoke_task) for smoke_task
    app_fsm4.o(i.gpio_write) refers to app_fsm4.o(i.gpio_set) for gpio_set
    app_fsm4.o(i.gpio_write) refers to app_fsm4.o(i.gpio_clr) for gpio_clr
    app_fsm4.o(i.lab_init) refers to kshell_cmd.o(i.kshell_cmd_add) for kshell_cmd_add
    app_fsm4.o(i.lab_init) refers to app_fsm4.o(i.cmd_prj) for cmd_prj
    app_fsm4.o(i.project_list) refers to board_fsm4.o(i.trace_printf) for trace_printf
    app_fsm4.o(i.project_list) refers to app_fsm4.o(.data) for prj_table
    app_fsm4.o(i.smoke_task) refers to board_fsm4.o(i.trace_printf) for trace_printf
    app_fsm4.o(i.smoke_task) refers to app_fsm4.o(i.blow) for blow
    app_fsm4.o(i.smoke_task) refers to app_fsm4.o(i.check_uart) for check_uart
    app_fsm4.o(i.smoke_task) refers to app_fsm4.o(i.check_gpio) for check_gpio
    app_fsm4.o(i.smoke_task) refers to app_fsm4.o(i.check_tim) for check_tim
    app_fsm4.o(i.smoke_task) refers to timer.o(i.task_sleep) for task_sleep
    app_fsm4.o(i.smoke_task) refers to app_fsm4.o(i.gpio_read) for gpio_read
    app_fsm4.o(i.smoke_task) refers to timer.o(i.timer_cancel) for timer_cancel
    app_fsm4.o(i.smoke_task) refers to app_fsm4.o(i.tim_pwm_stop) for tim_pwm_stop
[...]
    FPU_IRQHandler                           0x08000293   Thumb Code     0  startup_stm32f407xx.o(.text)
    HASH_RNG_IRQHandler                      0x08000293   Thumb Code     0  startup_stm32f407xx.o(.text)
    I2C1_ER_IRQHandler                       0x08000293   Thumb Code     0  startup_stm32f407xx.o(.text)
    I2C1_EV_IRQHandler                       0x08000293   Thumb Code     0  startup_stm32f407xx.o(.text)
    I2C2_ER_IRQHandler                       0x08000293   Thumb Code     0  startup_stm32f407xx.o(.text)
    I2C2_EV_IRQHandler                       0x08000293   Thumb Code     0  startup_stm32f407xx.o(.text)
    I2C3_ER_IRQHandler                       0x08000293   Thumb Code     0  startup_stm32f407xx.o(.text)
    I2C3_EV_IRQHandler                       0x08000293   Thumb Code     0  startup_stm32f407xx.o(.text)
    OTG_FS_IRQHandler                        0x08000293   Thumb Code     0  startup_stm32f407xx.o(.text)
    OTG_FS_WKUP_IRQHandler                   0x08000293   Thumb Code     0  startup_stm32f407xx.o(.text)
    OTG_HS_EP1_IN_IRQHandler                 0x08000293   Thumb Code     0  startup_stm32f407xx.o(.text)
    OTG_HS_EP1_OUT_IRQHandler                0x08000293   Thumb Code     0  startup_stm32f407xx.o(.text)
    OTG_HS_IRQHandler                        0x08000293   Thumb Code     0  startup_stm32f407xx.o(.text)
    OTG_HS_WKUP_IRQHandler                   0x08000293   Thumb Code     0  startup_stm32f407xx.o(.text)
    PVD_IRQHandler                           0x08000293   Thumb Code     0  startup_stm32f407xx.o(.text)
    RCC_IRQHandler                           0x08000293   Thumb Code     0  startup_stm32f407xx.o(.text)
    RTC_Alarm_IRQHandler                     0x08000293   Thumb Code     0  startup_stm32f407xx.o(.text)
    RTC_WKUP_IRQHandler                      0x08000293   Thumb Code     0  startup_stm32f407xx.o(.text)
    SDIO_IRQHandler                          0x08000293   Thumb Code     0  startup_stm32f407xx.o(.text)
    SPI1_IRQHandler                          0x08000293   Thumb Code     0  startup_stm32f407xx.o(.text)
    SPI2_IRQHandler                          0x08000293   Thumb Code     0  startup_stm32f407xx.o(.text)
    SPI3_IRQHandler                          0x08000293   Thumb Code     0  startup_stm32f407xx.o(.text)
    TAMP_STAMP_IRQHandler                    0x08000293   Thumb Code     0  startup_stm32f407xx.o(.text)
    TIM1_BRK_TIM9_IRQHandler                 0x08000293   Thumb Code     0  startup_stm32f407xx.o(.text)
    TIM1_CC_IRQHandler                       0x08000293   Thumb Code     0  startup_stm32f407xx.o(.text)
    TIM1_TRG_COM_TIM11_IRQHandler            0x08000293   Thumb Code     0  startup_stm32f407xx.o(.text)
    TIM1_UP_TIM10_IRQHandler                 0x08000293   Thumb Code     0  startup_stm32f407xx.o(.text)
    TIM2_IRQHandler                          0x08000293   Thumb Code     0  startup_stm32f407xx.o(.text)
    TIM3_IRQHandler                          0x08000293   Thumb Code     0  startup_stm32f407xx.o(.text)
    TIM4_IRQHandler                          0x08000293   Thumb Code     0  startup_stm32f407xx.o(.text)
    TIM5_IRQHandler                          0x08000293   Thumb Code     0  startup_stm32f407xx.o(.text)
    TIM6_DAC_IRQHandler                      0x08000293   Thumb Code     0  startup_stm32f407xx.o(.text)
    TIM7_IRQHandler                          0x08000293   Thumb Code     0  startup_stm32f407xx.o(.text)
    TIM8_BRK_TIM12_IRQHandler                0x08000293   Thumb Code     0  startup_stm32f407xx.o(.text)
    TIM8_CC_IRQHandler                       0x08000293   Thumb Code     0  startup_stm32f407xx.o(.text)
    TIM8_TRG_COM_TIM14_IRQHandler            0x08000293   Thumb Code     0  startup_stm32f407xx.o(.text)
    TIM8_UP_TIM13_IRQHandler                 0x08000293   Thumb Code     0  startup_stm32f407xx.o(.text)
    UART4_IRQHandler                         0x08000293   Thumb Code     0  startup_stm32f407xx.o(.text)
    UART5_IRQHandler                         0x08000293   Thumb Code     0  startup_stm32f407xx.o(.text)
    USART1_IRQHandler                        0x08000293   Thumb Code     0  startup_stm32f407xx.o(.text)
    USART2_IRQHandler                        0x08000293   Thumb Code     0  startup_stm32f407xx.o(.text)
    USART6_IRQHandler                        0x08000293   Thumb Code     0  startup_stm32f407xx.o(.text)
    WWDG_IRQHandler                          0x08000293   Thumb Code     0  startup_stm32f407xx.o(.text)
    system_call                              0x0800029d   Thumb Code    18  syscall_ccarm.o(.text)
    call_test                                0x080002af   Thumb Code    18  syscall_ccarm.o(.text)
    fork                                     0x080002c1   Thumb Code    18  syscall_ccarm.o(.text)
    __aeabi_uldivmod                         0x080002d3   Thumb Code    98  uldiv.o(.text)
    ___aeabi_memcpy8$move                    0x08000335   Thumb Code     0  memmovea.o(.text)
    __aeabi_memcpy                           0x08000335   Thumb Code    64  memmovea.o(.text)
    __aeabi_memcpy4                          0x08000335   Thumb Code     0  memmovea.o(.text)
    __aeabi_memmove                          0x08000335   Thumb Code     0  memmovea.o(.text)
    __aeabi_memmove4                         0x08000335   Thumb Code     0  memmovea.o(.text)
    __aeabi_memmove8                         0x08000335   Thumb Code     0  memmovea.o(.text)
    __aeabi_memset                           0x08000375   Thumb Code    14  memseta.o(.text)
    __aeabi_memset4                          0x08000375   Thumb Code     0  memseta.o(.text)
    __aeabi_memset8                          0x08000375   Thumb Code     0  memseta.o(.text)
    __aeabi_memclr                           0x08000383   Thumb Code     4  memseta.o(.text)
    __aeabi_memclr4                          0x08000383   Thumb Code     0  memseta.o(.text)
    __aeabi_memclr8                          0x08000383   Thumb Code     0  memseta.o(.text)
    _memset$wrapper                          0x08000387   Thumb Code    18  memseta.o(.text)
    strncpy                                  0x08000399   Thumb Code    24  strncpy.o(.text)
    strlen                                   0x080003b1   Thumb Code    14  strlen.o(.text)
    strcmp                                   0x080003bf   Thumb Code    28  strcmp.o(.text)
    memcmp                                   0x080003db   Thumb Code    26  memcmp.o(.text)
    strncmp                                  0x080003f5   Thumb Code    30  strncmp.o(.text)
    strrchr                                  0x08000413   Thumb Code    32  strrchr.o(.text)
    strtoul                                  0x08000433   Thumb Code   114  strtoul.o(.text)
    __aeabi_dmul                             0x080004a5   Thumb Code   228  dmul.o(.text)
    __aeabi_i2d                              0x08000589   Thumb Code    34  dflti.o(.text)
    __aeabi_d2uiz                            0x080005ab   Thumb Code    50  dfixui.o(.text)
    __aeabi_uidiv                            0x080005dd   Thumb Code     0  uidiv.o(.text)
    __aeabi_uidivmod                         0x080005dd   Thumb Code    44  uidiv.o(.text)
    __aeabi_llsl                             0x08000609   Thumb Code    30  llshl.o(.text)
    _ll_shift_l                              0x08000609   Thumb Code     0  llshl.o(.text)
    __aeabi_llsr                             0x08000627   Thumb Code    32  llushr.o(.text)
    _ll_ushift_r                             0x08000627   Thumb Code     0  llushr.o(.text)
    __rt_ctype_table                         0x08000649   Thumb Code     4  ctype_o.o(.text)
    _strtoul                                 0x08000651   Thumb Code   158  _strtoul.o(.text)
    __I$use$fp                               0x080006ef   Thumb Code     0  iusefp.o(.text)
    _double_round                            0x080006ef   Thumb Code    30  depilogue.o(.text)
    _double_epilogue                         0x0800070d   Thumb Code   156  depilogue.o(.text)
    __aeabi_dadd                             0x080007a9   Thumb Code   322  dadd.o(.text)
    __aeabi_dsub                             0x080008eb   Thumb Code     6  dadd.o(.text)
    __aeabi_drsub                            0x080008f1   Thumb Code     6  dadd.o(.text)
    __aeabi_ddiv                             0x080008f7   Thumb Code   222  ddiv.o(.text)
    __aeabi_d2ulz                            0x080009d5   Thumb Code    48  dfixul.o(.text)
    __aeabi_cdrcmple                         0x08000a05   Thumb Code    48  cdrcmple.o(.text)
    __scatterload                            0x08000a35   Thumb Code    28  init.o(.text)
    __scatterload_rt2                        0x08000a35   Thumb Code     0  init.o(.text)
    __aeabi_lasr                             0x08000a59   Thumb Code    36  llsshr.o(.text)
    _ll_sshift_r                             0x08000a59   Thumb Code     0  llsshr.o(.text)
    _chval                                   0x08000a7d   Thumb Code    28  _chval.o(.text)
    __decompress                             0x08000a99   Thumb Code     0  __dczerorl2.o(.text)
    __decompress1                            0x08000a99   Thumb Code    86  __dczerorl2.o(.text)
    BusFault_Handler                         0x08000aef   Thumb Code     4  stm32f4xx_it.o(i.BusFault_Handler)
    DMA1_Stream1_IRQHandler                  0x08000af5   Thumb Code    10  stm32f4xx_it.o(i.DMA1_Stream1_IRQHandler)
    DMA1_Stream3_IRQHandler                  0x08000b05   Thumb Code    10  stm32f4xx_it.o(i.DMA1_Stream3_IRQHandler)
    DebugMon_Handler                         0x08000c1f   Thumb Code     2  stm32f4xx_it.o(i.DebugMon_Handler)
    Error_Handler                            0x08000c21   Thumb Code     4  main.o(i.Error_Handler)
    HAL_DMA_Abort_IT                         0x08000c25   Thumb Code    40  stm32f4xx_hal_dma.o(i.HAL_DMA_Abort_IT)
    HAL_DMA_IRQHandler                       0x08000c4d   Thumb Code   574  stm32f4xx_hal_dma.o(i.HAL_DMA_IRQHandler)
    HAL_DMA_Init                             0x08000e95   Thumb Code   232  stm32f4xx_hal_dma.o(i.HAL_DMA_Init)
    HAL_DMA_Start_IT                         0x08000f81   Thumb Code   158  stm32f4xx_hal_dma.o(i.HAL_DMA_Start_IT)
    HAL_GPIO_Init                            0x08001021   Thumb Code   466  stm32f4xx_hal_gpio.o(i.HAL_GPIO_Init)
    HAL_GPIO_ReadPin                         0x08001221   Thumb Code    16  stm32f4xx_hal_gpio.o(i.HAL_GPIO_ReadPin)
    HAL_GPIO_WritePin                        0x08001231   Thumb Code    12  stm32f4xx_hal_gpio.o(i.HAL_GPIO_WritePin)
    HAL_GetTick                              0x0800123d   Thumb Code     6  stm32f4xx_hal.o(i.HAL_GetTick)
    HAL_IncTick                              0x08001249   Thumb Code    12  stm32f4xx_hal.o(i.HAL_IncTick)
    HAL_Init                                 0x08001259   Thumb Code    54  stm32f4xx_hal.o(i.HAL_Init)
    HAL_InitTick                             0x08001295   Thumb Code    36  stm32f4xx_hal.o(i.HAL_InitTick)
    HAL_MspInit                              0x080012bd   Thumb Code    86  stm32f4xx_hal_msp.o(i.HAL_MspInit)
    HAL_NVIC_EnableIRQ                       0x08001313   Thumb Code    26  stm32f4xx_hal_cortex.o(i.HAL_NVIC_EnableIRQ)
    HAL_NVIC_SetPriority                     0x0800132d   Thumb Code   124  stm32f4xx_hal_cortex.o(i.HAL_NVIC_SetPriority)
    HAL_NVIC_SetPriorityGrouping             0x080013a9   Thumb Code    32  stm32f4xx_hal_cortex.o(i.HAL_NVIC_SetPriorityGrouping)
    HAL_NVIC_SystemReset                     0x080013d1   Thumb Code    60  stm32f4xx_hal_cortex.o(i.HAL_NVIC_SystemReset)
    HAL_RCC_ClockConfig                      0x08001415   Thumb Code   446  stm32f4xx_hal_rcc.o(i.HAL_RCC_ClockConfig)
    HAL_RCC_GetHCLKFreq                      0x080015e5   Thumb Code     6  stm32f4xx_hal_rcc.o(i.HAL_RCC_GetHCLKFreq)
    HAL_RCC_GetPCLK1Freq                     0x080015f1   Thumb Code    36  stm32f4xx_hal_rcc.o(i.HAL_RCC_GetPCLK1Freq)
    HAL_RCC_GetPCLK2Freq                     0x0800161d   Thumb Code    36  stm32f4xx_hal_rcc.o(i.HAL_RCC_GetPCLK2Freq)
    HAL_RCC_GetSysClockFreq                  0x08001649   Thumb Code   168  stm32f4xx_hal_rcc.o(i.HAL_RCC_GetSysClockFreq)
    HAL_RCC_OscConfig                        0x080016fd   Thumb Code  1090  stm32f4xx_hal_rcc.o(i.HAL_RCC_OscConfig)
    HAL_SYSTICK_CLKSourceConfig              0x08001b49   Thumb Code    40  stm32f4xx_hal_cortex.o(i.HAL_SYSTICK_CLKSourceConfig)
    HAL_SYSTICK_Callback                     0x08001b71   Thumb Code     8  kern_port_cm3.o(i.HAL_SYSTICK_Callback)
    HAL_SYSTICK_Config                       0x08001b79   Thumb Code    52  stm32f4xx_hal_cortex.o(i.HAL_SYSTICK_Config)
    HAL_SYSTICK_IRQHandler                   0x08001bad   Thumb Code     8  stm32f4xx_hal_cortex.o(i.HAL_SYSTICK_IRQHandler)
    HAL_TIM_Base_Init                        0x08001bb5   Thumb Code    52  stm32f4xx_hal_tim.o(i.HAL_TIM_Base_Init)
    HAL_TIM_Base_MspInit                     0x08001be9   Thumb Code    44  stm32f4xx_hal_msp.o(i.HAL_TIM_Base_MspInit)
    HAL_TIM_MspPostInit                      0x08001c1d   Thumb Code    44  stm32f4xx_hal_msp.o(i.HAL_TIM_MspPostInit)
    HAL_TIM_PWM_ConfigChannel                0x08001c51   Thumb Code   264  stm32f4xx_hal_tim.o(i.HAL_TIM_PWM_ConfigChannel)
    HAL_TIM_PWM_Init                         0x08001d59   Thumb Code    52  stm32f4xx_hal_tim.o(i.HAL_TIM_PWM_Init)
    HAL_TIM_PWM_MspInit                      0x08001d8d   Thumb Code     2  stm32f4xx_hal_tim.o(i.HAL_TIM_PWM_MspInit)
    HAL_TIM_PWM_Start                        0x08001d91   Thumb Code    68  stm32f4xx_hal_tim.o(i.HAL_TIM_PWM_Start)
    HAL_TIM_PWM_Stop                         0x08001ddd   Thumb Code   126  stm32f4xx_hal_tim.o(i.HAL_TIM_PWM_Stop)
    HAL_UART_ErrorCallback                   0x08001e65   Thumb Code     2  stm32f4xx_hal_uart.o(i.HAL_UART_ErrorCallback)
    HAL_UART_IRQHandler                      0x08001e69   Thumb Code   326  stm32f4xx_hal_uart.o(i.HAL_UART_IRQHandler)
    HAL_UART_Init                            0x08001fb5   Thumb Code   114  stm32f4xx_hal_uart.o(i.HAL_UART_Init)
    HAL_UART_MspInit                         0x08002029   Thumb Code   292  stm32f4xx_hal_msp.o(i.HAL_UART_MspInit)
    HAL_UART_Receive_DMA                     0x0800216d   Thumb Code   182  stm32f4xx_hal_uart.o(i.HAL_UART_Receive_DMA)
    HAL_UART_Receive_IT                      0x08002231   Thumb Code   100  stm32f4xx_hal_uart.o(i.HAL_UART_Receive_IT)
    HAL_UART_RxCpltCallback                  0x08002295   Thumb Code    38  project3_main.o(i.HAL_UART_RxCpltCallback)
    HAL_UART_RxHalfCpltCallback              0x080022c5   Thumb Code     2  stm32f4xx_hal_uart.o(i.HAL_UART_RxHalfCpltCallback)
    HAL_UART_Transmit                        0x080022c7   Thumb Code   214  stm32f4xx_hal_uart.o(i.HAL_UART_Transmit)
    HAL_UART_Transmit_DMA                    0x0800239d   Thumb Code   142  stm32f4xx_hal_uart.o(i.HAL_UART_Transmit_DMA)
    HAL_UART_Transmit_IT                     0x08002439   Thumb Code    88  stm32f4xx_hal_uart.o(i.HAL_UART_Transmit_IT)
    HAL_UART_TxCpltCallback                  0x08002491   Thumb Code    38  project3_main.o(i.HAL_UART_TxCpltCallback)
    HAL_UART_TxHalfCpltCallback              0x080024c1   Thumb Code     2  stm32f4xx_hal_uart.o(i.HAL_UART_TxHalfCpltCallback)
    HardFault_Handler_C                      0x080024c5   Thumb Code    46  board_fsm4.o(i.HardFault_Handler_C)
    MemManage_Handler                        0x08002761   Thumb Code     4  stm32f4xx_it.o(i.MemManage_Handler)
    NMI_Handler                              0x08002765   Thumb Code     2  stm32f4xx_it.o(i.NMI_Handler)
    SVC_Handler_dispatch                     0x080027a1   Thumb Code    64  syscall.o(i.SVC_Handler_dispatch)
    SysTick_Handler                          0x08002829   Thumb Code    12  stm32f4xx_it.o(i.SysTick_Handler)
    SystemClock_Config                       0x08002835   Thumb Code   190  main.o(i.SystemClock_Config)
    SystemInit                               0x080028fd   Thumb Code    82  system_stm32f4xx.o(i.SystemInit)
    TIM_Base_SetConfig                       0x08002961   Thumb Code   184  stm32f4xx_hal_tim.o(i.TIM_Base_SetConfig)
    TIM_CCxChannelCmd                        0x08002a45   Thumb Code    28  stm32f4xx_hal_tim.o(i.TIM_CCxChannelCmd)
    TIM_OC2_SetConfig                        0x08002ad1   Thumb Code   112  stm32f4xx_hal_tim.o(i.TIM_OC2_SetConfig)
    USART3_IRQHandler                        0x08003249   Thumb Code    10  stm32f4xx_it.o(i.USART3_IRQHandler)
    UsageFault_Handler                       0x08003259   Thumb Code     4  stm32f4xx_it.o(i.UsageFault_Handler)
    __0vsnprintf                             0x0800325d   Thumb Code    40  printfa.o(i.__0vsnprintf)
    __1vsnprintf                             0x0800325d   Thumb Code     0  printfa.o(i.__0vsnprintf)
    __2vsnprintf                             0x0800325d   Thumb Code     0  printfa.o(i.__0vsnprintf)
    __c89vsnprintf                           0x0800325d   Thumb Code     0  printfa.o(i.__0vsnprintf)
    vsnprintf                                0x0800325d   Thumb Code     0  printfa.o(i.__0vsnprintf)
    __aeabi_errno_addr                       0x08003289   Thumb Code     4  errno.o(i.__aeabi_errno_addr)
    __rt_errno_addr                          0x08003289   Thumb Code     0  errno.o(i.__aeabi_errno_addr)
    __kfifo_get                              0x08003297   Thumb Code   120  kfifo.o(i.__kfifo_get)
    __kfifo_put                              0x0800330f   Thumb Code   128  kfifo.o(i.__kfifo_put)
    __scatterload_copy                       0x0800338f   Thumb Code    14  handlers.o(i.__scatterload_copy)
    __scatterload_null                       0x0800339d   Thumb Code     2  handlers.o(i.__scatterload_null)
    __scatterload_zeroinit                   0x0800339f   Thumb Code    14  handlers.o(i.__scatterload_zeroinit)
    __task_wait                              0x080033ad   Thumb Code    84  task.o(i.__task_wait)
    app_main                                 0x08003d45   Thumb Code    18  app_fsm4.o(i.app_main)
    assert_fail                              0x08003d85   Thumb Code    28  debug.o(i.assert_fail)
    audio_close                              0x08003dfb   Thumb Code    14  project4_main.o(i.audio_close)
    audio_control                            0x08003e09   Thumb Code    16  project4_main.o(i.audio_control)
    audio_init                               0x08003e1d   Thumb Code    14  project4_main.o(i.audio_init)
    audio_open                               0x08003e2b   Thumb Code    14  project4_main.o(i.audio_open)
    audio_write                              0x08003e39   Thumb Code    46  project4_main.o(i.audio_write)
    beep_init                                0x08003e6d   Thumb Code    12  beep.o(i.beep_init)
    beep_off                                 0x08003f55   Thumb Code    12  beep.o(i.beep_off)
    beep_on                                  0x08003f6d   Thumb Code    12  beep.o(i.beep_on)
    beep_player_init                         0x08003f85   Thumb Code    22  project4_main.o(i.beep_player_init)
    beep_set                                 0x08003f9d   Thumb Code    40  beep.o(i.beep_set)
    beep_song_decode_init                    0x080040e5   Thumb Code    14  decode.o(i.beep_song_decode_init)
    beep_song_get_data                       0x0800416d   Thumb Code    40  decode.o(i.beep_song_get_data)
    beep_song_get_len                        0x08004195   Thumb Code    32  decode.o(i.beep_song_get_len)
    beep_song_get_name                       0x080041b5   Thumb Code    24  decode.o(i.beep_song_get_name)
    board_getc                               0x08004265   Thumb Code    36  board_fsm4.o(i.board_getc)
    board_getc_ready                         0x08004291   Thumb Code    10  board_fsm4.o(i.board_getc_ready)
    board_putc                               0x080042a1   Thumb Code    34  board_fsm4.o(i.board_putc)
    board_putc_debug                         0x080042cd   Thumb Code    22  board_fsm4.o(i.board_putc_debug)
    board_putc_ready                         0x080042e9   Thumb Code    10  board_fsm4.o(i.board_putc_ready)
    btn_cb                                   0x080042f9   Thumb Code    38  key.o(i.btn_cb)
    button_register                          0x08004329   Thumb Code   176  button_scan.o(i.button_register)
    button_scan_loop                         0x08004439   Thumb Code    12  button_scan.o(i.button_scan_loop)
    cmd_help                                 0x080045d5   Thumb Code    54  kshell_cmd.o(i.cmd_help)
    cmd_reboot                               0x08004735   Thumb Code    22  kshell_cmd.o(i.cmd_reboot)
    cmd_uartmode                             0x08004841   Thumb Code   152  project3_main.o(i.cmd_uartmode)
    cpu_in_irq                               0x08004959   Thumb Code    14  kern_port_cm3_ccarm.o(i.cpu_in_irq)
    cpu_irq_disabled                         0x08004967   Thumb Code    22  kern_port_cm3_ccarm.o(i.cpu_irq_disabled)
    cpu_schedule_pend                        0x0800497d   Thumb Code     8  kern_port_cm3.o(i.cpu_schedule_pend)
    cpu_task_init                            0x08004985   Thumb Code    16  kern_port_cm3.o(i.cpu_task_init)
    cpu_task_stack_prepair                   0x08004995   Thumb Code   110  kern_port_cm3.o(i.cpu_task_stack_prepair)
    debug_irq_restore                        0x08004a09   Thumb Code    14  debug.o(i.debug_irq_restore)
    debug_irq_save                           0x08004a1d   Thumb Code    14  debug.o(i.debug_irq_save)
    decode_control                           0x08004a31   Thumb Code    36  project4_main.o(i.decode_control)
    decode_read                              0x08004a55   Thumb Code    30  project4_main.o(i.decode_read)
    device_close                             0x08004a75   Thumb Code   102  ios_device.o(i.device_close)
    device_find                              0x08004b31   Thumb Code    12  ios_device.o(i.device_find)
    device_ioctl                             0x08004b85   Thumb Code   102  ios_device.o(i.device_ioctl)
    device_open                              0x08004c41   Thumb Code   106  ios_device.o(i.device_open)
    device_read                              0x08004d01   Thumb Code   102  ios_device.o(i.device_read)
    device_register                          0x08004dbd   Thumb Code   172  ios_device.o(i.device_register)
    device_write                             0x08004ec9   Thumb Code   102  ios_device.o(i.device_write)
    driver_pin_init                          0x08005035   Thumb Code    34  pin_driver.o(i.driver_pin_init)
    driver_pwm_init                          0x08005079   Thumb Code    30  pwm_driver.o(i.driver_pwm_init)
    dumpExceptionStack                       0x080050b5   Thumb Code   180  board_fsm4.o(i.dumpExceptionStack)
    exec_privilege_action                    0x08005289   Thumb Code    14  project1_main.o(i.exec_privilege_action)
    fork_test_task                           0x080053cd   Thumb Code   120  project1_main.o(i.fork_test_task)
    generate_button_event                    0x080054d9   Thumb Code   210  button_scan.o(i.generate_button_event)
    heap_init                                0x08005621   Thumb Code    10  heap.o(i.heap_init)
    in_poll_loop                             0x08005699   Thumb Code     2  board_fsm4.o(i.in_poll_loop)
    ios_device_init                          0x0800569d   Thumb Code    46  ios_device.o(i.ios_device_init)
    ios_fd_close                             0x080056f9   Thumb Code    60  ios_fd.o(i.ios_fd_close)
    ios_fd_free                              0x08005735   Thumb Code   108  ios_fd.o(i.ios_fd_free)
    ios_fd_get_device                        0x08005819   Thumb Code    28  ios_fd.o(i.ios_fd_get_device)
    ios_fd_init                              0x08005835   Thumb Code    38  ios_fd.o(i.ios_fd_init)
    ios_fd_ioctl                             0x0800586d   Thumb Code    58  ios_fd.o(i.ios_fd_ioctl)
    ios_fd_new                               0x080058a9   Thumb Code    86  ios_fd.o(i.ios_fd_new)
    ios_fd_open                              0x0800590d   Thumb Code    96  ios_fd.o(i.ios_fd_open)
    ios_fd_read                              0x0800596d   Thumb Code    58  ios_fd.o(i.ios_fd_read)
    ios_fd_set                               0x080059a9   Thumb Code    84  ios_fd.o(i.ios_fd_set)
    ios_fd_write                             0x08005a35   Thumb Code    58  ios_fd.o(i.ios_fd_write)
    k3_read                                  0x08005a71   Thumb Code    22  gpio_ops.o(i.k3_read)
    k4_read                                  0x08005a8d   Thumb Code    22  gpio_ops.o(i.k4_read)
    k5_read                                  0x08005aa9   Thumb Code    22  gpio_ops.o(i.k5_read)
    k6_read                                  0x08005ac5   Thumb Code    20  gpio_ops.o(i.k6_read)
    kern_init                                0x08005add   Thumb Code    42  kern_init.o(i.kern_init)
    kern_start                               0x08005b19   Thumb Code    14  kern_init.o(i.kern_start)
    kern_test                                0x08005b39   Thumb Code    12  kern_test.o(i.kern_test)
    kern_test_init                           0x08005b59   Thumb Code    14  kern_test.o(i.kern_test_init)
    key_init                                 0x08005c49   Thumb Code    96  key.o(i.key_init)
    keys_init                                0x08005cdd   Thumb Code   190  gpio_ops.o(i.keys_init)
    ksh_auto_complete_internal               0x08005e65   Thumb Code   128  kshell.o(i.ksh_auto_complete_internal)
    ksh_printf                               0x08005fdd   Thumb Code    64  kshell.o(i.ksh_printf)
    kshell_cmd_add                           0x080060b9   Thumb Code    38  kshell_cmd.o(i.kshell_cmd_add)
    kshell_config                            0x080060e5   Thumb Code    50  project3_main.o(i.kshell_config)
    kshell_find_cmd                          0x08006135   Thumb Code    60  kshell_cmd.o(i.kshell_find_cmd)
    kshell_init                              0x08006175   Thumb Code    38  kshell.o(i.kshell_init)
    kshell_lib_init                          0x080061a1   Thumb Code    24  kshell.o(i.kshell_lib_init)
    kshell_loop                              0x080061d1   Thumb Code    40  kshell.o(i.kshell_loop)
    kshell_register                          0x08006209   Thumb Code    12  kshell.o(i.kshell_register)
    ktest_assert                             0x08006229   Thumb Code   108  ktest.o(i.ktest_assert)
    ktest_failed                             0x0800630d   Thumb Code    10  ktest.o(i.ktest_failed)
    ktest_result_get                         0x08006319   Thumb Code     4  ktest.o(i.ktest_result_get)
    ktest_run_test_case                      0x08006641   Thumb Code   194  ktest.o(i.ktest_run_test_case)
    ktest_run_test_suite                     0x080067b9   Thumb Code    42  ktest.o(i.ktest_run_test_suite)
    ktest_run_unit                           0x08006805   Thumb Code    24  ktest.o(i.ktest_run_unit)
    ktest_suite_init                         0x08006821   Thumb Code    82  ktest.o(i.ktest_suite_init)
    lab_init                                 0x080068c1   Thumb Code    14  app_fsm4.o(i.lab_init)
    led_init                                 0x08006a09   Thumb Code    14  led.o(i.led_init)
    led_off                                  0x08006a25   Thumb Code    14  led.o(i.led_off)
    led_on                                   0x08006a41   Thumb Code    14  led.o(i.led_on)
    led_set                                  0x08006a5d   Thumb Code    14  gpio_ops.o(i.led_set)
    led_toggle                               0x08006a71   Thumb Code    30  led.o(i.led_toggle)
    leds_init                                0x08006a9d   Thumb Code    64  gpio_ops.o(i.leds_init)
    main                                     0x08006ae5   Thumb Code    44  main.o(i.main)
    ms_to_tick                               0x08006b11   Thumb Code    56  timer.o(i.ms_to_tick)
    mutex_give                               0x08006b49   Thumb Code   142  mutex.o(i.mutex_give)
    mutex_init                               0x08006c51   Thumb Code    14  mutex.o(i.mutex_init)
    mutex_take                               0x08006c65   Thumb Code   252  mutex.o(i.mutex_take)
    mutex_test_task                          0x08006de9   Thumb Code   158  kern_test.o(i.mutex_test_task)
    my_button_register                       0x08006ef9   Thumb Code    58  button.o(i.my_button_register)
    my_button_start                          0x08007141   Thumb Code    24  button.o(i.my_button_start)
    pin_mode                                 0x080071bd   Thumb Code    46  pin_device.o(i.pin_mode)
    pin_read                                 0x080071ed   Thumb Code    76  pin_device.o(i.pin_read)
    pin_write                                0x0800724d   Thumb Code    60  pin_device.o(i.pin_write)
    player_add_song                          0x08007289   Thumb Code    50  player.o(i.player_add_song)
    player_control                           0x080072bb   Thumb Code   106  player.o(i.player_control)
    player_init                              0x0800739d   Thumb Code   106  project4_main.o(i.player_init)
    player_last                              0x08007445   Thumb Code    92  player.o(i.player_last)
    player_next                              0x080074a1   Thumb Code    94  player.o(i.player_next)
    player_play                              0x080074ff   Thumb Code    36  player.o(i.player_play)
    player_show                              0x08007525   Thumb Code   148  player.o(i.player_show)
    player_start                             0x08007679   Thumb Code   126  player.o(i.player_start)
    player_stop                              0x08007709   Thumb Code    28  player.o(i.player_stop)
    process_buttons                          0x080077d1   Thumb Code    22  button_scan.o(i.process_buttons)
    project1_main                            0x08007895   Thumb Code    72  project1_main.o(i.project1_main)
    project2_main                            0x08007945   Thumb Code    28  project2_main.o(i.project2_main)
    project3_main                            0x0800798d   Thumb Code    18  project3_main.o(i.project3_main)
    project4_main                            0x080079d1   Thumb Code     8  project4_main.o(i.project4_main)
    pwm_disable                              0x08007a2f   Thumb Code    50  pwm_device.o(i.pwm_disable)
    pwm_enable                               0x08007a61   Thumb Code    50  pwm_device.o(i.pwm_enable)
    pwm_init                                 0x08007a93   Thumb Code     6  pwm_device.o(i.pwm_init)
    pwm_set                                  0x08007a99   Thumb Code    62  pwm_device.o(i.pwm_set)
    scan_button                              0x080080a1   Thumb Code   218  button_scan.o(i.scan_button)
    scan_buttons                             0x08008185   Thumb Code    22  button_scan.o(i.scan_buttons)
    sem_give                                 0x08008281   Thumb Code    80  semaphore.o(i.sem_give)
    sem_init                                 0x0800831d   Thumb Code     8  semaphore.o(i.sem_init)
    sem_take                                 0x08008395   Thumb Code   256  semaphore.o(i.sem_take)
    shell_execute                            0x08008621   Thumb Code    46  kshell.o(i.shell_execute)
    stm32_pin_close                          0x08008a6d   Thumb Code     6  pin_driver.o(i.stm32_pin_close)
    stop_smoke                               0x08008dd1   Thumb Code     8  app_fsm4.o(i.stop_smoke)
    sys_call_test                            0x08008e35   Thumb Code    30  syscall.o(i.sys_call_test)
    sys_fork                                 0x08008e75   Thumb Code     8  syscall.o(i.sys_fork)
    sys_system_call                          0x08008e7d   Thumb Code    24  syscall.o(i.sys_system_call)
    syscall_pendsv                           0x08008e95   Thumb Code    10  kern_port_cm3.o(i.syscall_pendsv)
    task_create                              0x08009095   Thumb Code   110  task.o(i.task_create)
    task_delete                              0x08009139   Thumb Code    92  task.o(i.task_delete)
    task_fork                                0x08009215   Thumb Code   154  task.o(i.task_fork)
    task_info                                0x08009309   Thumb Code    64  task.o(i.task_info)
    task_info_all                            0x08009351   Thumb Code    56  task.o(i.task_info_all)
    task_init                                0x080093d5   Thumb Code    26  task.o(i.task_init)
    task_join                                0x080093f9   Thumb Code    40  task.o(i.task_join)
    task_lib_init                            0x08009425   Thumb Code    24  task.o(i.task_lib_init)
    task_lock                                0x08009451   Thumb Code    64  task.o(i.task_lock)
    task_priority                            0x08009909   Thumb Code    16  task.o(i.task_priority)
    task_self                                0x08009981   Thumb Code     6  task.o(i.task_self)
    task_set_priority                        0x0800998d   Thumb Code    82  task.o(i.task_set_priority)
    task_sleep                               0x080099df   Thumb Code    18  timer.o(i.task_sleep)
    task_switch_context_hook                 0x080099f1   Thumb Code     6  task.o(i.task_switch_context_hook)
    task_switch_sp                           0x080099f9   Thumb Code   154  task.o(i.task_switch_sp)
    task_timer_tick                          0x08009b11   Thumb Code    32  task.o(i.task_timer_tick)
    task_unlock                              0x08009b31   Thumb Code    86  task.o(i.task_unlock)
    task_wait_timeout                        0x08009bd1   Thumb Code    86  timer.o(i.task_wait_timeout)
    task_wakeup                              0x08009c31   Thumb Code    14  task.o(i.task_wakeup)
    task_wakeup_all                          0x08009c3f   Thumb Code    16  task.o(i.task_wakeup_all)
    task_wakeup_n                            0x08009c51   Thumb Code   154  task.o(i.task_wakeup_n)
    task_wakeup_the                          0x08009d3d   Thumb Code    68  task.o(i.task_wakeup_the)
    task_yield                               0x08009dc9   Thumb Code    54  task.o(i.task_yield)
    timer_add_oneshot                        0x0800a021   Thumb Code    30  timer.o(i.timer_add_oneshot)
    timer_add_period                         0x0800a03f   Thumb Code    30  timer.o(i.timer_add_period)
    timer_cancel                             0x0800a05d   Thumb Code    76  timer.o(i.timer_cancel)
    timer_init                               0x0800a0ed   Thumb Code    18  timer.o(i.timer_init)
    timer_lib_init                           0x0800a27d   Thumb Code    58  timer.o(i.timer_lib_init)
    timer_tick_isr                           0x0800a4f9   Thumb Code    80  timer.o(i.timer_tick_isr)
    timer_ticks                              0x0800a57d   Thumb Code     6  timer.o(i.timer_ticks)
    trace_printf                             0x0800a5b1   Thumb Code    54  board_fsm4.o(i.trace_printf)
    sys_call_table                           0x0800b028   Data          12  syscall.o(.constdata)
    sys_call_count                           0x0800b034   Data           4  syscall.o(.constdata)
    AHBPrescTable                            0x0800b951   Data          16  system_stm32f4xx.o(.constdata)
    APBPrescTable                            0x0800b961   Data           8  system_stm32f4xx.o(.constdata)
    __ctype_table                            0x0800b971   Data         129  ctype_o.o(.constdata)
    Region$$Table$$Base                      0x0800bd14   Number         0  anon$$obj.o(Region$$Table)
    Region$$Table$$Limit                     0x0800bd34   Number         0  anon$$obj.o(Region$$Table)
    prj_table                                0x20000000   Data          40  app_fsm4.o(.data)
    recv_ctr                                 0x20000030   Data           4  board_fsm4.o(.data)
    send_ctr                                 0x20000034   Data           4  board_fsm4.o(.data)
    ksh_cmd_table                            0x200000dc   Data         192  kshell_cmd.o(.data)
    current_task                             0x200001b8   Data           4  task.o(.data)
    _rq_task_count                           0x200001c4   Data           4  task.o(.data)
    _wq_task_count                           0x200001c8   Data           4  task.o(.data)
    _timer_count                             0x20000204   Data           4  timer.o(.data)
    uart_txrx_mode                           0x200002b8   Data           4  project3_main.o(.data)
    __tx_fifo                                0x200002c0   Data         140  project3_main.o(.data)
    tx_fifo                                  0x2000034c   Data           4  project3_main.o(.data)
    __rx_fifo                                0x20000358   Data         140  project3_main.o(.data)
    rx_fifo                                  0x200003e4   Data           4  project3_main.o(.data)
    SystemCoreClock                          0x20000400   Data           4  system_stm32f4xx.o(.data)
    uwTick                                   0x20000404   Data           4  stm32f4xx_hal.o(.data)
    _task_pool                               0x200013b0   Data       13600  task.o(.bss)
    btn_last                                 0x20004aac   Data          20  key.o(.bss)
    btn_play                                 0x20004ac0   Data          20  key.o(.bss)
    btn_next                                 0x20004ad4   Data          20  key.o(.bss)
    player                                   0x20004b38   Data          68  project4_main.o(.bss)
    htim10                                   0x20004bec   Data          60  main.o(.bss)
    huart1                                   0x20004c28   Data          64  main.o(.bss)
    huart3                                   0x20004c68   Data          64  main.o(.bss)
    hdma_usart3_rx                           0x20004ca8   Data          96  main.o(.bss)
    hdma_usart3_tx                           0x20004d08   Data          96  main.o(.bss)
    __initial_sp                             0x20005168   Data           0  startup_stm32f407xx.o(STACK)



==============================================================================

Memory Map of the image

  Image Entry point : 0x08000189

  Load Region LR_IROM1 (Base: 0x08000000, Size: 0x0000c140, Max: 0x00100000, ABSOLUTE, COMPRESSED[0x0000be68])

    Execution Region ER_IROM1 (Base: 0x08000000, Size: 0x0000bd34, Max: 0x00100000, ABSOLUTE)

    Base Addr    Size         Type   Attr      Idx    E Section Name        Object

    0x08000000   0x00000188   Data   RO            3    RESET               startup_stm32f407xx.o
    0x08000188   0x00000000   Code   RO         5265  * .ARM.Collect$$$$00000000  mc_w.l(entry.o)
    0x08000188   0x00000004   Code   RO         5328    .ARM.Collect$$$$00000001  mc_w.l(entry2.o)
    0x0800018c   0x00000004   Code   RO         5331    .ARM.Collect$$$$00000004  mc_w.l(entry5.o)
    0x08000190   0x00000000   Code   RO         5333    .ARM.Collect$$$$00000008  mc_w.l(entry7b.o)
    0x08000190   0x00000000   Code   RO         5335    .ARM.Collect$$$$0000000A  mc_w.l(entry8b.o)
    0x08000190   0x00000008   Code   RO         5336    .ARM.Collect$$$$0000000B  mc_w.l(entry9a.o)
    0x08000198   0x00000000   Code   RO         5338    .ARM.Collect$$$$0000000D  mc_w.l(entry10a.o)
    0x08000198   0x00000000   Code   RO         5340    .ARM.Collect$$$$0000000F  mc_w.l(entry11a.o)
    0x08000198   0x00000004   Code   RO         5329    .ARM.Collect$$$$00002712  mc_w.l(entry2.o)
    0x0800019c   0x0000001c   Code   RO          288    .emb_text           board_fsm4.o
    0x080001b8   0x00000066   Code   RO          725    .emb_text           kern_port_cm3_ccarm.o
    0x0800021e   0x00000002   PAD
    0x08000220   0x00000058   Code   RO         1743    .emb_text           syscall.o
    0x08000278   0x00000024   Code   RO            4    .text               startup_stm32f407xx.o
    0x0800029c   0x00000036   Code   RO         1799    .text               syscall_ccarm.o
    0x080002d2   0x00000062   Code   RO         5268    .text               mc_w.l(uldiv.o)
    0x08000334   0x00000040   Code   RO         5272    .text               mc_w.l(memmovea.o)
    0x08000374   0x00000024   Code   RO         5274    .text               mc_w.l(memseta.o)
    0x08000398   0x00000018   Code   RO         5276    .text               mc_w.l(strncpy.o)
    0x080003b0   0x0000000e   Code   RO         5278    .text               mc_w.l(strlen.o)
    0x080003be   0x0000001c   Code   RO         5280    .text               mc_w.l(strcmp.o)
    0x080003da   0x0000001a   Code   RO         5282    .text               mc_w.l(memcmp.o)
    0x080003f4   0x0000001e   Code   RO         5284    .text               mc_w.l(strncmp.o)
    0x08000412   0x00000020   Code   RO         5286    .text               mc_w.l(strrchr.o)
    0x08000432   0x00000072   Code   RO         5320    .text               mc_w.l(strtoul.o)
    0x080004a4   0x000000e4   Code   RO         5322    .text               mf_w.l(dmul.o)
    0x08000588   0x00000022   Code   RO         5324    .text               mf_w.l(dflti.o)
    0x080005aa   0x00000032   Code   RO         5326    .text               mf_w.l(dfixui.o)
    0x080005dc   0x0000002c   Code   RO         5343    .text               mc_w.l(uidiv.o)
    0x08000608   0x0000001e   Code   RO         5345    .text               mc_w.l(llshl.o)
    0x08000626   0x00000020   Code   RO         5347    .text               mc_w.l(llushr.o)
    0x08000646   0x00000002   PAD
    0x08000648   0x00000008   Code   RO         5349    .text               mc_w.l(ctype_o.o)
    0x08000650   0x0000009e   Code   RO         5384    .text               mc_w.l(_strtoul.o)
    0x080006ee   0x00000000   Code   RO         5386    .text               mc_w.l(iusefp.o)
    0x080006ee   0x000000ba   Code   RO         5387    .text               mf_w.l(depilogue.o)
    0x080007a8   0x0000014e   Code   RO         5389    .text               mf_w.l(dadd.o)
    0x080008f6   0x000000de   Code   RO         5391    .text               mf_w.l(ddiv.o)
    0x080009d4   0x00000030   Code   RO         5393    .text               mf_w.l(dfixul.o)
    0x08000a04   0x00000030   Code   RO         5395    .text               mf_w.l(cdrcmple.o)
    0x08000a34   0x00000024   Code   RO         5397    .text               mc_w.l(init.o)
    0x08000a58   0x00000024   Code   RO         5399    .text               mc_w.l(llsshr.o)
    0x08000a7c   0x0000001c   Code   RO         5401    .text               mc_w.l(_chval.o)
    0x08000a98   0x00000056   Code   RO         5411    .text               mc_w.l(__dczerorl2.o)
    0x08000aee   0x00000004   Code   RO         2824    i.BusFault_Handler  stm32f4xx_it.o
    0x08000af2   0x00000002   PAD
    0x08000af4   0x00000010   Code   RO         2825    i.DMA1_Stream1_IRQHandler  stm32f4xx_it.o
    0x08000b04   0x00000010   Code   RO         2826    i.DMA1_Stream3_IRQHandler  stm32f4xx_it.o
    0x08000b14   0x00000034   Code   RO         3930    i.DMA_CalcBaseAndBitshift  stm32f4xx_hal_dma.o
    0x08000b48   0x000000aa   Code   RO         3931    i.DMA_CheckFifoParam  stm32f4xx_hal_dma.o
    0x08000bf2   0x0000002c   Code   RO         3932    i.DMA_SetConfig     stm32f4xx_hal_dma.o
    0x08000c1e   0x00000002   Code   RO         2827    i.DebugMon_Handler  stm32f4xx_it.o
    0x08000c20   0x00000004   Code   RO         2760    i.Error_Handler     main.o
    0x08000c24   0x00000028   Code   RO         3934    i.HAL_DMA_Abort_IT  stm32f4xx_hal_dma.o
    0x08000c4c   0x00000248   Code   RO         3938    i.HAL_DMA_IRQHandler  stm32f4xx_hal_dma.o
    0x08000e94   0x000000ec   Code   RO         3939    i.HAL_DMA_Init      stm32f4xx_hal_dma.o
    0x08000f80   0x0000009e   Code   RO         3943    i.HAL_DMA_Start_IT  stm32f4xx_hal_dma.o
    0x0800101e   0x00000002   PAD
    0x08001020   0x00000200   Code   RO         3370    i.HAL_GPIO_Init     stm32f4xx_hal_gpio.o
    0x08001220   0x00000010   Code   RO         3372    i.HAL_GPIO_ReadPin  stm32f4xx_hal_gpio.o
    0x08001230   0x0000000c   Code   RO         3374    i.HAL_GPIO_WritePin  stm32f4xx_hal_gpio.o
    0x0800123c   0x0000000c   Code   RO         3541    i.HAL_GetTick       stm32f4xx_hal.o
    0x08001248   0x00000010   Code   RO         3543    i.HAL_IncTick       stm32f4xx_hal.o
    0x08001258   0x0000003c   Code   RO         3544    i.HAL_Init          stm32f4xx_hal.o
    0x08001294   0x00000028   Code   RO         3545    i.HAL_InitTick      stm32f4xx_hal.o
    0x080012bc   0x00000056   Code   RO         2900    i.HAL_MspInit       stm32f4xx_hal_msp.o
    0x08001312   0x0000001a   Code   RO         5013    i.HAL_NVIC_EnableIRQ  stm32f4xx_hal_cortex.o
    0x0800132c   0x0000007c   Code   RO         5019    i.HAL_NVIC_SetPriority  stm32f4xx_hal_cortex.o
    0x080013a8   0x00000028   Code   RO         5020    i.HAL_NVIC_SetPriorityGrouping  stm32f4xx_hal_cortex.o
    0x080013d0   0x00000044   Code   RO         5021    i.HAL_NVIC_SystemReset  stm32f4xx_hal_cortex.o
    0x08001414   0x000001d0   Code   RO         3682    i.HAL_RCC_ClockConfig  stm32f4xx_hal_rcc.o
    0x080015e4   0x0000000c   Code   RO         3687    i.HAL_RCC_GetHCLKFreq  stm32f4xx_hal_rcc.o
    0x080015f0   0x0000002c   Code   RO         3689    i.HAL_RCC_GetPCLK1Freq  stm32f4xx_hal_rcc.o
    0x0800161c   0x0000002c   Code   RO         3690    i.HAL_RCC_GetPCLK2Freq  stm32f4xx_hal_rcc.o
    0x08001648   0x000000b4   Code   RO         3691    i.HAL_RCC_GetSysClockFreq  stm32f4xx_hal_rcc.o
    0x080016fc   0x0000044c   Code   RO         3694    i.HAL_RCC_OscConfig  stm32f4xx_hal_rcc.o
    0x08001b48   0x00000028   Code   RO         5022    i.HAL_SYSTICK_CLKSourceConfig  stm32f4xx_hal_cortex.o
    0x08001b70   0x00000008   Code   RO          656    i.HAL_SYSTICK_Callback  kern_port_cm3.o
    0x08001b78   0x00000034   Code   RO         5024    i.HAL_SYSTICK_Config  stm32f4xx_hal_cortex.o
    0x08001bac   0x00000008   Code   RO         5025    i.HAL_SYSTICK_IRQHandler  stm32f4xx_hal_cortex.o
    0x08001bb4   0x00000034   Code   RO         4038    i.HAL_TIM_Base_Init  stm32f4xx_hal_tim.o
    0x08001be8   0x00000034   Code   RO         2902    i.HAL_TIM_Base_MspInit  stm32f4xx_hal_msp.o
    0x08001c1c   0x00000034   Code   RO         2903    i.HAL_TIM_MspPostInit  stm32f4xx_hal_msp.o
    0x08001c50   0x00000108   Code   RO         4104    i.HAL_TIM_PWM_ConfigChannel  stm32f4xx_hal_tim.o
    0x08001d58   0x00000034   Code   RO         4107    i.HAL_TIM_PWM_Init  stm32f4xx_hal_tim.o
    0x08001d8c   0x00000002   Code   RO         4109    i.HAL_TIM_PWM_MspInit  stm32f4xx_hal_tim.o
    0x08001d8e   0x00000002   PAD
    0x08001d90   0x0000004c   Code   RO         4111    i.HAL_TIM_PWM_Start  stm32f4xx_hal_tim.o
    0x08001ddc   0x00000088   Code   RO         4114    i.HAL_TIM_PWM_Stop  stm32f4xx_hal_tim.o
    0x08001e64   0x00000002   Code   RO         4698    i.HAL_UART_ErrorCallback  stm32f4xx_hal_uart.o
    0x08001e66   0x00000002   PAD
    0x08001e68   0x0000014c   Code   RO         4701    i.HAL_UART_IRQHandler  stm32f4xx_hal_uart.o
    0x08001fb4   0x00000072   Code   RO         4702    i.HAL_UART_Init     stm32f4xx_hal_uart.o
    0x08002026   0x00000002   PAD
    0x08002028   0x00000144   Code   RO         2905    i.HAL_UART_MspInit  stm32f4xx_hal_msp.o
    0x0800216c   0x000000c4   Code   RO         4706    i.HAL_UART_Receive_DMA  stm32f4xx_hal_uart.o
    0x08002230   0x00000064   Code   RO         4707    i.HAL_UART_Receive_IT  stm32f4xx_hal_uart.o
    0x08002294   0x00000030   Code   RO         2050    i.HAL_UART_RxCpltCallback  project3_main.o
    0x080022c4   0x00000002   Code   RO         4709    i.HAL_UART_RxHalfCpltCallback  stm32f4xx_hal_uart.o
    0x080022c6   0x000000d6   Code   RO         4710    i.HAL_UART_Transmit  stm32f4xx_hal_uart.o
    0x0800239c   0x0000009c   Code   RO         4711    i.HAL_UART_Transmit_DMA  stm32f4xx_hal_uart.o
    0x08002438   0x00000058   Code   RO         4712    i.HAL_UART_Transmit_IT  stm32f4xx_hal_uart.o
    0x08002490   0x00000030   Code   RO         2051    i.HAL_UART_TxCpltCallback  project3_main.o
    0x080024c0   0x00000002   Code   RO         4714    i.HAL_UART_TxHalfCpltCallback  stm32f4xx_hal_uart.o
    0x080024c2   0x00000002   PAD
    0x080024c4   0x00000044   Code   RO          289    i.HardFault_Handler_C  board_fsm4.o
    0x08002508   0x00000048   Code   RO         2761    i.MX_DMA_Init       main.o
    0x08002550   0x00000144   Code   RO         2762    i.MX_GPIO_Init      main.o
    0x08002694   0x0000005c   Code   RO         2763    i.MX_TIM10_Init     main.o
    0x080026f0   0x00000038   Code   RO         2764    i.MX_USART1_UART_Init  main.o
    0x08002728   0x00000038   Code   RO         2765    i.MX_USART3_UART_Init  main.o
    0x08002760   0x00000004   Code   RO         2828    i.MemManage_Handler  stm32f4xx_it.o
    0x08002764   0x00000002   Code   RO         2829    i.NMI_Handler       stm32f4xx_it.o
    0x08002766   0x00000002   PAD
    0x08002768   0x00000010   Code   RO         5026    i.NVIC_GetPriorityGrouping  stm32f4xx_hal_cortex.o
    0x08002778   0x00000028   Code   RO         5027    i.NVIC_SetPriority  stm32f4xx_hal_cortex.o
    0x080027a0   0x00000088   Code   RO         1744    i.SVC_Handler_dispatch  syscall.o
    0x08002828   0x0000000c   Code   RO         2830    i.SysTick_Handler   stm32f4xx_it.o
    0x08002834   0x000000c8   Code   RO         2766    i.SystemClock_Config  main.o
    0x080028fc   0x00000064   Code   RO         2956    i.SystemInit        system_stm32f4xx.o
    0x08002960   0x000000e4   Code   RO         4122    i.TIM_Base_SetConfig  stm32f4xx_hal_tim.o
    0x08002a44   0x0000001c   Code   RO         4123    i.TIM_CCxChannelCmd  stm32f4xx_hal_tim.o
    0x08002a60   0x00000070   Code   RO         4131    i.TIM_OC1_SetConfig  stm32f4xx_hal_tim.o
    0x08002ad0   0x00000078   Code   RO         4132    i.TIM_OC2_SetConfig  stm32f4xx_hal_tim.o
    0x08002b48   0x00000078   Code   RO         4133    i.TIM_OC3_SetConfig  stm32f4xx_hal_tim.o
    0x08002bc0   0x00000060   Code   RO         4134    i.TIM_OC4_SetConfig  stm32f4xx_hal_tim.o
    0x08002c20   0x00000014   Code   RO         4715    i.UART_DMAAbortOnError  stm32f4xx_hal_uart.o
    0x08002c34   0x00000050   Code   RO         4716    i.UART_DMAError     stm32f4xx_hal_uart.o
    0x08002c84   0x00000046   Code   RO         4717    i.UART_DMAReceiveCplt  stm32f4xx_hal_uart.o
    0x08002cca   0x0000000e   Code   RO         4719    i.UART_DMARxHalfCplt  stm32f4xx_hal_uart.o
    0x08002cd8   0x00000036   Code   RO         4721    i.UART_DMATransmitCplt  stm32f4xx_hal_uart.o
    0x08002d0e   0x0000000e   Code   RO         4723    i.UART_DMATxHalfCplt  stm32f4xx_hal_uart.o
    0x08002d1c   0x00000020   Code   RO         4725    i.UART_EndRxTransfer  stm32f4xx_hal_uart.o
    0x08002d3c   0x00000020   Code   RO         4726    i.UART_EndTransmit_IT  stm32f4xx_hal_uart.o
    0x08002d5c   0x00000014   Code   RO         4727    i.UART_EndTxTransfer  stm32f4xx_hal_uart.o
    0x08002d70   0x0000009a   Code   RO         4728    i.UART_Receive_IT   stm32f4xx_hal_uart.o
    0x08002e0a   0x00000002   PAD
    0x08002e0c   0x00000368   Code   RO         4729    i.UART_SetConfig    stm32f4xx_hal_uart.o
    0x08003174   0x00000068   Code   RO         4730    i.UART_Transmit_IT  stm32f4xx_hal_uart.o
    0x080031dc   0x0000006c   Code   RO         4731    i.UART_WaitOnFlagUntilTimeout  stm32f4xx_hal_uart.o
    0x08003248   0x00000010   Code   RO         2831    i.USART3_IRQHandler  stm32f4xx_it.o
    0x08003258   0x00000004   Code   RO         2832    i.UsageFault_Handler  stm32f4xx_it.o
    0x0800325c   0x0000002c   Code   RO         5298    i.__0vsnprintf      mc_w.l(printfa.o)
    0x08003288   0x00000008   Code   RO         5377    i.__aeabi_errno_addr  mc_w.l(errno.o)
    0x08003290   0x00000006   Code   RO         1655    i.__get_CONTROL     project1_main.o
    0x08003296   0x00000078   Code   RO         2023    i.__kfifo_get       kfifo.o
    0x0800330e   0x00000080   Code   RO         2024    i.__kfifo_put       kfifo.o
    0x0800338e   0x0000000e   Code   RO         5405    i.__scatterload_copy  mc_w.l(handlers.o)
    0x0800339c   0x00000002   Code   RO         5406    i.__scatterload_null  mc_w.l(handlers.o)
    0x0800339e   0x0000000e   Code   RO         5407    i.__scatterload_zeroinit  mc_w.l(handlers.o)
    0x080033ac   0x0000008c   Code   RO         1247    i.__task_wait       task.o
    0x08003438   0x00000184   Code   RO         5300    i._fp_digits        mc_w.l(printfa.o)
    0x080035bc   0x000006dc   Code   RO         5301    i._printf_core      mc_w.l(printfa.o)
    0x08003c98   0x00000024   Code   RO         5302    i._printf_post_padding  mc_w.l(printfa.o)
    0x08003cbc   0x0000002e   Code   RO         5303    i._printf_pre_padding  mc_w.l(printfa.o)
    0x08003cea   0x00000016   Code   RO         5304    i._snputc           mc_w.l(printfa.o)
    0x08003d00   0x00000044   Code   RO          778    i.adder_task        kern_test.o
    0x08003d44   0x00000040   Code   RO           13    i.app_main          app_fsm4.o
    0x08003d84   0x0000004c   Code   RO          391    i.assert_fail       debug.o
    0x08003dd0   0x0000002a   Code   RO          779    i.atomic_add        kern_test.o
    0x08003dfa   0x0000000e   Code   RO         2561    i.audio_close       project4_main.o
    0x08003e08   0x00000014   Code   RO         2562    i.audio_control     project4_main.o
    0x08003e1c   0x0000000e   Code   RO         2563    i.audio_init        project4_main.o
    0x08003e2a   0x0000000e   Code   RO         2564    i.audio_open        project4_main.o
    0x08003e38   0x00000034   Code   RO         2565    i.audio_write       project4_main.o
    0x08003e6c   0x00000018   Code   RO         2185    i.beep_init         beep.o
    0x08003e84   0x0000006c   Code   RO         2317    i.beep_key_press_long  key.o
    0x08003ef0   0x00000064   Code   RO         2318    i.beep_key_press_short  key.o
    0x08003f54   0x00000018   Code   RO         2186    i.beep_off          beep.o
    0x08003f6c   0x00000018   Code   RO         2187    i.beep_on           beep.o
    0x08003f84   0x00000016   Code   RO         2566    i.beep_player_init  project4_main.o
    0x08003f9a   0x00000002   PAD
    0x08003f9c   0x00000038   Code   RO         2188    i.beep_set          beep.o
    0x08003fd4   0x00000110   Code   RO         2271    i.beep_song_decode  decode.o
    0x080040e4   0x0000000e   Code   RO         2272    i.beep_song_decode_init  decode.o
    0x080040f2   0x00000002   PAD
    0x080040f4   0x00000078   Code   RO         2273    i.beep_song_decode_new_freq  decode.o
    0x0800416c   0x00000028   Code   RO         2274    i.beep_song_get_data  decode.o
    0x08004194   0x00000020   Code   RO         2275    i.beep_song_get_len  decode.o
    0x080041b4   0x00000018   Code   RO         2276    i.beep_song_get_name  decode.o
    0x080041cc   0x00000098   Code   RO           14    i.blow              app_fsm4.o
    0x08004264   0x0000002c   Code   RO          290    i.board_getc        board_fsm4.o
    0x08004290   0x00000010   Code   RO          291    i.board_getc_ready  board_fsm4.o
    0x080042a0   0x0000002c   Code   RO          292    i.board_putc        board_fsm4.o
    0x080042cc   0x0000001c   Code   RO          293    i.board_putc_debug  board_fsm4.o
    0x080042e8   0x00000010   Code   RO          294    i.board_putc_ready  board_fsm4.o
    0x080042f8   0x00000026   Code   RO         2319    i.btn_cb            key.o
    0x0800431e   0x0000000a   Code   RO         1934    i.button_event_read  project2_main.o
    0x08004328   0x00000110   Code   RO         1803    i.button_register   button_scan.o
    0x08004438   0x0000000c   Code   RO         1804    i.button_scan_loop  button_scan.o
    0x08004444   0x00000016   Code   RO         1935    i.button_scan_task  project2_main.o
    0x0800445a   0x00000002   PAD
    0x0800445c   0x00000064   Code   RO           15    i.check_gpio        app_fsm4.o
    0x080044c0   0x00000028   Code   RO           16    i.check_tim         app_fsm4.o
    0x080044e8   0x0000001c   Code   RO           17    i.check_uart        app_fsm4.o
    0x08004504   0x0000000c   Code   RO         2391    i.close             pin_device.o
    0x08004510   0x0000000c   Code   RO         2638    i.close             pwm_device.o
    0x0800451c   0x000000b8   Code   RO          987    i.cmd_d             kshell_cmd.o
    0x080045d4   0x00000064   Code   RO          988    i.cmd_help          kshell_cmd.o
    0x08004638   0x00000048   Code   RO          989    i.cmd_i             kshell_cmd.o
    0x08004680   0x000000b4   Code   RO           18    i.cmd_prj           app_fsm4.o
    0x08004734   0x00000024   Code   RO          990    i.cmd_reboot        kshell_cmd.o
    0x08004758   0x00000090   Code   RO          991    i.cmd_sleep         kshell_cmd.o
    0x080047e8   0x00000058   Code   RO           19    i.cmd_smoke         app_fsm4.o
    0x08004840   0x00000118   Code   RO         2052    i.cmd_uartmode      project3_main.o
    0x08004958   0x0000000e   Code   RO          726    i.cpu_in_irq        kern_port_cm3_ccarm.o
    0x08004966   0x00000016   Code   RO          728    i.cpu_irq_disabled  kern_port_cm3_ccarm.o
    0x0800497c   0x00000008   Code   RO          657    i.cpu_schedule_pend  kern_port_cm3.o
    0x08004984   0x00000010   Code   RO          658    i.cpu_task_init     kern_port_cm3.o
    0x08004994   0x00000074   Code   RO          659    i.cpu_task_stack_prepair  kern_port_cm3.o
    0x08004a08   0x00000014   Code   RO          392    i.debug_irq_restore  debug.o
    0x08004a1c   0x00000014   Code   RO          393    i.debug_irq_save    debug.o
    0x08004a30   0x00000024   Code   RO         2567    i.decode_control    project4_main.o
    0x08004a54   0x0000001e   Code   RO         2568    i.decode_read       project4_main.o
    0x08004a72   0x00000002   PAD
    0x08004a74   0x000000bc   Code   RO          452    i.device_close      ios_device.o
    0x08004b30   0x0000000c   Code   RO          453    i.device_find       ios_device.o
    0x08004b3c   0x00000048   Code   RO          454    i.device_find_best  ios_device.o
    0x08004b84   0x000000bc   Code   RO          455    i.device_ioctl      ios_device.o
    0x08004c40   0x000000c0   Code   RO          456    i.device_open       ios_device.o
    0x08004d00   0x000000bc   Code   RO          457    i.device_read       ios_device.o
    0x08004dbc   0x0000010c   Code   RO          458    i.device_register   ios_device.o
    0x08004ec8   0x000000bc   Code   RO          460    i.device_write      ios_device.o
    0x08004f84   0x000000b0   Code   RO          992    i.display_mem       kshell_cmd.o
    0x08005034   0x00000044   Code   RO         2431    i.driver_pin_init   pin_driver.o
    0x08005078   0x0000003c   Code   RO         2689    i.driver_pwm_init   pwm_driver.o
    0x080050b4   0x000001d4   Code   RO          295    i.dumpExceptionStack  board_fsm4.o
    0x08005288   0x0000000e   Code   RO         1656    i.exec_privilege_action  project1_main.o
    0x08005296   0x00000002   PAD
    0x08005298   0x00000040   Code   RO          542    i.fd_entry          ios_fd.o
    0x080052d8   0x00000034   Code   RO         1045    i.file_basename     ktest.o
    0x0800530c   0x00000064   Code   RO         1805    i.fire_event        button_scan.o
    0x08005370   0x0000001a   Code   RO         1806    i.fire_event_if_not  button_scan.o
    0x0800538a   0x00000040   Code   RO         1248    i.fls32             task.o
    0x080053ca   0x00000002   PAD
    0x080053cc   0x0000010c   Code   RO         1657    i.fork_test_task    project1_main.o
    0x080054d8   0x000000d2   Code   RO         1807    i.generate_button_event  button_scan.o
    0x080055aa   0x0000001c   Code   RO         2432    i.get_file_name     pin_driver.o
    0x080055c6   0x00000018   Code   RO          865    i.getc_default      kshell.o
    0x080055de   0x0000000c   Code   RO           20    i.gpio_clr          app_fsm4.o
    0x080055ea   0x0000000c   Code   RO           21    i.gpio_read         app_fsm4.o
    0x080055f6   0x0000000c   Code   RO           22    i.gpio_set          app_fsm4.o
    0x08005602   0x0000001e   Code   RO           23    i.gpio_write        app_fsm4.o
    0x08005620   0x00000010   Code   RO          420    i.heap_init         heap.o
    0x08005630   0x00000068   Code   RO         1249    i.idle_task_entry   task.o
    0x08005698   0x00000002   Code   RO          297    i.in_poll_loop      board_fsm4.o
    0x0800569a   0x00000002   PAD
    0x0800569c   0x0000005c   Code   RO          461    i.ios_device_init   ios_device.o
    0x080056f8   0x0000003c   Code   RO          543    i.ios_fd_close      ios_fd.o
    0x08005734   0x000000e4   Code   RO          545    i.ios_fd_free       ios_fd.o
    0x08005818   0x0000001c   Code   RO          546    i.ios_fd_get_device  ios_fd.o
    0x08005834   0x00000038   Code   RO          547    i.ios_fd_init       ios_fd.o
    0x0800586c   0x0000003a   Code   RO          548    i.ios_fd_ioctl      ios_fd.o
    0x080058a6   0x00000002   PAD
    0x080058a8   0x00000064   Code   RO          549    i.ios_fd_new        ios_fd.o
    0x0800590c   0x00000060   Code   RO          550    i.ios_fd_open       ios_fd.o
    0x0800596c   0x0000003a   Code   RO          551    i.ios_fd_read       ios_fd.o
    0x080059a6   0x00000002   PAD
    0x080059a8   0x0000008c   Code   RO          552    i.ios_fd_set        ios_fd.o
    0x08005a34   0x0000003a   Code   RO          553    i.ios_fd_write      ios_fd.o
    0x08005a6e   0x00000002   PAD
    0x08005a70   0x0000001c   Code   RO         1877    i.k3_read           gpio_ops.o
    0x08005a8c   0x0000001c   Code   RO         1878    i.k4_read           gpio_ops.o
    0x08005aa8   0x0000001c   Code   RO         1879    i.k5_read           gpio_ops.o
    0x08005ac4   0x00000018   Code   RO         1880    i.k6_read           gpio_ops.o
    0x08005adc   0x0000003c   Code   RO          635    i.kern_init         kern_init.o
    0x08005b18   0x00000020   Code   RO          636    i.kern_start        kern_init.o
    0x08005b38   0x00000020   Code   RO          780    i.kern_test         kern_test.o
    0x08005b58   0x0000002c   Code   RO          781    i.kern_test_init    kern_test.o
    0x08005b84   0x00000048   Code   RO          782    i.kern_testcase     kern_test.o
    0x08005bcc   0x0000007c   Code   RO         1936    i.key_button_init   project2_main.o
    0x08005c48   0x00000094   Code   RO         2320    i.key_init          key.o
    0x08005cdc   0x000000d4   Code   RO         1881    i.keys_init         gpio_ops.o
    0x08005db0   0x00000046   Code   RO         2053    i.kfifo_get         project3_main.o
    0x08005df6   0x00000038   Code   RO         2054    i.kfifo_put         project3_main.o
    0x08005e2e   0x00000002   PAD
    0x08005e30   0x00000034   Code   RO          866    i.ksh_auto_complete  kshell.o
    0x08005e64   0x0000008c   Code   RO          867    i.ksh_auto_complete_internal  kshell.o
    0x08005ef0   0x00000074   Code   RO          868    i.ksh_execute_internal  kshell.o
    0x08005f64   0x00000078   Code   RO          869    i.ksh_parse_and_exec_cmd  kshell.o
    0x08005fdc   0x00000040   Code   RO          870    i.ksh_printf        kshell.o
    0x0800601c   0x0000009a   Code   RO          871    i.ksh_split_cmdline  kshell.o
    0x080060b6   0x00000002   PAD
    0x080060b8   0x0000002c   Code   RO          993    i.kshell_cmd_add    kshell_cmd.o
    0x080060e4   0x00000050   Code   RO         2055    i.kshell_config     project3_main.o
    0x08006134   0x00000040   Code   RO          994    i.kshell_find_cmd   kshell_cmd.o
    0x08006174   0x0000002c   Code   RO          872    i.kshell_init       kshell.o
    0x080061a0   0x00000030   Code   RO          873    i.kshell_lib_init   kshell.o
    0x080061d0   0x00000038   Code   RO          874    i.kshell_loop       kshell.o
    0x08006208   0x00000010   Code   RO          875    i.kshell_register   kshell.o
    0x08006218   0x00000010   Code   RO          876    i.kshell_task       kshell.o
    0x08006228   0x000000e4   Code   RO         1046    i.ktest_assert      ktest.o
    0x0800630c   0x0000000a   Code   RO         1049    i.ktest_failed      ktest.o
    0x08006316   0x00000002   PAD
    0x08006318   0x00000008   Code   RO         1051    i.ktest_result_get  ktest.o
    0x08006320   0x00000320   Code   RO         1052    i.ktest_run_engine  ktest.o
    0x08006640   0x00000178   Code   RO         1053    i.ktest_run_test_case  ktest.o
    0x080067b8   0x0000004c   Code   RO         1054    i.ktest_run_test_suite  ktest.o
    0x08006804   0x0000001c   Code   RO         1055    i.ktest_run_unit    ktest.o
    0x08006820   0x000000a0   Code   RO         1057    i.ktest_suite_init  ktest.o
    0x080068c0   0x00000030   Code   RO           24    i.lab_init          app_fsm4.o
    0x080068f0   0x000000d4   Code   RO         1937    i.led_blink_task    project2_main.o
    0x080069c4   0x00000044   Code   RO         1938    i.led_dimming       project2_main.o
    0x08006a08   0x0000001c   Code   RO         2355    i.led_init          led.o
    0x08006a24   0x0000001c   Code   RO         2356    i.led_off           led.o
    0x08006a40   0x0000001c   Code   RO         2357    i.led_on            led.o
    0x08006a5c   0x00000014   Code   RO         1882    i.led_set           gpio_ops.o
    0x08006a70   0x0000002c   Code   RO         2358    i.led_toggle        led.o
    0x08006a9c   0x00000048   Code   RO         1883    i.leds_init         gpio_ops.o
    0x08006ae4   0x0000002c   Code   RO         2767    i.main              main.o
    0x08006b10   0x00000038   Code   RO         1545    i.ms_to_tick        timer.o
    0x08006b48   0x00000108   Code   RO         1172    i.mutex_give        mutex.o
    0x08006c50   0x00000014   Code   RO         1173    i.mutex_init        mutex.o
    0x08006c64   0x00000184   Code   RO         1174    i.mutex_take        mutex.o
    0x08006de8   0x00000110   Code   RO          783    i.mutex_test_task   kern_test.o
    0x08006ef8   0x00000040   Code   RO         2240    i.my_button_register  button.o
    0x08006f38   0x00000208   Code   RO         2241    i.my_button_scan    button.o
    0x08007140   0x00000020   Code   RO         2242    i.my_button_start   button.o
    0x08007160   0x00000014   Code   RO         2392    i.open              pin_device.o
    0x08007174   0x00000014   Code   RO         2639    i.open              pwm_device.o
    0x08007188   0x00000034   Code   RO         1250    i.pick_next_rt      task.o
    0x080071bc   0x0000002e   Code   RO         2393    i.pin_mode          pin_device.o
    0x080071ea   0x00000002   PAD
    0x080071ec   0x00000060   Code   RO         2394    i.pin_read          pin_device.o
    0x0800724c   0x0000003c   Code   RO         2395    i.pin_write         pin_device.o
    0x08007288   0x00000032   Code   RO         2501    i.player_add_song   player.o
    0x080072ba   0x0000006a   Code   RO         2502    i.player_control    player.o
    0x08007324   0x00000078   Code   RO         2503    i.player_entry      player.o
    0x0800739c   0x000000a8   Code   RO         2569    i.player_init       project4_main.o
    0x08007444   0x0000005c   Code   RO         2504    i.player_last       player.o
    0x080074a0   0x0000005e   Code   RO         2505    i.player_next       player.o
    0x080074fe   0x00000024   Code   RO         2506    i.player_play       player.o
    0x08007522   0x00000002   PAD
    0x08007524   0x00000154   Code   RO         2507    i.player_show       player.o
    0x08007678   0x00000090   Code   RO         2508    i.player_start      player.o
    0x08007708   0x0000001c   Code   RO         2509    i.player_stop       player.o
    0x08007724   0x000000ac   Code   RO         1658    i.priv_test_task    project1_main.o
    0x080077d0   0x0000001c   Code   RO         1809    i.process_buttons   button_scan.o
    0x080077ec   0x000000a8   Code   RO         1939    i.process_event     project2_main.o
    0x08007894   0x000000b0   Code   RO         1659    i.project1_main     project1_main.o
    0x08007944   0x00000048   Code   RO         1940    i.project2_main     project2_main.o
    0x0800798c   0x00000044   Code   RO         2056    i.project3_main     project3_main.o
    0x080079d0   0x00000008   Code   RO         2570    i.project4_main     project4_main.o
    0x080079d8   0x00000048   Code   RO           25    i.project_list      app_fsm4.o
    0x08007a20   0x0000000e   Code   RO          877    i.putc_default      kshell.o
    0x08007a2e   0x00000032   Code   RO         2640    i.pwm_disable       pwm_device.o
    0x08007a60   0x00000032   Code   RO         2641    i.pwm_enable        pwm_device.o
    0x08007a92   0x00000006   Code   RO         2642    i.pwm_init          pwm_device.o
    0x08007a98   0x0000003e   Code   RO         2643    i.pwm_set           pwm_device.o
    0x08007ad6   0x00000002   PAD
    0x08007ad8   0x00000020   Code   RO          784    i.rand              kern_test.o
    0x08007af8   0x0000008c   Code   RO         1941    i.read_key          project2_main.o
    0x08007b84   0x000000bc   Code   RO         1251    i.ready_queue_get_highest  task.o
    0x08007c40   0x0000009c   Code   RO         1252    i.ready_queue_init  task.o
    0x08007cdc   0x000001a0   Code   RO         1253    i.ready_queue_insert_tail  task.o
    0x08007e7c   0x000001c8   Code   RO         1254    i.ready_queue_remove  task.o
    0x08008044   0x00000044   Code   RO         1255    i.redzone_check     task.o
    0x08008088   0x00000016   Code   RO         1256    i.redzone_fill      task.o
    0x0800809e   0x00000002   PAD
    0x080080a0   0x000000e4   Code   RO         1810    i.scan_button       button_scan.o
    0x08008184   0x0000001c   Code   RO         1811    i.scan_buttons      button_scan.o
    0x080081a0   0x000000e0   Code   RO          785    i.sem_consumer      kern_test.o
    0x08008280   0x0000009c   Code   RO         1222    i.sem_give          semaphore.o
    0x0800831c   0x0000000c   Code   RO         1223    i.sem_init          semaphore.o
    0x08008328   0x0000006c   Code   RO          786    i.sem_producer      kern_test.o
    0x08008394   0x0000018c   Code   RO         1224    i.sem_take          semaphore.o
    0x08008520   0x00000100   Code   RO          787    i.sem_test          kern_test.o
    0x08008620   0x00000038   Code   RO          878    i.shell_execute     kshell.o
    0x08008658   0x00000098   Code   RO          879    i.shell_push_history  kshell.o
    0x080086f0   0x00000288   Code   RO          880    i.shell_readline    kshell.o
    0x08008978   0x00000044   Code   RO          881    i.shell_show_history  kshell.o
    0x080089bc   0x000000b0   Code   RO           26    i.smoke_task        app_fsm4.o
    0x08008a6c   0x00000006   Code   RO         2433    i.stm32_pin_close   pin_driver.o
    0x08008a72   0x0000007e   Code   RO         2434    i.stm32_pin_get     pin_driver.o
    0x08008af0   0x00000100   Code   RO         2435    i.stm32_pin_ioctl   pin_driver.o
    0x08008bf0   0x00000050   Code   RO         2436    i.stm32_pin_open    pin_driver.o
    0x08008c40   0x00000088   Code   RO         2437    i.stm32_pin_read    pin_driver.o
    0x08008cc8   0x00000090   Code   RO         2438    i.stm32_pin_write   pin_driver.o
    0x08008d58   0x00000006   Code   RO         2692    i.stm32_pwm_close   pwm_driver.o
    0x08008d5e   0x00000008   Code   RO         2694    i.stm32_pwm_ioctl   pwm_driver.o
    0x08008d66   0x0000000a   Code   RO         2695    i.stm32_pwm_open    pwm_driver.o
    0x08008d70   0x00000060   Code   RO         2697    i.stm32_pwm_write   pwm_driver.o
    0x08008dd0   0x0000000c   Code   RO           27    i.stop_smoke        app_fsm4.o
    0x08008ddc   0x0000000c   Code   RO          788    i.stop_task         kern_test.o
    0x08008de8   0x00000020   Code   RO          882    i.str_common        kshell.o
    0x08008e08   0x00000016   Code   RO         1660    i.switch_to_privileged_mode  project1_main.o
    0x08008e1e   0x00000016   Code   RO         1661    i.switch_to_user_mode  project1_main.o
    0x08008e34   0x00000040   Code   RO         1745    i.sys_call_test     syscall.o
    0x08008e74   0x00000008   Code   RO         1746    i.sys_fork          syscall.o
    0x08008e7c   0x00000018   Code   RO         1748    i.sys_system_call   syscall.o
    0x08008e94   0x00000010   Code   RO          660    i.syscall_pendsv    kern_port_cm3.o
    0x08008ea4   0x000001f0   Code   RO         1257    i.task_change_state_to  task.o
    0x08009094   0x000000a4   Code   RO         1258    i.task_create       task.o
    0x08009138   0x000000a4   Code   RO         1259    i.task_delete       task.o
    0x080091dc   0x00000038   Code   RO          662    i.task_error        kern_port_cm3.o
    0x08009214   0x000000d0   Code   RO         1260    i.task_fork         task.o
    0x080092e4   0x00000024   Code   RO         1261    i.task_guard        task.o
    0x08009308   0x00000048   Code   RO         1262    i.task_info         task.o
    0x08009350   0x00000084   Code   RO         1263    i.task_info_all     task.o
    0x080093d4   0x00000024   Code   RO         1264    i.task_init         task.o
    0x080093f8   0x0000002c   Code   RO         1265    i.task_join         task.o
    0x08009424   0x0000002c   Code   RO         1266    i.task_lib_init     task.o
    0x08009450   0x00000084   Code   RO         1267    i.task_lock         task.o
    0x080094d4   0x000000e8   Code   RO         1269    i.task_new          task.o
    0x080095bc   0x00000140   Code   RO         1270    i.task_pool_get     task.o
    0x080096fc   0x00000114   Code   RO         1271    i.task_pool_init    task.o
    0x08009810   0x000000f8   Code   RO         1272    i.task_pool_put     task.o
    0x08009908   0x00000010   Code   RO         1273    i.task_priority     task.o
    0x08009918   0x00000068   Code   RO         1275    i.task_schedule     task.o
    0x08009980   0x0000000c   Code   RO         1276    i.task_self         task.o
    0x0800998c   0x00000052   Code   RO         1278    i.task_set_priority  task.o
    0x080099de   0x00000012   Code   RO         1547    i.task_sleep        timer.o
    0x080099f0   0x00000006   Code   RO         1280    i.task_switch_context_hook  task.o
    0x080099f6   0x00000002   PAD
    0x080099f8   0x00000118   Code   RO         1281    i.task_switch_sp    task.o
    0x08009b10   0x00000020   Code   RO         1282    i.task_timer_tick   task.o
    0x08009b30   0x000000a0   Code   RO         1285    i.task_unlock       task.o
    0x08009bd0   0x00000060   Code   RO         1548    i.task_wait_timeout  timer.o
    0x08009c30   0x0000000e   Code   RO         1286    i.task_wakeup       task.o
    0x08009c3e   0x00000010   Code   RO         1287    i.task_wakeup_all   task.o
    0x08009c4e   0x00000002   PAD
    0x08009c50   0x000000ec   Code   RO         1288    i.task_wakeup_n     task.o
    0x08009d3c   0x0000008c   Code   RO         1289    i.task_wakeup_the   task.o
    0x08009dc8   0x0000006c   Code   RO         1290    i.task_yield        task.o
    0x08009e34   0x00000024   Code   RO          789    i.test_mutex        kern_test.o
    0x08009e58   0x00000030   Code   RO         1058    i.test_name_match_wild  ktest.o
    0x08009e88   0x00000008   Code   RO          790    i.test_sem          kern_test.o
    0x08009e90   0x00000090   Code   RO           28    i.tim_pwm_start     app_fsm4.o
    0x08009f20   0x00000016   Code   RO           29    i.tim_pwm_stop      app_fsm4.o
    0x08009f36   0x00000002   PAD
    0x08009f38   0x000000e8   Code   RO         1549    i.timer_add         timer.o
    0x0800a020   0x0000001e   Code   RO         1550    i.timer_add_oneshot  timer.o
    0x0800a03e   0x0000001e   Code   RO         1551    i.timer_add_period  timer.o
    0x0800a05c   0x00000090   Code   RO         1552    i.timer_cancel      timer.o
    0x0800a0ec   0x00000018   Code   RO         1553    i.timer_init        timer.o
    0x0800a104   0x00000178   Code   RO         1554    i.timer_insert      timer.o
    0x0800a27c   0x00000074   Code   RO         1555    i.timer_lib_init    timer.o
    0x0800a2f0   0x00000120   Code   RO         1556    i.timer_remove      timer.o
    0x0800a410   0x000000e8   Code   RO         1557    i.timer_tick_call   timer.o
    0x0800a4f8   0x00000060   Code   RO         1558    i.timer_tick_isr    timer.o
    0x0800a558   0x00000024   Code   RO         1559    i.timer_tick_task   timer.o
    0x0800a57c   0x0000000c   Code   RO         1560    i.timer_ticks       timer.o
    0x0800a588   0x00000028   Code   RO         1291    i.tls_copy          task.o
    0x0800a5b0   0x00000036   Code   RO          298    i.trace_printf      board_fsm4.o
    0x0800a5e6   0x0000001a   Code   RO          299    i.trace_write       board_fsm4.o
    0x0800a600   0x000000a4   Code   RO          462    i.translate_to_rel_path  ios_device.o
    0x0800a6a4   0x00000054   Code   RO         2057    i.uart_getc_DMA     project3_main.o
    0x0800a6f8   0x00000030   Code   RO         2058    i.uart_getc_DMA_ISR  project3_main.o
    0x0800a728   0x00000006   Code   RO         2059    i.uart_getc_IT      project3_main.o
    0x0800a72e   0x00000002   PAD
    0x0800a730   0x00000030   Code   RO         2060    i.uart_getc_IT_ISR  project3_main.o
    0x0800a760   0x0000002c   Code   RO         2061    i.uart_getc_poll    project3_main.o
    0x0800a78c   0x00000054   Code   RO         2062    i.uart_putc_DMA     project3_main.o
    0x0800a7e0   0x00000020   Code   RO         2063    i.uart_putc_DMA_ISR  project3_main.o
    0x0800a800   0x00000002   Code   RO         2064    i.uart_putc_IT      project3_main.o
    0x0800a802   0x00000002   PAD
    0x0800a804   0x00000020   Code   RO         2065    i.uart_putc_IT_ISR  project3_main.o
    0x0800a824   0x0000002c   Code   RO         2066    i.uart_putc_poll    project3_main.o
    0x0800a850   0x00000024   Code   RO         2067    i.uart_start_rx_DMA  project3_main.o
    0x0800a874   0x00000024   Code   RO         2068    i.uart_start_rx_IT  project3_main.o
    0x0800a898   0x0000003c   Code   RO         2069    i.uart_start_tx_DMA  project3_main.o
    0x0800a8d4   0x00000068   Code   RO         2070    i.uart_start_tx_IT  project3_main.o
    0x0800a93c   0x00000004   Code   RO          791    i.unit_test_noop    kern_test.o
    0x0800a940   0x0000009c   Code   RO         1292    i.wait_queue_init   task.o
    0x0800a9dc   0x00000184   Code   RO         1293    i.wait_queue_insert_tail  task.o
    0x0800ab60   0x00000184   Code   RO         1294    i.wait_queue_remove  task.o
    0x0800ace4   0x0000004c   Code   RO         1561    i.wait_timeout_handler  timer.o
    0x0800ad30   0x00000014   Code   RO         2644    i.write             pwm_device.o
    0x0800ad44   0x00000018   Data   RO           31    .constdata          app_fsm4.o
    0x0800ad5c   0x00000067   Data   RO          464    .constdata          ios_device.o
    0x0800adc3   0x00000017   Data   RO          557    .constdata          ios_fd.o
    0x0800adda   0x00000010   Data   RO          793    .constdata          kern_test.o
    0x0800adea   0x00000035   Data   RO         1175    .constdata          mutex.o
    0x0800ae1f   0x00000042   Data   RO         1225    .constdata          semaphore.o
    0x0800ae61   0x00000127   Data   RO         1296    .constdata          task.o
    0x0800af88   0x00000085   Data   RO         1562    .constdata          timer.o
    0x0800b00d   0x0000001a   Data   RO         1663    .constdata          project1_main.o
    0x0800b027   0x00000001   PAD
    0x0800b028   0x00000010   Data   RO         1749    .constdata          syscall.o
    0x0800b038   0x00000029   Data   RO         1943    .constdata          project2_main.o
    0x0800b061   0x00000030   Data   RO         2072    .constdata          project3_main.o
    0x0800b091   0x00000001   PAD
    0x0800b092   0x00000026   Data   RO         2278    .constdata          decode.o
    0x0800b0b8   0x0000002f   Data   RO         2440    .constdata          pin_driver.o
    0x0800b0e7   0x00000848   Data   RO         2572    .constdata          project4_main.o
    0x0800b92f   0x00000022   Data   RO         2699    .constdata          pwm_driver.o
    0x0800b951   0x00000018   Data   RO         2957    .constdata          system_stm32f4xx.o
    0x0800b969   0x00000008   Data   RO         3945    .constdata          stm32f4xx_hal_dma.o
    0x0800b971   0x00000081   Data   RO         5350    .constdata          mc_w.l(ctype_o.o)
    0x0800b9f2   0x00000002   PAD
    0x0800b9f4   0x00000004   Data   RO         5351    .constdata          mc_w.l(ctype_o.o)
    0x0800b9f8   0x000000bd   Data   RO           32    .conststring        app_fsm4.o
    0x0800bab5   0x00000003   PAD
    0x0800bab8   0x0000000e   Data   RO          794    .conststring        kern_test.o
    0x0800bac6   0x00000002   PAD
    0x0800bac8   0x000000a1   Data   RO          995    .conststring        kshell_cmd.o
    0x0800bb69   0x00000003   PAD
    0x0800bb6c   0x00000062   Data   RO         1297    .conststring        task.o
    0x0800bbce   0x00000002   PAD
    0x0800bbd0   0x0000001f   Data   RO         1563    .conststring        timer.o
    0x0800bbef   0x00000001   PAD
    0x0800bbf0   0x00000111   Data   RO         1813    .conststring        button_scan.o
    0x0800bd01   0x00000003   PAD
    0x0800bd04   0x0000000f   Data   RO         2073    .conststring        project3_main.o
    0x0800bd13   0x00000001   PAD
    0x0800bd14   0x00000020   Data   RO         5403    Region$$Table       anon$$obj.o


    Execution Region RW_IRAM1 (Base: 0x20000000, Size: 0x00005168, Max: 0x00020000, ABSOLUTE, COMPRESSED[0x00000134])

    Base Addr    Size         Type   Attr      Idx    E Section Name        Object

    0x20000000   0x00000030   Data   RW           33    .data               app_fsm4.o
    0x20000030   0x00000008   Data   RW          300    .data               board_fsm4.o
    0x20000038   0x00000008   Data   RW          394    .data               debug.o
    0x20000040   0x00000020   Data   RW          425    .data               heap.o
    0x20000060   0x00000010   Data   RW          465    .data               ios_device.o
    0x20000070   0x00000020   Data   RW          558    .data               ios_fd.o
    0x20000090   0x00000044   Data   RW          795    .data               kern_test.o
    0x200000d4   0x000000c8   Data   RW          996    .data               kshell_cmd.o
    0x2000019c   0x00000018   Data   RW         1060    .data               ktest.o
    0x200001b4   0x00000030   Data   RW         1298    .data               task.o
    0x200001e4   0x00000024   Data   RW         1564    .data               timer.o
    0x20000208   0x0000003c   Data   RW         1814    .data               button_scan.o
    0x20000244   0x00000074   Data   RW         1944    .data               project2_main.o
    0x200002b8   0x00000144   Data   RW         2074    .data               project3_main.o
    0x200003fc   0x00000001   Data   RW         2510    .data               player.o
    0x200003fd   0x00000001   Data   RW         2573    .data               project4_main.o
    0x200003fe   0x00000002   PAD
    0x20000400   0x00000004   Data   RW         2958    .data               system_stm32f4xx.o
    0x20000404   0x00000004   Data   RW         3550    .data               stm32f4xx_hal.o
    0x20000408   0x00000004   Data   RW         5380    .data               mc_w.l(errno.o)
    0x2000040c   0x00000030   Zero   RW           30    .bss                app_fsm4.o
    0x2000043c   0x00000400   Zero   RW          424    .bss                heap.o
    0x2000083c   0x00000018   Zero   RW          463    .bss                ios_device.o
    0x20000854   0x00000140   Zero   RW          556    .bss                ios_fd.o
    0x20000994   0x00000040   Zero   RW          792    .bss                kern_test.o
    0x200009d4   0x00000390   Zero   RW          883    .bss                kshell.o
    0x20000d64   0x0000004c   Zero   RW         1059    .bss                ktest.o
    0x20000db0   0x00003b38   Zero   RW         1295    .bss                task.o
    0x200048e8   0x00000010   Zero   RW         1812    .bss                button_scan.o
    0x200048f8   0x00000100   Zero   RW         1942    .bss                project2_main.o
    0x200049f8   0x00000040   Zero   RW         2071    .bss                project3_main.o
    0x20004a38   0x0000005c   Zero   RW         2243    .bss                button.o
    0x20004a94   0x00000018   Zero   RW         2277    .bss                decode.o
    0x20004aac   0x0000003c   Zero   RW         2321    .bss                key.o
    0x20004ae8   0x00000050   Zero   RW         2439    .bss                pin_driver.o
    0x20004b38   0x00000064   Zero   RW         2571    .bss                project4_main.o
    0x20004b9c   0x00000050   Zero   RW         2698    .bss                pwm_driver.o
    0x20004bec   0x0000017c   Zero   RW         2768    .bss                main.o
    0x20004d68   0x00000400   Zero   RW            1    STACK               startup_stm32f407xx.o


==============================================================================

Image component sizes


      Code (inc. data)   RO Data    RW Data    ZI Data      Debug   Object Name

      1192        386        213         48         48     697390   app_fsm4.o
       128         52          0          0          0      10156   beep.o
       794        350          0          8          0       8528   board_fsm4.o
       616        108          0          0         92       3671   button.o
       904        128        273         60         16      13924   button_scan.o
       116         60          0          8          0       2359   debug.o
       502         24         38          0         24       5894   decode.o
       412         58          0          0          0       5042   gpio_ops.o
        16          6          0         32       1024       1488   heap.o
      1552        686        103         16         24      18626   ios_device.o
       946        222         23         32        320       9751   ios_fd.o
        92         36          0          0          0       1117   kern_init.o
       220         48          0          0          0       4169   kern_port_cm3.o
       138          0          0          0          0       6400   kern_port_cm3_ccarm.o
      1210        532         30         68         64      13127   kern_test.o
       394         62          0          0         60       4578   key.o
       248          0          0          0          0       3104   kfifo.o
      1820        186          0          0        912      15050   kshell.o
       820        230        161        200          0       7730   kshell_cmd.o
      1786        784          0         24         76      12214   ktest.o
       128         56          0          0          0       2239   led.o
       848         62          0          0        380       5477   main.o
       672        264         53          0          0       2563   mutex.o
       234         20          0          0          0       4522   pin_device.o
       844        218         47          0         80       9620   pin_driver.o
      1010        218          0          1          0       6588   player.o
       680        290         26          0          0      16053   project1_main.o
       816        256         41        116        256      10455   project2_main.o
      1310        348         63        324         64      16124   project3_main.o
       378         72       2120          1        100       7739   project4_main.o
       220          0          0          0          0       5528   pwm_device.o
       180         88         34          0         80       5670   pwm_driver.o
       564        220         66          0          0       2677   semaphore.o
        36          8        392          0       1024        868   startup_stm32f407xx.o
       128         20          0          4          0       4071   stm32f4xx_hal.o
       414         30          0          0          0      33141   stm32f4xx_hal_cortex.o
      1284         20          8          0          0       6538   stm32f4xx_hal_dma.o
       540         46          0          0          0       3155   stm32f4xx_hal_gpio.o
       514         48          0          0          0       3218   stm32f4xx_hal_msp.o
      1844         80          0          0          0       5756   stm32f4xx_hal_rcc.o
      1286         98          0          0          0       9613   stm32f4xx_hal_tim.o
      2780         42          0          0          0      17667   stm32f4xx_hal_uart.o
        76         18          0          0          0       4623   stm32f4xx_it.o
       320        106         16          0          0       5112   syscall.o
        54          0          0          0          0        452   syscall_ccarm.o
       100         18         24          4          0       1275   system_stm32f4xx.o
      6448       2300        393         48      15160      34543   task.o
      1862        640        164         36          0      12416   timer.o

    ----------------------------------------------------------------------
     39538       9544       4337       1032      19804    1082021   Object Totals
         0          0         32          0          0          0   (incl. Generated)
        62          0         17          2          0          0   (incl. Padding)

    ----------------------------------------------------------------------

      Code (inc. data)   RO Data    RW Data    ZI Data      Debug   Library Member Name

        86          0          0          0          0          0   __dczerorl2.o
        28          0          0          0          0         68   _chval.o
       158          0          0          0          0         92   _strtoul.o
         8          4        133          0          0         68   ctype_o.o
         0          0          0          0          0          0   entry.o
         0          0          0          0          0          0   entry10a.o
         0          0          0          0          0          0   entry11a.o
         8          4          0          0          0          0   entry2.o
         4          0          0          0          0          0   entry5.o
         0          0          0          0          0          0   entry7b.o
         0          0          0          0          0          0   entry8b.o
         8          4          0          0          0          0   entry9a.o
         8          4          0          4          0         68   errno.o
        30          0          0          0          0          0   handlers.o
        36          8          0          0          0         68   init.o
         0          0          0          0          0          0   iusefp.o
        30          0          0          0          0         68   llshl.o
        36          0          0          0          0         68   llsshr.o
        32          0          0          0          0         68   llushr.o
        26          0          0          0          0         80   memcmp.o
        64          0          0          0          0         76   memmovea.o
        36          0          0          0          0        108   memseta.o
      2292         84          0          0          0        516   printfa.o
        28          0          0          0          0         76   strcmp.o
        14          0          0          0          0         68   strlen.o
        30          0          0          0          0         80   strncmp.o
        24          0          0          0          0         76   strncpy.o
        32          0          0          0          0         68   strrchr.o
       114          0          0          0          0         92   strtoul.o
        44          0          0          0          0         80   uidiv.o
        98          0          0          0          0         92   uldiv.o
        48          0          0          0          0         68   cdrcmple.o
       334          0          0          0          0        148   dadd.o
       222          0          0          0          0        100   ddiv.o
       186          0          0          0          0        176   depilogue.o
        50          0          0          0          0         76   dfixui.o
        48          0          0          0          0         68   dfixul.o
        34          0          0          0          0         76   dflti.o
       228          0          0          0          0         96   dmul.o

    ----------------------------------------------------------------------
      4426        108        135          4          0       2788   Library Totals
         2          0          2          0          0          0   (incl. Padding)

    ----------------------------------------------------------------------

      Code (inc. data)   RO Data    RW Data    ZI Data      Debug   Library Name

      3274        108        133          4          0       1980   mc_w.l
      1150          0          0          0          0        808   mf_w.l

    ----------------------------------------------------------------------
      4426        108        135          4          0       2788   Library Totals

    ----------------------------------------------------------------------

==============================================================================


      Code (inc. data)   RO Data    RW Data    ZI Data      Debug   

     43964       9652       4472       1036      19804    1045385   Grand Totals
     43964       9652       4472        308      19804    1045385   ELF Image Totals (compressed)
     43964       9652       4472        308          0          0   ROM Totals

==============================================================================

    Total RO  Size (Code + RO Data)                48436 (  47.30kB)
    Total RW  Size (RW Data + ZI Data)             20840 (  20.35kB)
    Total ROM Size (Code + RO Data + RW Data)      48744 (  47.60kB)

==============================================================================

