Component: ARM Compiler 5.06 update 4 (build 422) Tool: armlink [4d35d2]

==============================================================================

Section Cross References

    startup_stm32f407xx.o(RESET) refers to startup_stm32f407xx.o(STACK) for __initial_sp
    startup_stm32f407xx.o(RESET) refers to startup_stm32f407xx.o(.text) for Reset_Handler
    startup_stm32f407xx.o(RESET) refers to stm32f4xx_it.o(i.NMI_Handler) for NMI_Handler
    startup_stm32f407xx.o(RESET) refers to board_fsm4.o(.emb_text) for HardFault_Handler
    startup_stm32f407xx.o(RESET) refers to stm32f4xx_it.o(i.MemManage_Handler) for MemManage_Handler
    startup_stm32f407xx.o(RESET) refers to stm32f4xx_it.o(i.BusFault_Handler) for BusFault_Handler
    startup_stm32f407xx.o(RESET) refers to stm32f4xx_it.o(i.UsageFault_Handler) for UsageFault_Handler
    startup_stm32f407xx.o(RESET) refers to syscall.o(.emb_text) for SVC_Handler
    startup_stm32f407xx.o(RESET) refers to stm32f4xx_it.o(i.DebugMon_Handler) for DebugMon_Handler
    startup_stm32f407xx.o(RESET) refers to kern_port_cm3_ccarm.o(.emb_text) for PendSV_Handler
    startup_stm32f407xx.o(RESET) refers to stm32f4xx_it.o(i.SysTick_Handler) for SysTick_Handler
    startup_stm32f407xx.o(RESET) refers to stm32f4xx_it.o(i.DMA1_Stream1_IRQHandler) for DMA1_Stream1_IRQHandler
    startup_stm32f407xx.o(RESET) refers to stm32f4xx_it.o(i.DMA1_Stream3_IRQHandler) for DMA1_Stream3_IRQHandler
    startup_stm32f407xx.o(RESET) refers to stm32f4xx_it.o(i.USART3_IRQHandler) for USART3_IRQHandler
    startup_stm32f407xx.o(.text) refers to system_stm32f4xx.o(i.SystemInit) for SystemInit
    startup_stm32f407xx.o(.text) refers to entry.o(.ARM.Collect$$$$00000000) for __main
    app_fsm4.o(i.app_main) refers to app_fsm4.o(i.lab_init) for lab_init
    app_fsm4.o(i.app_main) refers to kshell_cmd.o(i.kshell_cmd_add) for kshell_cmd_add
    app_fsm4.o(i.app_main) refers to app_fsm4.o(i.cmd_smoke) for cmd_smoke
    app_fsm4.o(i.blow) refers to strlen.o(.text) for strlen
    app_fsm4.o(i.blow) refers to stm32f4xx_hal_uart.o(i.HAL_UART_Transmit) for HAL_UART_Transmit
    app_fsm4.o(i.blow) refers to app_fsm4.o(i.gpio_clr) for gpio_clr
    app_fsm4.o(i.blow) refers to app_fsm4.o(i.tim_pwm_start) for tim_pwm_start
    app_fsm4.o(i.blow) refers to timer.o(i.task_sleep) for task_sleep
    app_fsm4.o(i.blow) refers to app_fsm4.o(i.tim_pwm_stop) for tim_pwm_stop
    app_fsm4.o(i.blow) refers to main.o(.bss) for huart1
    app_fsm4.o(i.check_gpio) refers to app_fsm4.o(i.gpio_read) for gpio_read
    app_fsm4.o(i.check_gpio) refers to app_fsm4.o(i.gpio_write) for gpio_write
    app_fsm4.o(i.check_tim) refers to app_fsm4.o(i.gpio_read) for gpio_read
    app_fsm4.o(i.check_tim) refers to app_fsm4.o(i.tim_pwm_start) for tim_pwm_start
    app_fsm4.o(i.check_tim) refers to app_fsm4.o(i.tim_pwm_stop) for tim_pwm_stop
    app_fsm4.o(i.cmd_prj) refers to app_fsm4.o(i.project_list) for project_list
    app_fsm4.o(i.cmd_prj) refers to strtoul.o(.text) for strtoul
    app_fsm4.o(i.cmd_prj) refers to kshell.o(i.ksh_printf) for ksh_printf
    app_fsm4.o(i.cmd_prj) refers to task.o(i.task_create) for task_create
    app_fsm4.o(i.cmd_prj) refers to app_fsm4.o(.data) for prj_table
    app_fsm4.o(i.cmd_smoke) refers to timer.o(i.ms_to_tick) for ms_to_tick
    app_fsm4.o(i.cmd_smoke) refers to timer.o(i.timer_init) for timer_init
    app_fsm4.o(i.cmd_smoke) refers to timer.o(i.timer_add_oneshot) for timer_add_oneshot
    app_fsm4.o(i.cmd_smoke) refers to task.o(i.task_create) for task_create
    app_fsm4.o(i.cmd_smoke) refers to app_fsm4.o(.data) for smoking
    app_fsm4.o(i.cmd_smoke) refers to app_fsm4.o(.bss) for stop_timer
    app_fsm4.o(i.cmd_smoke) refers to app_fsm4.o(i.stop_smoke) for stop_smoke
    app_fsm4.o(i.cmd_smoke) refers to app_fsm4.o(i.smoke_task) for smoke_task
    app_fsm4.o(i.gpio_write) refers to app_fsm4.o(i.gpio_set) for gpio_set
    app_fsm4.o(i.gpio_write) refers to app_fsm4.o(i.gpio_clr) for gpio_clr
    app_fsm4.o(i.lab_init) refers to kshell_cmd.o(i.kshell_cmd_add) for kshell_cmd_add
    app_fsm4.o(i.lab_init) refers to app_fsm4.o(i.cmd_prj) for cmd_prj
    app_fsm4.o(i.project_list) refers to board_fsm4.o(i.trace_printf) for trace_printf
    app_fsm4.o(i.project_list) refers to app_fsm4.o(.data) for prj_table
    app_fsm4.o(i.smoke_task) refers to board_fsm4.o(i.trace_printf) for trace_printf
    app_fsm4.o(i.smoke_task) refers to app_fsm4.o(i.blow) for blow
    app_fsm4.o(i.smoke_task) refers to app_fsm4.o(i.check_uart) for check_uart
    app_fsm4.o(i.smoke_task) refers to app_fsm4.o(i.check_gpio) for check_gpio
    app_fsm4.o(i.smoke_task) refers to app_fsm4.o(i.check_tim) for check_tim
    app_fsm4.o(i.smoke_task) refers to timer.o(i.task_sleep) for task_sleep
    app_fsm4.o(i.smoke_task) refers to app_fsm4.o(i.gpio_read) for gpio_read
    app_fsm4.o(i.smoke_task) refers to timer.o(i.timer_cancel) for timer_cancel
    app_fsm4.o(i.smoke_task) refers to app_fsm4.o(i.tim_pwm_stop) for tim_pwm_stop
[...]
    I2C1_ER_IRQHandler                       0x08000293   Thumb Code     0  startup_stm32f407xx.o(.text)
    I2C1_EV_IRQHandler                       0x08000293   Thumb Code     0  startup_stm32f407xx.o(.text)
    I2C2_ER_IRQHandler                       0x08000293   Thumb Code     0  startup_stm32f407xx.o(.text)
    I2C2_EV_IRQHandler                       0x08000293   Thumb Code     0  startup_stm32f407xx.o(.text)
    I2C3_ER_IRQHandler                       0x08000293   Thumb Code     0  startup_stm32f407xx.o(.text)
    I2C3_EV_IRQHandler                       0x08000293   Thumb Code     0  startup_stm32f407xx.o(.text)
    OTG_FS_IRQHandler                        0x08000293   Thumb Code     0  startup_stm32f407xx.o(.text)
    OTG_FS_WKUP_IRQHandler                   0x08000293   Thumb Code     0  startup_stm32f407xx.o(.text)
    OTG_HS_EP1_IN_IRQHandler                 0x08000293   Thumb Code     0  startup_stm32f407xx.o(.text)
    OTG_HS_EP1_OUT_IRQHandler                0x08000293   Thumb Code     0  startup_stm32f407xx.o(.text)
    OTG_HS_IRQHandler                        0x08000293   Thumb Code     0  startup_stm32f407xx.o(.text)
    OTG_HS_WKUP_IRQHandler                   0x08000293   Thumb Code     0  startup_stm32f407xx.o(.text)
    PVD_IRQHandler                           0x08000293   Thumb Code     0  startup_stm32f407xx.o(.text)
    RCC_IRQHandler                           0x08000293   Thumb Code     0  startup_stm32f407xx.o(.text)
    RTC_Alarm_IRQHandler                     0x08000293   Thumb Code     0  startup_stm32f407xx.o(.text)
    RTC_WKUP_IRQHandler                      0x08000293   Thumb Code     0  startup_stm32f407xx.o(.text)
    SDIO_IRQHandler                          0x08000293   Thumb Code     0  startup_stm32f407xx.o(.text)
    SPI1_IRQHandler                          0x08000293   Thumb Code     0  startup_stm32f407xx.o(.text)
    SPI2_IRQHandler                          0x08000293   Thumb Code     0  startup_stm32f407xx.o(.text)
    SPI3_IRQHandler                          0x08000293   Thumb Code     0  startup_stm32f407xx.o(.text)
    TAMP_STAMP_IRQHandler                    0x08000293   Thumb Code     0  startup_stm32f407xx.o(.text)
    TIM1_BRK_TIM9_IRQHandler                 0x08000293   Thumb Code     0  startup_stm32f407xx.o(.text)
    TIM1_CC_IRQHandler                       0x08000293   Thumb Code     0  startup_stm32f407xx.o(.text)
    TIM1_TRG_COM_TIM11_IRQHandler            0x08000293   Thumb Code     0  startup_stm32f407xx.o(.text)
    TIM1_UP_TIM10_IRQHandler                 0x08000293   Thumb Code     0  startup_stm32f407xx.o(.text)
    TIM2_IRQHandler                          0x08000293   Thumb Code     0  startup_stm32f407xx.o(.text)
    TIM3_IRQHandler                          0x08000293   Thumb Code     0  startup_stm32f407xx.o(.text)
    TIM4_IRQHandler                          0x08000293   Thumb Code     0  startup_stm32f407xx.o(.text)
    TIM5_IRQHandler                          0x08000293   Thumb Code     0  startup_stm32f407xx.o(.text)
    TIM6_DAC_IRQHandler                      0x08000293   Thumb Code     0  startup_stm32f407xx.o(.text)
    TIM7_IRQHandler                          0x08000293   Thumb Code     0  startup_stm32f407xx.o(.text)
    TIM8_BRK_TIM12_IRQHandler                0x08000293   Thumb Code     0  startup_stm32f407xx.o(.text)
    TIM8_CC_IRQHandler                       0x08000293   Thumb Code     0  startup_stm32f407xx.o(.text)
    TIM8_TRG_COM_TIM14_IRQHandler            0x08000293   Thumb Code     0  startup_stm32f407xx.o(.text)
    TIM8_UP_TIM13_IRQHandler                 0x08000293   Thumb Code     0  startup_stm32f407xx.o(.text)
    UART4_IRQHandler                         0x08000293   Thumb Code     0  startup_stm32f407xx.o(.text)
    UART5_IRQHandler                         0x08000293   Thumb Code     0  startup_stm32f407xx.o(.text)
    USART1_IRQHandler                        0x08000293   Thumb Code     0  startup_stm32f407xx.o(.text)
    USART2_IRQHandler                        0x08000293   Thumb Code     0  startup_stm32f407xx.o(.text)
    USART6_IRQHandler                        0x08000293   Thumb Code     0  startup_stm32f407xx.o(.text)
    WWDG_IRQHandler                          0x08000293   Thumb Code     0  startup_stm32f407xx.o(.text)
    system_call                              0x0800029d   Thumb Code    18  syscall_ccarm.o(.text)
    call_test                                0x080002af   Thumb Code    18  syscall_ccarm.o(.text)
    fork                                     0x080002c1   Thumb Code    18  syscall_ccarm.o(.text)
    raise_privilege                          0x080002d3   Thumb Code    18  syscall_ccarm.o(.text)
    __aeabi_uldivmod                         0x080002e5   Thumb Code    98  uldiv.o(.text)
    ___aeabi_memcpy8$move                    0x08000347   Thumb Code     0  memmovea.o(.text)
    __aeabi_memcpy                           0x08000347   Thumb Code    64  memmovea.o(.text)
    __aeabi_memcpy4                          0x08000347   Thumb Code     0  memmovea.o(.text)
    __aeabi_memmove                          0x08000347   Thumb Code     0  memmovea.o(.text)
    __aeabi_memmove4                         0x08000347   Thumb Code     0  memmovea.o(.text)
    __aeabi_memmove8                         0x08000347   Thumb Code     0  memmovea.o(.text)
    __aeabi_memset                           0x08000387   Thumb Code    14  memseta.o(.text)
    __aeabi_memset4                          0x08000387   Thumb Code     0  memseta.o(.text)
    __aeabi_memset8                          0x08000387   Thumb Code     0  memseta.o(.text)
    __aeabi_memclr                           0x08000395   Thumb Code     4  memseta.o(.text)
    __aeabi_memclr4                          0x08000395   Thumb Code     0  memseta.o(.text)
    __aeabi_memclr8                          0x08000395   Thumb Code     0  memseta.o(.text)
    _memset$wrapper                          0x08000399   Thumb Code    18  memseta.o(.text)
    strncpy                                  0x080003ab   Thumb Code    24  strncpy.o(.text)
    strlen                                   0x080003c3   Thumb Code    14  strlen.o(.text)
    strcmp                                   0x080003d1   Thumb Code    28  strcmp.o(.text)
    memcmp                                   0x080003ed   Thumb Code    26  memcmp.o(.text)
    strncmp                                  0x08000407   Thumb Code    30  strncmp.o(.text)
    strrchr                                  0x08000425   Thumb Code    32  strrchr.o(.text)
    strtoul                                  0x08000445   Thumb Code   114  strtoul.o(.text)
    __aeabi_dmul                             0x080004b7   Thumb Code   228  dmul.o(.text)
    __aeabi_i2d                              0x0800059b   Thumb Code    34  dflti.o(.text)
    __aeabi_d2uiz                            0x080005bd   Thumb Code    50  dfixui.o(.text)
    __aeabi_uidiv                            0x080005ef   Thumb Code     0  uidiv.o(.text)
    __aeabi_uidivmod                         0x080005ef   Thumb Code    44  uidiv.o(.text)
    __aeabi_llsl                             0x0800061b   Thumb Code    30  llshl.o(.text)
    _ll_shift_l                              0x0800061b   Thumb Code     0  llshl.o(.text)
    __aeabi_llsr                             0x08000639   Thumb Code    32  llushr.o(.text)
    _ll_ushift_r                             0x08000639   Thumb Code     0  llushr.o(.text)
    __rt_ctype_table                         0x08000659   Thumb Code     4  ctype_o.o(.text)
    _strtoul                                 0x08000661   Thumb Code   158  _strtoul.o(.text)
    __I$use$fp                               0x080006ff   Thumb Code     0  iusefp.o(.text)
    _double_round                            0x080006ff   Thumb Code    30  depilogue.o(.text)
    _double_epilogue                         0x0800071d   Thumb Code   156  depilogue.o(.text)
    __aeabi_dadd                             0x080007b9   Thumb Code   322  dadd.o(.text)
    __aeabi_dsub                             0x080008fb   Thumb Code     6  dadd.o(.text)
    __aeabi_drsub                            0x08000901   Thumb Code     6  dadd.o(.text)
    __aeabi_ddiv                             0x08000907   Thumb Code   222  ddiv.o(.text)
    __aeabi_d2ulz                            0x080009e5   Thumb Code    48  dfixul.o(.text)
    __aeabi_cdrcmple                         0x08000a15   Thumb Code    48  cdrcmple.o(.text)
    __scatterload                            0x08000a45   Thumb Code    28  init.o(.text)
    __scatterload_rt2                        0x08000a45   Thumb Code     0  init.o(.text)
    __aeabi_lasr                             0x08000a69   Thumb Code    36  llsshr.o(.text)
    _ll_sshift_r                             0x08000a69   Thumb Code     0  llsshr.o(.text)
    _chval                                   0x08000a8d   Thumb Code    28  _chval.o(.text)
    __decompress                             0x08000aa9   Thumb Code     0  __dczerorl2.o(.text)
    __decompress1                            0x08000aa9   Thumb Code    86  __dczerorl2.o(.text)
    BusFault_Handler                         0x08000aff   Thumb Code     4  stm32f4xx_it.o(i.BusFault_Handler)
    DMA1_Stream1_IRQHandler                  0x08000b05   Thumb Code    10  stm32f4xx_it.o(i.DMA1_Stream1_IRQHandler)
    DMA1_Stream3_IRQHandler                  0x08000b15   Thumb Code    10  stm32f4xx_it.o(i.DMA1_Stream3_IRQHandler)
    DebugMon_Handler                         0x08000c2f   Thumb Code     2  stm32f4xx_it.o(i.DebugMon_Handler)
    Error_Handler                            0x08000c31   Thumb Code     4  main.o(i.Error_Handler)
    HAL_DMA_Abort_IT                         0x08000c35   Thumb Code    40  stm32f4xx_hal_dma.o(i.HAL_DMA_Abort_IT)
    HAL_DMA_IRQHandler                       0x08000c5d   Thumb Code   574  stm32f4xx_hal_dma.o(i.HAL_DMA_IRQHandler)
    HAL_DMA_Init                             0x08000ea5   Thumb Code   232  stm32f4xx_hal_dma.o(i.HAL_DMA_Init)
    HAL_DMA_Start_IT                         0x08000f91   Thumb Code   158  stm32f4xx_hal_dma.o(i.HAL_DMA_Start_IT)
    HAL_GPIO_Init                            0x08001031   Thumb Code   466  stm32f4xx_hal_gpio.o(i.HAL_GPIO_Init)
    HAL_GPIO_ReadPin                         0x08001231   Thumb Code    16  stm32f4xx_hal_gpio.o(i.HAL_GPIO_ReadPin)
    HAL_GPIO_WritePin                        0x08001241   Thumb Code    12  stm32f4xx_hal_gpio.o(i.HAL_GPIO_WritePin)
    HAL_GetTick                              0x0800124d   Thumb Code     6  stm32f4xx_hal.o(i.HAL_GetTick)
    HAL_IncTick                              0x08001259   Thumb Code    12  stm32f4xx_hal.o(i.HAL_IncTick)
    HAL_Init                                 0x08001269   Thumb Code    54  stm32f4xx_hal.o(i.HAL_Init)
    HAL_InitTick                             0x080012a5   Thumb Code    36  stm32f4xx_hal.o(i.HAL_InitTick)
    HAL_MspInit                              0x080012cd   Thumb Code    86  stm32f4xx_hal_msp.o(i.HAL_MspInit)
    HAL_NVIC_EnableIRQ                       0x08001323   Thumb Code    26  stm32f4xx_hal_cortex.o(i.HAL_NVIC_EnableIRQ)
    HAL_NVIC_SetPriority                     0x0800133d   Thumb Code   124  stm32f4xx_hal_cortex.o(i.HAL_NVIC_SetPriority)
    HAL_NVIC_SetPriorityGrouping             0x080013b9   Thumb Code    32  stm32f4xx_hal_cortex.o(i.HAL_NVIC_SetPriorityGrouping)
    HAL_NVIC_SystemReset                     0x080013e1   Thumb Code    60  stm32f4xx_hal_cortex.o(i.HAL_NVIC_SystemReset)
    HAL_RCC_ClockConfig                      0x08001425   Thumb Code   446  stm32f4xx_hal_rcc.o(i.HAL_RCC_ClockConfig)
    HAL_RCC_GetHCLKFreq                      0x080015f5   Thumb Code     6  stm32f4xx_hal_rcc.o(i.HAL_RCC_GetHCLKFreq)
    HAL_RCC_GetPCLK1Freq                     0x08001601   Thumb Code    36  stm32f4xx_hal_rcc.o(i.HAL_RCC_GetPCLK1Freq)
    HAL_RCC_GetPCLK2Freq                     0x0800162d   Thumb Code    36  stm32f4xx_hal_rcc.o(i.HAL_RCC_GetPCLK2Freq)
    HAL_RCC_GetSysClockFreq                  0x08001659   Thumb Code   168  stm32f4xx_hal_rcc.o(i.HAL_RCC_GetSysClockFreq)
    HAL_RCC_OscConfig                        0x0800170d   Thumb Code  1090  stm32f4xx_hal_rcc.o(i.HAL_RCC_OscConfig)
    HAL_SYSTICK_CLKSourceConfig              0x08001b59   Thumb Code    40  stm32f4xx_hal_cortex.o(i.HAL_SYSTICK_CLKSourceConfig)
    HAL_SYSTICK_Callback                     0x08001b81   Thumb Code     8  kern_port_cm3.o(i.HAL_SYSTICK_Callback)
    HAL_SYSTICK_Config                       0x08001b89   Thumb Code    52  stm32f4xx_hal_cortex.o(i.HAL_SYSTICK_Config)
    HAL_SYSTICK_IRQHandler                   0x08001bbd   Thumb Code     8  stm32f4xx_hal_cortex.o(i.HAL_SYSTICK_IRQHandler)
    HAL_TIM_Base_Init                        0x08001bc5   Thumb Code    52  stm32f4xx_hal_tim.o(i.HAL_TIM_Base_Init)
    HAL_TIM_Base_MspInit                     0x08001bf9   Thumb Code    44  stm32f4xx_hal_msp.o(i.HAL_TIM_Base_MspInit)
    HAL_TIM_MspPostInit                      0x08001c2d   Thumb Code    44  stm32f4xx_hal_msp.o(i.HAL_TIM_MspPostInit)
    HAL_TIM_PWM_ConfigChannel                0x08001c61   Thumb Code   264  stm32f4xx_hal_tim.o(i.HAL_TIM_PWM_ConfigChannel)
    HAL_TIM_PWM_Init                         0x08001d69   Thumb Code    52  stm32f4xx_hal_tim.o(i.HAL_TIM_PWM_Init)
    HAL_TIM_PWM_MspInit                      0x08001d9d   Thumb Code     2  stm32f4xx_hal_tim.o(i.HAL_TIM_PWM_MspInit)
    HAL_TIM_PWM_Start                        0x08001da1   Thumb Code    68  stm32f4xx_hal_tim.o(i.HAL_TIM_PWM_Start)
    HAL_TIM_PWM_Stop                         0x08001ded   Thumb Code   126  stm32f4xx_hal_tim.o(i.HAL_TIM_PWM_Stop)
    HAL_UART_ErrorCallback                   0x08001e75   Thumb Code     2  stm32f4xx_hal_uart.o(i.HAL_UART_ErrorCallback)
    HAL_UART_IRQHandler                      0x08001e79   Thumb Code   326  stm32f4xx_hal_uart.o(i.HAL_UART_IRQHandler)
    HAL_UART_Init                            0x08001fc5   Thumb Code   114  stm32f4xx_hal_uart.o(i.HAL_UART_Init)
    HAL_UART_MspInit                         0x08002039   Thumb Code   292  stm32f4xx_hal_msp.o(i.HAL_UART_MspInit)
    HAL_UART_Receive_DMA                     0x0800217d   Thumb Code   182  stm32f4xx_hal_uart.o(i.HAL_UART_Receive_DMA)
    HAL_UART_Receive_IT                      0x08002241   Thumb Code   100  stm32f4xx_hal_uart.o(i.HAL_UART_Receive_IT)
    HAL_UART_RxCpltCallback                  0x080022a5   Thumb Code    38  project3_main.o(i.HAL_UART_RxCpltCallback)
    HAL_UART_RxHalfCpltCallback              0x080022d5   Thumb Code     2  stm32f4xx_hal_uart.o(i.HAL_UART_RxHalfCpltCallback)
    HAL_UART_Transmit                        0x080022d7   Thumb Code   214  stm32f4xx_hal_uart.o(i.HAL_UART_Transmit)
    HAL_UART_Transmit_DMA                    0x080023ad   Thumb Code   142  stm32f4xx_hal_uart.o(i.HAL_UART_Transmit_DMA)
    HAL_UART_Transmit_IT                     0x08002449   Thumb Code    88  stm32f4xx_hal_uart.o(i.HAL_UART_Transmit_IT)
    HAL_UART_TxCpltCallback                  0x080024a1   Thumb Code    38  project3_main.o(i.HAL_UART_TxCpltCallback)
    HAL_UART_TxHalfCpltCallback              0x080024d1   Thumb Code     2  stm32f4xx_hal_uart.o(i.HAL_UART_TxHalfCpltCallback)
    HardFault_Handler_C                      0x080024d5   Thumb Code    46  board_fsm4.o(i.HardFault_Handler_C)
    MemManage_Handler                        0x08002771   Thumb Code     4  stm32f4xx_it.o(i.MemManage_Handler)
    NMI_Handler                              0x08002775   Thumb Code     2  stm32f4xx_it.o(i.NMI_Handler)
    SVC_Handler_dispatch                     0x080027b1   Thumb Code    64  syscall.o(i.SVC_Handler_dispatch)
    SysTick_Handler                          0x08002839   Thumb Code    12  stm32f4xx_it.o(i.SysTick_Handler)
    SystemClock_Config                       0x08002845   Thumb Code   190  main.o(i.SystemClock_Config)
    SystemInit                               0x0800290d   Thumb Code    82  system_stm32f4xx.o(i.SystemInit)
    TIM_Base_SetConfig                       0x08002971   Thumb Code   184  stm32f4xx_hal_tim.o(i.TIM_Base_SetConfig)
    TIM_CCxChannelCmd                        0x08002a55   Thumb Code    28  stm32f4xx_hal_tim.o(i.TIM_CCxChannelCmd)
    TIM_OC2_SetConfig                        0x08002ae1   Thumb Code   112  stm32f4xx_hal_tim.o(i.TIM_OC2_SetConfig)
    USART3_IRQHandler                        0x08003259   Thumb Code    10  stm32f4xx_it.o(i.USART3_IRQHandler)
    UsageFault_Handler                       0x08003269   Thumb Code     4  stm32f4xx_it.o(i.UsageFault_Handler)
    __0vsnprintf                             0x0800326d   Thumb Code    40  printfa.o(i.__0vsnprintf)
    __1vsnprintf                             0x0800326d   Thumb Code     0  printfa.o(i.__0vsnprintf)
    __2vsnprintf                             0x0800326d   Thumb Code     0  printfa.o(i.__0vsnprintf)
    __c89vsnprintf                           0x0800326d   Thumb Code     0  printfa.o(i.__0vsnprintf)
    vsnprintf                                0x0800326d   Thumb Code     0  printfa.o(i.__0vsnprintf)
    __aeabi_errno_addr                       0x08003299   Thumb Code     4  errno.o(i.__aeabi_errno_addr)
    __rt_errno_addr                          0x08003299   Thumb Code     0  errno.o(i.__aeabi_errno_addr)
    __kfifo_get                              0x080032a7   Thumb Code   120  kfifo.o(i.__kfifo_get)
    __kfifo_put                              0x0800331f   Thumb Code   128  kfifo.o(i.__kfifo_put)
    __scatterload_copy                       0x0800339f   Thumb Code    14  handlers.o(i.__scatterload_copy)
    __scatterload_null                       0x080033ad   Thumb Code     2  handlers.o(i.__scatterload_null)
    __scatterload_zeroinit                   0x080033af   Thumb Code    14  handlers.o(i.__scatterload_zeroinit)
    __task_wait                              0x080033bd   Thumb Code    84  task.o(i.__task_wait)
    app_main                                 0x08003d55   Thumb Code    18  app_fsm4.o(i.app_main)
    assert_fail                              0x08003d95   Thumb Code    28  debug.o(i.assert_fail)
    audio_close                              0x08003e0b   Thumb Code    14  project4_main.o(i.audio_close)
    audio_control                            0x08003e19   Thumb Code    16  project4_main.o(i.audio_control)
    audio_init                               0x08003e2d   Thumb Code    14  project4_main.o(i.audio_init)
    audio_open                               0x08003e3b   Thumb Code    14  project4_main.o(i.audio_open)
    audio_write                              0x08003e49   Thumb Code    46  project4_main.o(i.audio_write)
    beep_init                                0x08003e7d   Thumb Code    12  beep.o(i.beep_init)
    beep_off                                 0x08003f65   Thumb Code    12  beep.o(i.beep_off)
    beep_on                                  0x08003f7d   Thumb Code    12  beep.o(i.beep_on)
    beep_player_init                         0x08003f95   Thumb Code    22  project4_main.o(i.beep_player_init)
    beep_set                                 0x08003fad   Thumb Code    40  beep.o(i.beep_set)
    beep_song_decode_init                    0x080040f5   Thumb Code    14  decode.o(i.beep_song_decode_init)
    beep_song_get_data                       0x0800417d   Thumb Code    40  decode.o(i.beep_song_get_data)
    beep_song_get_len                        0x080041a5   Thumb Code    32  decode.o(i.beep_song_get_len)
    beep_song_get_name                       0x080041c5   Thumb Code    24  decode.o(i.beep_song_get_name)
    board_getc                               0x08004275   Thumb Code    36  board_fsm4.o(i.board_getc)
    board_getc_ready                         0x080042a1   Thumb Code    10  board_fsm4.o(i.board_getc_ready)
    board_putc                               0x080042b1   Thumb Code    34  board_fsm4.o(i.board_putc)
    board_putc_debug                         0x080042dd   Thumb Code    22  board_fsm4.o(i.board_putc_debug)
    board_putc_ready                         0x080042f9   Thumb Code    10  board_fsm4.o(i.board_putc_ready)
    btn_cb                                   0x08004309   Thumb Code    38  key.o(i.btn_cb)
    button_register                          0x08004339   Thumb Code   176  button_scan.o(i.button_register)
    button_scan_loop                         0x08004449   Thumb Code    12  button_scan.o(i.button_scan_loop)
    cmd_help                                 0x080045e5   Thumb Code    54  kshell_cmd.o(i.cmd_help)
    cmd_reboot                               0x08004745   Thumb Code    22  kshell_cmd.o(i.cmd_reboot)
    cmd_uartmode                             0x08004851   Thumb Code   152  project3_main.o(i.cmd_uartmode)
    cpu_in_irq                               0x08004969   Thumb Code    14  kern_port_cm3_ccarm.o(i.cpu_in_irq)
    cpu_irq_disabled                         0x08004977   Thumb Code    22  kern_port_cm3_ccarm.o(i.cpu_irq_disabled)
    cpu_schedule_pend                        0x0800498d   Thumb Code     8  kern_port_cm3.o(i.cpu_schedule_pend)
    cpu_task_init                            0x08004995   Thumb Code    16  kern_port_cm3.o(i.cpu_task_init)
    cpu_task_stack_prepair                   0x080049a5   Thumb Code   110  kern_port_cm3.o(i.cpu_task_stack_prepair)
    debug_irq_restore                        0x08004a19   Thumb Code    14  debug.o(i.debug_irq_restore)
    debug_irq_save                           0x08004a2d   Thumb Code    14  debug.o(i.debug_irq_save)
    decode_control                           0x08004a41   Thumb Code    36  project4_main.o(i.decode_control)
    decode_read                              0x08004a65   Thumb Code    30  project4_main.o(i.decode_read)
    device_close                             0x08004a85   Thumb Code   102  ios_device.o(i.device_close)
    device_find                              0x08004b41   Thumb Code    12  ios_device.o(i.device_find)
    device_ioctl                             0x08004b95   Thumb Code   102  ios_device.o(i.device_ioctl)
    device_open                              0x08004c51   Thumb Code   106  ios_device.o(i.device_open)
    device_read                              0x08004d11   Thumb Code   102  ios_device.o(i.device_read)
    device_register                          0x08004dcd   Thumb Code   172  ios_device.o(i.device_register)
    device_write                             0x08004ed9   Thumb Code   102  ios_device.o(i.device_write)
    driver_pin_init                          0x08005045   Thumb Code    34  pin_driver.o(i.driver_pin_init)
    driver_pwm_init                          0x08005089   Thumb Code    30  pwm_driver.o(i.driver_pwm_init)
    dumpExceptionStack                       0x080050c5   Thumb Code   180  board_fsm4.o(i.dumpExceptionStack)
    exec_privilege_action                    0x08005299   Thumb Code    14  project1_main.o(i.exec_privilege_action)
    fork_test_task                           0x080053dd   Thumb Code   120  project1_main.o(i.fork_test_task)
    generate_button_event                    0x080054e9   Thumb Code   210  button_scan.o(i.generate_button_event)
    heap_init                                0x08005631   Thumb Code    10  heap.o(i.heap_init)
    in_poll_loop                             0x080056a9   Thumb Code     2  board_fsm4.o(i.in_poll_loop)
    ios_device_init                          0x080056ad   Thumb Code    46  ios_device.o(i.ios_device_init)
    ios_fd_close                             0x08005709   Thumb Code    60  ios_fd.o(i.ios_fd_close)
    ios_fd_free                              0x08005745   Thumb Code   108  ios_fd.o(i.ios_fd_free)
    ios_fd_get_device                        0x08005829   Thumb Code    28  ios_fd.o(i.ios_fd_get_device)
    ios_fd_init                              0x08005845   Thumb Code    38  ios_fd.o(i.ios_fd_init)
    ios_fd_ioctl                             0x0800587d   Thumb Code    58  ios_fd.o(i.ios_fd_ioctl)
    ios_fd_new                               0x080058b9   Thumb Code    86  ios_fd.o(i.ios_fd_new)
    ios_fd_open                              0x0800591d   Thumb Code    96  ios_fd.o(i.ios_fd_open)
    ios_fd_read                              0x0800597d   Thumb Code    58  ios_fd.o(i.ios_fd_read)
    ios_fd_set                               0x080059b9   Thumb Code    84  ios_fd.o(i.ios_fd_set)
    ios_fd_write                             0x08005a45   Thumb Code    58  ios_fd.o(i.ios_fd_write)
    k3_read                                  0x08005a81   Thumb Code    22  gpio_ops.o(i.k3_read)
    k4_read                                  0x08005a9d   Thumb Code    22  gpio_ops.o(i.k4_read)
    k5_read                                  0x08005ab9   Thumb Code    22  gpio_ops.o(i.k5_read)
    k6_read                                  0x08005ad5   Thumb Code    20  gpio_ops.o(i.k6_read)
    kern_init                                0x08005aed   Thumb Code    42  kern_init.o(i.kern_init)
    kern_start                               0x08005b29   Thumb Code    14  kern_init.o(i.kern_start)
    kern_test                                0x08005b49   Thumb Code    12  kern_test.o(i.kern_test)
    kern_test_init                           0x08005b69   Thumb Code    14  kern_test.o(i.kern_test_init)
    key_init                                 0x08005c59   Thumb Code    96  key.o(i.key_init)
    keys_init                                0x08005ced   Thumb Code   190  gpio_ops.o(i.keys_init)
    ksh_auto_complete_internal               0x08005e75   Thumb Code   128  kshell.o(i.ksh_auto_complete_internal)
    ksh_printf                               0x08005fed   Thumb Code    64  kshell.o(i.ksh_printf)
    kshell_cmd_add                           0x080060c9   Thumb Code    38  kshell_cmd.o(i.kshell_cmd_add)
    kshell_config                            0x080060f5   Thumb Code    50  project3_main.o(i.kshell_config)
    kshell_find_cmd                          0x08006145   Thumb Code    60  kshell_cmd.o(i.kshell_find_cmd)
    kshell_init                              0x08006185   Thumb Code    38  kshell.o(i.kshell_init)
    kshell_lib_init                          0x080061b1   Thumb Code    24  kshell.o(i.kshell_lib_init)
    kshell_loop                              0x080061e1   Thumb Code    40  kshell.o(i.kshell_loop)
    kshell_register                          0x08006219   Thumb Code    12  kshell.o(i.kshell_register)
    ktest_assert                             0x08006239   Thumb Code   108  ktest.o(i.ktest_assert)
    ktest_failed                             0x0800631d   Thumb Code    10  ktest.o(i.ktest_failed)
    ktest_result_get                         0x08006329   Thumb Code     4  ktest.o(i.ktest_result_get)
    ktest_run_test_case                      0x08006651   Thumb Code   194  ktest.o(i.ktest_run_test_case)
    ktest_run_test_suite                     0x080067c9   Thumb Code    42  ktest.o(i.ktest_run_test_suite)
    ktest_run_unit                           0x08006815   Thumb Code    24  ktest.o(i.ktest_run_unit)
    ktest_suite_init                         0x08006831   Thumb Code    82  ktest.o(i.ktest_suite_init)
    lab_init                                 0x080068d1   Thumb Code    14  app_fsm4.o(i.lab_init)
    led_init                                 0x080069dd   Thumb Code    14  led.o(i.led_init)
    led_off                                  0x080069f9   Thumb Code    14  led.o(i.led_off)
    led_on                                   0x08006a15   Thumb Code    14  led.o(i.led_on)
    led_set                                  0x08006a31   Thumb Code    14  gpio_ops.o(i.led_set)
    led_toggle                               0x08006a45   Thumb Code    30  led.o(i.led_toggle)
    leds_init                                0x08006a71   Thumb Code    64  gpio_ops.o(i.leds_init)
    main                                     0x08006ab9   Thumb Code    44  main.o(i.main)
    ms_to_tick                               0x08006ae5   Thumb Code    56  timer.o(i.ms_to_tick)
    mutex_give                               0x08006b1d   Thumb Code   142  mutex.o(i.mutex_give)
    mutex_init                               0x08006c25   Thumb Code    14  mutex.o(i.mutex_init)
    mutex_take                               0x08006c39   Thumb Code   252  mutex.o(i.mutex_take)
    mutex_test_task                          0x08006dbd   Thumb Code   158  kern_test.o(i.mutex_test_task)
    my_button_register                       0x08006ecd   Thumb Code    58  button.o(i.my_button_register)
    my_button_start                          0x08007115   Thumb Code    24  button.o(i.my_button_start)
    pin_mode                                 0x08007191   Thumb Code    46  pin_device.o(i.pin_mode)
    pin_read                                 0x080071c1   Thumb Code    76  pin_device.o(i.pin_read)
    pin_write                                0x08007221   Thumb Code    60  pin_device.o(i.pin_write)
    player_add_song                          0x0800725d   Thumb Code    50  player.o(i.player_add_song)
    player_control                           0x0800728f   Thumb Code   106  player.o(i.player_control)
    player_init                              0x08007371   Thumb Code   106  project4_main.o(i.player_init)
    player_last                              0x08007419   Thumb Code    92  player.o(i.player_last)
    player_next                              0x08007475   Thumb Code    94  player.o(i.player_next)
    player_play                              0x080074d3   Thumb Code    36  player.o(i.player_play)
    player_show                              0x080074f9   Thumb Code   148  player.o(i.player_show)
    player_start                             0x0800764d   Thumb Code   126  player.o(i.player_start)
    player_stop                              0x080076dd   Thumb Code    28  player.o(i.player_stop)
    process_buttons                          0x080077f9   Thumb Code    22  button_scan.o(i.process_buttons)
    project1_main                            0x080078bd   Thumb Code    72  project1_main.o(i.project1_main)
    project2_main                            0x0800796d   Thumb Code    28  project2_main.o(i.project2_main)
    project3_main                            0x080079b5   Thumb Code    18  project3_main.o(i.project3_main)
    project4_main                            0x080079f9   Thumb Code     8  project4_main.o(i.project4_main)
    pwm_disable                              0x08007a57   Thumb Code    50  pwm_device.o(i.pwm_disable)
    pwm_enable                               0x08007a89   Thumb Code    50  pwm_device.o(i.pwm_enable)
    pwm_init                                 0x08007abb   Thumb Code     6  pwm_device.o(i.pwm_init)
    pwm_set                                  0x08007ac1   Thumb Code    62  pwm_device.o(i.pwm_set)
    scan_button                              0x080080c7   Thumb Code   146  button_scan.o(i.scan_button)
    scan_buttons                             0x08008159   Thumb Code    22  button_scan.o(i.scan_buttons)
    sem_give                                 0x08008255   Thumb Code    80  semaphore.o(i.sem_give)
    sem_init                                 0x080082f1   Thumb Code     8  semaphore.o(i.sem_init)
    sem_take                                 0x08008369   Thumb Code   256  semaphore.o(i.sem_take)
    shell_execute                            0x080085f5   Thumb Code    46  kshell.o(i.shell_execute)
    stm32_pin_close                          0x08008a41   Thumb Code     6  pin_driver.o(i.stm32_pin_close)
    stop_smoke                               0x08008da5   Thumb Code     8  app_fsm4.o(i.stop_smoke)
    sys_call_test                            0x08008e09   Thumb Code    30  syscall.o(i.sys_call_test)
    sys_fork                                 0x08008e49   Thumb Code     8  syscall.o(i.sys_fork)
    sys_raise_privilege                      0x08008e51   Thumb Code     8  project1_main.o(i.sys_raise_privilege)
    sys_system_call                          0x08008e59   Thumb Code    24  syscall.o(i.sys_system_call)
    syscall_pendsv                           0x08008e71   Thumb Code    10  kern_port_cm3.o(i.syscall_pendsv)
    task_create                              0x08009071   Thumb Code   110  task.o(i.task_create)
    task_delete                              0x08009115   Thumb Code    92  task.o(i.task_delete)
    task_fork                                0x080091f1   Thumb Code   154  task.o(i.task_fork)
    task_info                                0x080092e5   Thumb Code    64  task.o(i.task_info)
    task_info_all                            0x0800932d   Thumb Code    56  task.o(i.task_info_all)
    task_init                                0x080093b1   Thumb Code    26  task.o(i.task_init)
    task_join                                0x080093d5   Thumb Code    40  task.o(i.task_join)
    task_lib_init                            0x08009401   Thumb Code    24  task.o(i.task_lib_init)
    task_lock                                0x0800942d   Thumb Code    64  task.o(i.task_lock)
    task_priority                            0x080098e5   Thumb Code    16  task.o(i.task_priority)
    task_self                                0x0800995d   Thumb Code     6  task.o(i.task_self)
    task_set_priority                        0x08009969   Thumb Code    82  task.o(i.task_set_priority)
    task_sleep                               0x080099bb   Thumb Code    18  timer.o(i.task_sleep)
    task_switch_context_hook                 0x080099cd   Thumb Code     6  task.o(i.task_switch_context_hook)
    task_switch_sp                           0x080099d5   Thumb Code   154  task.o(i.task_switch_sp)
    task_timer_tick                          0x08009aed   Thumb Code    32  task.o(i.task_timer_tick)
    task_unlock                              0x08009b0d   Thumb Code    86  task.o(i.task_unlock)
    task_wait_timeout                        0x08009bad   Thumb Code    86  timer.o(i.task_wait_timeout)
    task_wakeup                              0x08009c0d   Thumb Code    14  task.o(i.task_wakeup)
    task_wakeup_all                          0x08009c1b   Thumb Code    16  task.o(i.task_wakeup_all)
    task_wakeup_n                            0x08009c2d   Thumb Code   154  task.o(i.task_wakeup_n)
    task_wakeup_the                          0x08009d19   Thumb Code    68  task.o(i.task_wakeup_the)
    task_yield                               0x08009da5   Thumb Code    54  task.o(i.task_yield)
    timer_add_oneshot                        0x08009ffd   Thumb Code    30  timer.o(i.timer_add_oneshot)
    timer_add_period                         0x0800a01b   Thumb Code    30  timer.o(i.timer_add_period)
    timer_cancel                             0x0800a039   Thumb Code    76  timer.o(i.timer_cancel)
    timer_init                               0x0800a0c9   Thumb Code    18  timer.o(i.timer_init)
    timer_lib_init                           0x0800a259   Thumb Code    58  timer.o(i.timer_lib_init)
    timer_tick_isr                           0x0800a4d5   Thumb Code    80  timer.o(i.timer_tick_isr)
    timer_ticks                              0x0800a559   Thumb Code     6  timer.o(i.timer_ticks)
    trace_printf                             0x0800a58d   Thumb Code    54  board_fsm4.o(i.trace_printf)
    sys_call_table                           0x0800b004   Data          16  syscall.o(.constdata)
    sys_call_count                           0x0800b014   Data           4  syscall.o(.constdata)
    AHBPrescTable                            0x0800b931   Data          16  system_stm32f4xx.o(.constdata)
    APBPrescTable                            0x0800b941   Data           8  system_stm32f4xx.o(.constdata)
    __ctype_table                            0x0800b951   Data         129  ctype_o.o(.constdata)
    Region$$Table$$Base                      0x0800bcf4   Number         0  anon$$obj.o(Region$$Table)
    Region$$Table$$Limit                     0x0800bd14   Number         0  anon$$obj.o(Region$$Table)
    prj_table                                0x20000000   Data          40  app_fsm4.o(.data)
    recv_ctr                                 0x20000030   Data           4  board_fsm4.o(.data)
    send_ctr                                 0x20000034   Data           4  board_fsm4.o(.data)
    ksh_cmd_table                            0x200000dc   Data         192  kshell_cmd.o(.data)
    current_task                             0x200001b8   Data           4  task.o(.data)
    _rq_task_count                           0x200001c4   Data           4  task.o(.data)
    _wq_task_count                           0x200001c8   Data           4  task.o(.data)
    _timer_count                             0x20000204   Data           4  timer.o(.data)
    uart_txrx_mode                           0x200002b8   Data           4  project3_main.o(.data)
    __tx_fifo                                0x200002c0   Data         140  project3_main.o(.data)
    tx_fifo                                  0x2000034c   Data           4  project3_main.o(.data)
    __rx_fifo                                0x20000358   Data         140  project3_main.o(.data)
    rx_fifo                                  0x200003e4   Data           4  project3_main.o(.data)
    SystemCoreClock                          0x20000400   Data           4  system_stm32f4xx.o(.data)
    uwTick                                   0x20000404   Data           4  stm32f4xx_hal.o(.data)
    _task_pool                               0x200013b0   Data       13600  task.o(.bss)
    btn_last                                 0x20004a9c   Data          20  key.o(.bss)
    btn_play                                 0x20004ab0   Data          20  key.o(.bss)
    btn_next                                 0x20004ac4   Data          20  key.o(.bss)
    player                                   0x20004b28   Data          68  project4_main.o(.bss)
    htim10                                   0x20004bdc   Data          60  main.o(.bss)
    huart1                                   0x20004c18   Data          64  main.o(.bss)
    huart3                                   0x20004c58   Data          64  main.o(.bss)
    hdma_usart3_rx                           0x20004c98   Data          96  main.o(.bss)
    hdma_usart3_tx                           0x20004cf8   Data          96  main.o(.bss)
    __initial_sp                             0x20005158   Data           0  startup_stm32f407xx.o(STACK)



==============================================================================

Memory Map of the image

  Image Entry point : 0x08000189

  Load Region LR_IROM1 (Base: 0x08000000, Size: 0x0000c120, Max: 0x00100000, ABSOLUTE, COMPRESSED[0x0000be48])

    Execution Region ER_IROM1 (Base: 0x08000000, Size: 0x0000bd14, Max: 0x00100000, ABSOLUTE)

    Base Addr    Size         Type   Attr      Idx    E Section Name        Object

    0x08000000   0x00000188   Data   RO            3    RESET               startup_stm32f407xx.o
    0x08000188   0x00000000   Code   RO         5269  * .ARM.Collect$$$$00000000  mc_w.l(entry.o)
    0x08000188   0x00000004   Code   RO         5332    .ARM.Collect$$$$00000001  mc_w.l(entry2.o)
    0x0800018c   0x00000004   Code   RO         5335    .ARM.Collect$$$$00000004  mc_w.l(entry5.o)
    0x08000190   0x00000000   Code   RO         5337    .ARM.Collect$$$$00000008  mc_w.l(entry7b.o)
    0x08000190   0x00000000   Code   RO         5339    .ARM.Collect$$$$0000000A  mc_w.l(entry8b.o)
    0x08000190   0x00000008   Code   RO         5340    .ARM.Collect$$$$0000000B  mc_w.l(entry9a.o)
    0x08000198   0x00000000   Code   RO         5342    .ARM.Collect$$$$0000000D  mc_w.l(entry10a.o)
    0x08000198   0x00000000   Code   RO         5344    .ARM.Collect$$$$0000000F  mc_w.l(entry11a.o)
    0x08000198   0x00000004   Code   RO         5333    .ARM.Collect$$$$00002712  mc_w.l(entry2.o)
    0x0800019c   0x0000001c   Code   RO          288    .emb_text           board_fsm4.o
    0x080001b8   0x00000066   Code   RO          725    .emb_text           kern_port_cm3_ccarm.o
    0x0800021e   0x00000002   PAD
    0x08000220   0x00000058   Code   RO         1747    .emb_text           syscall.o
    0x08000278   0x00000024   Code   RO            4    .text               startup_stm32f407xx.o
    0x0800029c   0x00000048   Code   RO         1803    .text               syscall_ccarm.o
    0x080002e4   0x00000062   Code   RO         5272    .text               mc_w.l(uldiv.o)
    0x08000346   0x00000040   Code   RO         5276    .text               mc_w.l(memmovea.o)
    0x08000386   0x00000024   Code   RO         5278    .text               mc_w.l(memseta.o)
    0x080003aa   0x00000018   Code   RO         5280    .text               mc_w.l(strncpy.o)
    0x080003c2   0x0000000e   Code   RO         5282    .text               mc_w.l(strlen.o)
    0x080003d0   0x0000001c   Code   RO         5284    .text               mc_w.l(strcmp.o)
    0x080003ec   0x0000001a   Code   RO         5286    .text               mc_w.l(memcmp.o)
    0x08000406   0x0000001e   Code   RO         5288    .text               mc_w.l(strncmp.o)
    0x08000424   0x00000020   Code   RO         5290    .text               mc_w.l(strrchr.o)
    0x08000444   0x00000072   Code   RO         5324    .text               mc_w.l(strtoul.o)
    0x080004b6   0x000000e4   Code   RO         5326    .text               mf_w.l(dmul.o)
    0x0800059a   0x00000022   Code   RO         5328    .text               mf_w.l(dflti.o)
    0x080005bc   0x00000032   Code   RO         5330    .text               mf_w.l(dfixui.o)
    0x080005ee   0x0000002c   Code   RO         5347    .text               mc_w.l(uidiv.o)
    0x0800061a   0x0000001e   Code   RO         5349    .text               mc_w.l(llshl.o)
    0x08000638   0x00000020   Code   RO         5351    .text               mc_w.l(llushr.o)
    0x08000658   0x00000008   Code   RO         5353    .text               mc_w.l(ctype_o.o)
    0x08000660   0x0000009e   Code   RO         5388    .text               mc_w.l(_strtoul.o)
    0x080006fe   0x00000000   Code   RO         5390    .text               mc_w.l(iusefp.o)
    0x080006fe   0x000000ba   Code   RO         5391    .text               mf_w.l(depilogue.o)
    0x080007b8   0x0000014e   Code   RO         5393    .text               mf_w.l(dadd.o)
    0x08000906   0x000000de   Code   RO         5395    .text               mf_w.l(ddiv.o)
    0x080009e4   0x00000030   Code   RO         5397    .text               mf_w.l(dfixul.o)
    0x08000a14   0x00000030   Code   RO         5399    .text               mf_w.l(cdrcmple.o)
    0x08000a44   0x00000024   Code   RO         5401    .text               mc_w.l(init.o)
    0x08000a68   0x00000024   Code   RO         5403    .text               mc_w.l(llsshr.o)
    0x08000a8c   0x0000001c   Code   RO         5405    .text               mc_w.l(_chval.o)
    0x08000aa8   0x00000056   Code   RO         5415    .text               mc_w.l(__dczerorl2.o)
    0x08000afe   0x00000004   Code   RO         2828    i.BusFault_Handler  stm32f4xx_it.o
    0x08000b02   0x00000002   PAD
    0x08000b04   0x00000010   Code   RO         2829    i.DMA1_Stream1_IRQHandler  stm32f4xx_it.o
    0x08000b14   0x00000010   Code   RO         2830    i.DMA1_Stream3_IRQHandler  stm32f4xx_it.o
    0x08000b24   0x00000034   Code   RO         3934    i.DMA_CalcBaseAndBitshift  stm32f4xx_hal_dma.o
    0x08000b58   0x000000aa   Code   RO         3935    i.DMA_CheckFifoParam  stm32f4xx_hal_dma.o
    0x08000c02   0x0000002c   Code   RO         3936    i.DMA_SetConfig     stm32f4xx_hal_dma.o
    0x08000c2e   0x00000002   Code   RO         2831    i.DebugMon_Handler  stm32f4xx_it.o
    0x08000c30   0x00000004   Code   RO         2764    i.Error_Handler     main.o
    0x08000c34   0x00000028   Code   RO         3938    i.HAL_DMA_Abort_IT  stm32f4xx_hal_dma.o
    0x08000c5c   0x00000248   Code   RO         3942    i.HAL_DMA_IRQHandler  stm32f4xx_hal_dma.o
    0x08000ea4   0x000000ec   Code   RO         3943    i.HAL_DMA_Init      stm32f4xx_hal_dma.o
    0x08000f90   0x0000009e   Code   RO         3947    i.HAL_DMA_Start_IT  stm32f4xx_hal_dma.o
    0x0800102e   0x00000002   PAD
    0x08001030   0x00000200   Code   RO         3374    i.HAL_GPIO_Init     stm32f4xx_hal_gpio.o
    0x08001230   0x00000010   Code   RO         3376    i.HAL_GPIO_ReadPin  stm32f4xx_hal_gpio.o
    0x08001240   0x0000000c   Code   RO         3378    i.HAL_GPIO_WritePin  stm32f4xx_hal_gpio.o
    0x0800124c   0x0000000c   Code   RO         3545    i.HAL_GetTick       stm32f4xx_hal.o
    0x08001258   0x00000010   Code   RO         3547    i.HAL_IncTick       stm32f4xx_hal.o
    0x08001268   0x0000003c   Code   RO         3548    i.HAL_Init          stm32f4xx_hal.o
    0x080012a4   0x00000028   Code   RO         3549    i.HAL_InitTick      stm32f4xx_hal.o
    0x080012cc   0x00000056   Code   RO         2904    i.HAL_MspInit       stm32f4xx_hal_msp.o
    0x08001322   0x0000001a   Code   RO         5017    i.HAL_NVIC_EnableIRQ  stm32f4xx_hal_cortex.o
    0x0800133c   0x0000007c   Code   RO         5023    i.HAL_NVIC_SetPriority  stm32f4xx_hal_cortex.o
    0x080013b8   0x00000028   Code   RO         5024    i.HAL_NVIC_SetPriorityGrouping  stm32f4xx_hal_cortex.o
    0x080013e0   0x00000044   Code   RO         5025    i.HAL_NVIC_SystemReset  stm32f4xx_hal_cortex.o
    0x08001424   0x000001d0   Code   RO         3686    i.HAL_RCC_ClockConfig  stm32f4xx_hal_rcc.o
    0x080015f4   0x0000000c   Code   RO         3691    i.HAL_RCC_GetHCLKFreq  stm32f4xx_hal_rcc.o
    0x08001600   0x0000002c   Code   RO         3693    i.HAL_RCC_GetPCLK1Freq  stm32f4xx_hal_rcc.o
    0x0800162c   0x0000002c   Code   RO         3694    i.HAL_RCC_GetPCLK2Freq  stm32f4xx_hal_rcc.o
    0x08001658   0x000000b4   Code   RO         3695    i.HAL_RCC_GetSysClockFreq  stm32f4xx_hal_rcc.o
    0x0800170c   0x0000044c   Code   RO         3698    i.HAL_RCC_OscConfig  stm32f4xx_hal_rcc.o
    0x08001b58   0x00000028   Code   RO         5026    i.HAL_SYSTICK_CLKSourceConfig  stm32f4xx_hal_cortex.o
    0x08001b80   0x00000008   Code   RO          656    i.HAL_SYSTICK_Callback  kern_port_cm3.o
    0x08001b88   0x00000034   Code   RO         5028    i.HAL_SYSTICK_Config  stm32f4xx_hal_cortex.o
    0x08001bbc   0x00000008   Code   RO         5029    i.HAL_SYSTICK_IRQHandler  stm32f4xx_hal_cortex.o
    0x08001bc4   0x00000034   Code   RO         4042    i.HAL_TIM_Base_Init  stm32f4xx_hal_tim.o
    0x08001bf8   0x00000034   Code   RO         2906    i.HAL_TIM_Base_MspInit  stm32f4xx_hal_msp.o
    0x08001c2c   0x00000034   Code   RO         2907    i.HAL_TIM_MspPostInit  stm32f4xx_hal_msp.o
    0x08001c60   0x00000108   Code   RO         4108    i.HAL_TIM_PWM_ConfigChannel  stm32f4xx_hal_tim.o
    0x08001d68   0x00000034   Code   RO         4111    i.HAL_TIM_PWM_Init  stm32f4xx_hal_tim.o
    0x08001d9c   0x00000002   Code   RO         4113    i.HAL_TIM_PWM_MspInit  stm32f4xx_hal_tim.o
    0x08001d9e   0x00000002   PAD
    0x08001da0   0x0000004c   Code   RO         4115    i.HAL_TIM_PWM_Start  stm32f4xx_hal_tim.o
    0x08001dec   0x00000088   Code   RO         4118    i.HAL_TIM_PWM_Stop  stm32f4xx_hal_tim.o
    0x08001e74   0x00000002   Code   RO         4702    i.HAL_UART_ErrorCallback  stm32f4xx_hal_uart.o
    0x08001e76   0x00000002   PAD
    0x08001e78   0x0000014c   Code   RO         4705    i.HAL_UART_IRQHandler  stm32f4xx_hal_uart.o
    0x08001fc4   0x00000072   Code   RO         4706    i.HAL_UART_Init     stm32f4xx_hal_uart.o
    0x08002036   0x00000002   PAD
    0x08002038   0x00000144   Code   RO         2909    i.HAL_UART_MspInit  stm32f4xx_hal_msp.o
    0x0800217c   0x000000c4   Code   RO         4710    i.HAL_UART_Receive_DMA  stm32f4xx_hal_uart.o
    0x08002240   0x00000064   Code   RO         4711    i.HAL_UART_Receive_IT  stm32f4xx_hal_uart.o
    0x080022a4   0x00000030   Code   RO         2054    i.HAL_UART_RxCpltCallback  project3_main.o
    0x080022d4   0x00000002   Code   RO         4713    i.HAL_UART_RxHalfCpltCallback  stm32f4xx_hal_uart.o
    0x080022d6   0x000000d6   Code   RO         4714    i.HAL_UART_Transmit  stm32f4xx_hal_uart.o
    0x080023ac   0x0000009c   Code   RO         4715    i.HAL_UART_Transmit_DMA  stm32f4xx_hal_uart.o
    0x08002448   0x00000058   Code   RO         4716    i.HAL_UART_Transmit_IT  stm32f4xx_hal_uart.o
    0x080024a0   0x00000030   Code   RO         2055    i.HAL_UART_TxCpltCallback  project3_main.o
    0x080024d0   0x00000002   Code   RO         4718    i.HAL_UART_TxHalfCpltCallback  stm32f4xx_hal_uart.o
    0x080024d2   0x00000002   PAD
    0x080024d4   0x00000044   Code   RO          289    i.HardFault_Handler_C  board_fsm4.o
    0x08002518   0x00000048   Code   RO         2765    i.MX_DMA_Init       main.o
    0x08002560   0x00000144   Code   RO         2766    i.MX_GPIO_Init      main.o
    0x080026a4   0x0000005c   Code   RO         2767    i.MX_TIM10_Init     main.o
    0x08002700   0x00000038   Code   RO         2768    i.MX_USART1_UART_Init  main.o
    0x08002738   0x00000038   Code   RO         2769    i.MX_USART3_UART_Init  main.o
    0x08002770   0x00000004   Code   RO         2832    i.MemManage_Handler  stm32f4xx_it.o
    0x08002774   0x00000002   Code   RO         2833    i.NMI_Handler       stm32f4xx_it.o
    0x08002776   0x00000002   PAD
    0x08002778   0x00000010   Code   RO         5030    i.NVIC_GetPriorityGrouping  stm32f4xx_hal_cortex.o
    0x08002788   0x00000028   Code   RO         5031    i.NVIC_SetPriority  stm32f4xx_hal_cortex.o
    0x080027b0   0x00000088   Code   RO         1748    i.SVC_Handler_dispatch  syscall.o
    0x08002838   0x0000000c   Code   RO         2834    i.SysTick_Handler   stm32f4xx_it.o
    0x08002844   0x000000c8   Code   RO         2770    i.SystemClock_Config  main.o
    0x0800290c   0x00000064   Code   RO         2960    i.SystemInit        system_stm32f4xx.o
    0x08002970   0x000000e4   Code   RO         4126    i.TIM_Base_SetConfig  stm32f4xx_hal_tim.o
    0x08002a54   0x0000001c   Code   RO         4127    i.TIM_CCxChannelCmd  stm32f4xx_hal_tim.o
    0x08002a70   0x00000070   Code   RO         4135    i.TIM_OC1_SetConfig  stm32f4xx_hal_tim.o
    0x08002ae0   0x00000078   Code   RO         4136    i.TIM_OC2_SetConfig  stm32f4xx_hal_tim.o
    0x08002b58   0x00000078   Code   RO         4137    i.TIM_OC3_SetConfig  stm32f4xx_hal_tim.o
    0x08002bd0   0x00000060   Code   RO         4138    i.TIM_OC4_SetConfig  stm32f4xx_hal_tim.o
    0x08002c30   0x00000014   Code   RO         4719    i.UART_DMAAbortOnError  stm32f4xx_hal_uart.o
    0x08002c44   0x00000050   Code   RO         4720    i.UART_DMAError     stm32f4xx_hal_uart.o
    0x08002c94   0x00000046   Code   RO         4721    i.UART_DMAReceiveCplt  stm32f4xx_hal_uart.o
    0x08002cda   0x0000000e   Code   RO         4723    i.UART_DMARxHalfCplt  stm32f4xx_hal_uart.o
    0x08002ce8   0x00000036   Code   RO         4725    i.UART_DMATransmitCplt  stm32f4xx_hal_uart.o
    0x08002d1e   0x0000000e   Code   RO         4727    i.UART_DMATxHalfCplt  stm32f4xx_hal_uart.o
    0x08002d2c   0x00000020   Code   RO         4729    i.UART_EndRxTransfer  stm32f4xx_hal_uart.o
    0x08002d4c   0x00000020   Code   RO         4730    i.UART_EndTransmit_IT  stm32f4xx_hal_uart.o
    0x08002d6c   0x00000014   Code   RO         4731    i.UART_EndTxTransfer  stm32f4xx_hal_uart.o
    0x08002d80   0x0000009a   Code   RO         4732    i.UART_Receive_IT   stm32f4xx_hal_uart.o
    0x08002e1a   0x00000002   PAD
    0x08002e1c   0x00000368   Code   RO         4733    i.UART_SetConfig    stm32f4xx_hal_uart.o
    0x08003184   0x00000068   Code   RO         4734    i.UART_Transmit_IT  stm32f4xx_hal_uart.o
    0x080031ec   0x0000006c   Code   RO         4735    i.UART_WaitOnFlagUntilTimeout  stm32f4xx_hal_uart.o
    0x08003258   0x00000010   Code   RO         2835    i.USART3_IRQHandler  stm32f4xx_it.o
    0x08003268   0x00000004   Code   RO         2836    i.UsageFault_Handler  stm32f4xx_it.o
    0x0800326c   0x0000002c   Code   RO         5302    i.__0vsnprintf      mc_w.l(printfa.o)
    0x08003298   0x00000008   Code   RO         5381    i.__aeabi_errno_addr  mc_w.l(errno.o)
    0x080032a0   0x00000006   Code   RO         1655    i.__get_CONTROL     project1_main.o
    0x080032a6   0x00000078   Code   RO         2027    i.__kfifo_get       kfifo.o
    0x0800331e   0x00000080   Code   RO         2028    i.__kfifo_put       kfifo.o
    0x0800339e   0x0000000e   Code   RO         5409    i.__scatterload_copy  mc_w.l(handlers.o)
    0x080033ac   0x00000002   Code   RO         5410    i.__scatterload_null  mc_w.l(handlers.o)
    0x080033ae   0x0000000e   Code   RO         5411    i.__scatterload_zeroinit  mc_w.l(handlers.o)
    0x080033bc   0x0000008c   Code   RO         1247    i.__task_wait       task.o
    0x08003448   0x00000184   Code   RO         5304    i._fp_digits        mc_w.l(printfa.o)
    0x080035cc   0x000006dc   Code   RO         5305    i._printf_core      mc_w.l(printfa.o)
    0x08003ca8   0x00000024   Code   RO         5306    i._printf_post_padding  mc_w.l(printfa.o)
    0x08003ccc   0x0000002e   Code   RO         5307    i._printf_pre_padding  mc_w.l(printfa.o)
    0x08003cfa   0x00000016   Code   RO         5308    i._snputc           mc_w.l(printfa.o)
    0x08003d10   0x00000044   Code   RO          778    i.adder_task        kern_test.o
    0x08003d54   0x00000040   Code   RO           13    i.app_main          app_fsm4.o
    0x08003d94   0x0000004c   Code   RO          391    i.assert_fail       debug.o
    0x08003de0   0x0000002a   Code   RO          779    i.atomic_add        kern_test.o
    0x08003e0a   0x0000000e   Code   RO         2565    i.audio_close       project4_main.o
    0x08003e18   0x00000014   Code   RO         2566    i.audio_control     project4_main.o
    0x08003e2c   0x0000000e   Code   RO         2567    i.audio_init        project4_main.o
    0x08003e3a   0x0000000e   Code   RO         2568    i.audio_open        project4_main.o
    0x08003e48   0x00000034   Code   RO         2569    i.audio_write       project4_main.o
    0x08003e7c   0x00000018   Code   RO         2189    i.beep_init         beep.o
    0x08003e94   0x0000006c   Code   RO         2321    i.beep_key_press_long  key.o
    0x08003f00   0x00000064   Code   RO         2322    i.beep_key_press_short  key.o
    0x08003f64   0x00000018   Code   RO         2190    i.beep_off          beep.o
    0x08003f7c   0x00000018   Code   RO         2191    i.beep_on           beep.o
    0x08003f94   0x00000016   Code   RO         2570    i.beep_player_init  project4_main.o
    0x08003faa   0x00000002   PAD
    0x08003fac   0x00000038   Code   RO         2192    i.beep_set          beep.o
    0x08003fe4   0x00000110   Code   RO         2275    i.beep_song_decode  decode.o
    0x080040f4   0x0000000e   Code   RO         2276    i.beep_song_decode_init  decode.o
    0x08004102   0x00000002   PAD
    0x08004104   0x00000078   Code   RO         2277    i.beep_song_decode_new_freq  decode.o
    0x0800417c   0x00000028   Code   RO         2278    i.beep_song_get_data  decode.o
    0x080041a4   0x00000020   Code   RO         2279    i.beep_song_get_len  decode.o
    0x080041c4   0x00000018   Code   RO         2280    i.beep_song_get_name  decode.o
    0x080041dc   0x00000098   Code   RO           14    i.blow              app_fsm4.o
    0x08004274   0x0000002c   Code   RO          290    i.board_getc        board_fsm4.o
    0x080042a0   0x00000010   Code   RO          291    i.board_getc_ready  board_fsm4.o
    0x080042b0   0x0000002c   Code   RO          292    i.board_putc        board_fsm4.o
    0x080042dc   0x0000001c   Code   RO          293    i.board_putc_debug  board_fsm4.o
    0x080042f8   0x00000010   Code   RO          294    i.board_putc_ready  board_fsm4.o
    0x08004308   0x00000026   Code   RO         2323    i.btn_cb            key.o
    0x0800432e   0x0000000a   Code   RO         1938    i.button_event_read  project2_main.o
    0x08004338   0x00000110   Code   RO         1807    i.button_register   button_scan.o
    0x08004448   0x0000000c   Code   RO         1808    i.button_scan_loop  button_scan.o
    0x08004454   0x00000016   Code   RO         1939    i.button_scan_task  project2_main.o
    0x0800446a   0x00000002   PAD
    0x0800446c   0x00000064   Code   RO           15    i.check_gpio        app_fsm4.o
    0x080044d0   0x00000028   Code   RO           16    i.check_tim         app_fsm4.o
    0x080044f8   0x0000001c   Code   RO           17    i.check_uart        app_fsm4.o
    0x08004514   0x0000000c   Code   RO         2395    i.close             pin_device.o
    0x08004520   0x0000000c   Code   RO         2642    i.close             pwm_device.o
    0x0800452c   0x000000b8   Code   RO          987    i.cmd_d             kshell_cmd.o
    0x080045e4   0x00000064   Code   RO          988    i.cmd_help          kshell_cmd.o
    0x08004648   0x00000048   Code   RO          989    i.cmd_i             kshell_cmd.o
    0x08004690   0x000000b4   Code   RO           18    i.cmd_prj           app_fsm4.o
    0x08004744   0x00000024   Code   RO          990    i.cmd_reboot        kshell_cmd.o
    0x08004768   0x00000090   Code   RO          991    i.cmd_sleep         kshell_cmd.o
    0x080047f8   0x00000058   Code   RO           19    i.cmd_smoke         app_fsm4.o
    0x08004850   0x00000118   Code   RO         2056    i.cmd_uartmode      project3_main.o
    0x08004968   0x0000000e   Code   RO          726    i.cpu_in_irq        kern_port_cm3_ccarm.o
    0x08004976   0x00000016   Code   RO          728    i.cpu_irq_disabled  kern_port_cm3_ccarm.o
    0x0800498c   0x00000008   Code   RO          657    i.cpu_schedule_pend  kern_port_cm3.o
    0x08004994   0x00000010   Code   RO          658    i.cpu_task_init     kern_port_cm3.o
    0x080049a4   0x00000074   Code   RO          659    i.cpu_task_stack_prepair  kern_port_cm3.o
    0x08004a18   0x00000014   Code   RO          392    i.debug_irq_restore  debug.o
    0x08004a2c   0x00000014   Code   RO          393    i.debug_irq_save    debug.o
    0x08004a40   0x00000024   Code   RO         2571    i.decode_control    project4_main.o
    0x08004a64   0x0000001e   Code   RO         2572    i.decode_read       project4_main.o
    0x08004a82   0x00000002   PAD
    0x08004a84   0x000000bc   Code   RO          452    i.device_close      ios_device.o
    0x08004b40   0x0000000c   Code   RO          453    i.device_find       ios_device.o
    0x08004b4c   0x00000048   Code   RO          454    i.device_find_best  ios_device.o
    0x08004b94   0x000000bc   Code   RO          455    i.device_ioctl      ios_device.o
    0x08004c50   0x000000c0   Code   RO          456    i.device_open       ios_device.o
    0x08004d10   0x000000bc   Code   RO          457    i.device_read       ios_device.o
    0x08004dcc   0x0000010c   Code   RO          458    i.device_register   ios_device.o
    0x08004ed8   0x000000bc   Code   RO          460    i.device_write      ios_device.o
    0x08004f94   0x000000b0   Code   RO          992    i.display_mem       kshell_cmd.o
    0x08005044   0x00000044   Code   RO         2435    i.driver_pin_init   pin_driver.o
    0x08005088   0x0000003c   Code   RO         2693    i.driver_pwm_init   pwm_driver.o
    0x080050c4   0x000001d4   Code   RO          295    i.dumpExceptionStack  board_fsm4.o
    0x08005298   0x0000000e   Code   RO         1656    i.exec_privilege_action  project1_main.o
    0x080052a6   0x00000002   PAD
    0x080052a8   0x00000040   Code   RO          542    i.fd_entry          ios_fd.o
    0x080052e8   0x00000034   Code   RO         1045    i.file_basename     ktest.o
    0x0800531c   0x00000064   Code   RO         1809    i.fire_event        button_scan.o
    0x08005380   0x0000001a   Code   RO         1810    i.fire_event_if_not  button_scan.o
    0x0800539a   0x00000040   Code   RO         1248    i.fls32             task.o
    0x080053da   0x00000002   PAD
    0x080053dc   0x0000010c   Code   RO         1657    i.fork_test_task    project1_main.o
    0x080054e8   0x000000d2   Code   RO         1811    i.generate_button_event  button_scan.o
    0x080055ba   0x0000001c   Code   RO         2436    i.get_file_name     pin_driver.o
    0x080055d6   0x00000018   Code   RO          865    i.getc_default      kshell.o
    0x080055ee   0x0000000c   Code   RO           20    i.gpio_clr          app_fsm4.o
    0x080055fa   0x0000000c   Code   RO           21    i.gpio_read         app_fsm4.o
    0x08005606   0x0000000c   Code   RO           22    i.gpio_set          app_fsm4.o
    0x08005612   0x0000001e   Code   RO           23    i.gpio_write        app_fsm4.o
    0x08005630   0x00000010   Code   RO          420    i.heap_init         heap.o
    0x08005640   0x00000068   Code   RO         1249    i.idle_task_entry   task.o
    0x080056a8   0x00000002   Code   RO          297    i.in_poll_loop      board_fsm4.o
    0x080056aa   0x00000002   PAD
    0x080056ac   0x0000005c   Code   RO          461    i.ios_device_init   ios_device.o
    0x08005708   0x0000003c   Code   RO          543    i.ios_fd_close      ios_fd.o
    0x08005744   0x000000e4   Code   RO          545    i.ios_fd_free       ios_fd.o
    0x08005828   0x0000001c   Code   RO          546    i.ios_fd_get_device  ios_fd.o
    0x08005844   0x00000038   Code   RO          547    i.ios_fd_init       ios_fd.o
    0x0800587c   0x0000003a   Code   RO          548    i.ios_fd_ioctl      ios_fd.o
    0x080058b6   0x00000002   PAD
    0x080058b8   0x00000064   Code   RO          549    i.ios_fd_new        ios_fd.o
    0x0800591c   0x00000060   Code   RO          550    i.ios_fd_open       ios_fd.o
    0x0800597c   0x0000003a   Code   RO          551    i.ios_fd_read       ios_fd.o
    0x080059b6   0x00000002   PAD
    0x080059b8   0x0000008c   Code   RO          552    i.ios_fd_set        ios_fd.o
    0x08005a44   0x0000003a   Code   RO          553    i.ios_fd_write      ios_fd.o
    0x08005a7e   0x00000002   PAD
    0x08005a80   0x0000001c   Code   RO         1881    i.k3_read           gpio_ops.o
    0x08005a9c   0x0000001c   Code   RO         1882    i.k4_read           gpio_ops.o
    0x08005ab8   0x0000001c   Code   RO         1883    i.k5_read           gpio_ops.o
    0x08005ad4   0x00000018   Code   RO         1884    i.k6_read           gpio_ops.o
    0x08005aec   0x0000003c   Code   RO          635    i.kern_init         kern_init.o
    0x08005b28   0x00000020   Code   RO          636    i.kern_start        kern_init.o
    0x08005b48   0x00000020   Code   RO          780    i.kern_test         kern_test.o
    0x08005b68   0x0000002c   Code   RO          781    i.kern_test_init    kern_test.o
    0x08005b94   0x00000048   Code   RO          782    i.kern_testcase     kern_test.o
    0x08005bdc   0x0000007c   Code   RO         1940    i.key_button_init   project2_main.o
    0x08005c58   0x00000094   Code   RO         2324    i.key_init          key.o
    0x08005cec   0x000000d4   Code   RO         1885    i.keys_init         gpio_ops.o
    0x08005dc0   0x00000046   Code   RO         2057    i.kfifo_get         project3_main.o
    0x08005e06   0x00000038   Code   RO         2058    i.kfifo_put         project3_main.o
    0x08005e3e   0x00000002   PAD
    0x08005e40   0x00000034   Code   RO          866    i.ksh_auto_complete  kshell.o
    0x08005e74   0x0000008c   Code   RO          867    i.ksh_auto_complete_internal  kshell.o
    0x08005f00   0x00000074   Code   RO          868    i.ksh_execute_internal  kshell.o
    0x08005f74   0x00000078   Code   RO          869    i.ksh_parse_and_exec_cmd  kshell.o
    0x08005fec   0x00000040   Code   RO          870    i.ksh_printf        kshell.o
    0x0800602c   0x0000009a   Code   RO          871    i.ksh_split_cmdline  kshell.o
    0x080060c6   0x00000002   PAD
    0x080060c8   0x0000002c   Code   RO          993    i.kshell_cmd_add    kshell_cmd.o
    0x080060f4   0x00000050   Code   RO         2059    i.kshell_config     project3_main.o
    0x08006144   0x00000040   Code   RO          994    i.kshell_find_cmd   kshell_cmd.o
    0x08006184   0x0000002c   Code   RO          872    i.kshell_init       kshell.o
    0x080061b0   0x00000030   Code   RO          873    i.kshell_lib_init   kshell.o
    0x080061e0   0x00000038   Code   RO          874    i.kshell_loop       kshell.o
    0x08006218   0x00000010   Code   RO          875    i.kshell_register   kshell.o
    0x08006228   0x00000010   Code   RO          876    i.kshell_task       kshell.o
    0x08006238   0x000000e4   Code   RO         1046    i.ktest_assert      ktest.o
    0x0800631c   0x0000000a   Code   RO         1049    i.ktest_failed      ktest.o
    0x08006326   0x00000002   PAD
    0x08006328   0x00000008   Code   RO         1051    i.ktest_result_get  ktest.o
    0x08006330   0x00000320   Code   RO         1052    i.ktest_run_engine  ktest.o
    0x08006650   0x00000178   Code   RO         1053    i.ktest_run_test_case  ktest.o
    0x080067c8   0x0000004c   Code   RO         1054    i.ktest_run_test_suite  ktest.o
    0x08006814   0x0000001c   Code   RO         1055    i.ktest_run_unit    ktest.o
    0x08006830   0x000000a0   Code   RO         1057    i.ktest_suite_init  ktest.o
    0x080068d0   0x00000030   Code   RO           24    i.lab_init          app_fsm4.o
    0x08006900   0x000000d4   Code   RO         1941    i.led_blink_task    project2_main.o
    0x080069d4   0x00000006   Code   RO         1942    i.led_dimming       project2_main.o
    0x080069da   0x00000002   PAD
    0x080069dc   0x0000001c   Code   RO         2359    i.led_init          led.o
    0x080069f8   0x0000001c   Code   RO         2360    i.led_off           led.o
    0x08006a14   0x0000001c   Code   RO         2361    i.led_on            led.o
    0x08006a30   0x00000014   Code   RO         1886    i.led_set           gpio_ops.o
    0x08006a44   0x0000002c   Code   RO         2362    i.led_toggle        led.o
    0x08006a70   0x00000048   Code   RO         1887    i.leds_init         gpio_ops.o
    0x08006ab8   0x0000002c   Code   RO         2771    i.main              main.o
    0x08006ae4   0x00000038   Code   RO         1545    i.ms_to_tick        timer.o
    0x08006b1c   0x00000108   Code   RO         1172    i.mutex_give        mutex.o
    0x08006c24   0x00000014   Code   RO         1173    i.mutex_init        mutex.o
    0x08006c38   0x00000184   Code   RO         1174    i.mutex_take        mutex.o
    0x08006dbc   0x00000110   Code   RO          783    i.mutex_test_task   kern_test.o
    0x08006ecc   0x00000040   Code   RO         2244    i.my_button_register  button.o
    0x08006f0c   0x00000208   Code   RO         2245    i.my_button_scan    button.o
    0x08007114   0x00000020   Code   RO         2246    i.my_button_start   button.o
    0x08007134   0x00000014   Code   RO         2396    i.open              pin_device.o
    0x08007148   0x00000014   Code   RO         2643    i.open              pwm_device.o
    0x0800715c   0x00000034   Code   RO         1250    i.pick_next_rt      task.o
    0x08007190   0x0000002e   Code   RO         2397    i.pin_mode          pin_device.o
    0x080071be   0x00000002   PAD
    0x080071c0   0x00000060   Code   RO         2398    i.pin_read          pin_device.o
    0x08007220   0x0000003c   Code   RO         2399    i.pin_write         pin_device.o
    0x0800725c   0x00000032   Code   RO         2505    i.player_add_song   player.o
    0x0800728e   0x0000006a   Code   RO         2506    i.player_control    player.o
    0x080072f8   0x00000078   Code   RO         2507    i.player_entry      player.o
    0x08007370   0x000000a8   Code   RO         2573    i.player_init       project4_main.o
    0x08007418   0x0000005c   Code   RO         2508    i.player_last       player.o
    0x08007474   0x0000005e   Code   RO         2509    i.player_next       player.o
    0x080074d2   0x00000024   Code   RO         2510    i.player_play       player.o
    0x080074f6   0x00000002   PAD
    0x080074f8   0x00000154   Code   RO         2511    i.player_show       player.o
    0x0800764c   0x00000090   Code   RO         2512    i.player_start      player.o
    0x080076dc   0x0000001c   Code   RO         2513    i.player_stop       player.o
    0x080076f8   0x00000100   Code   RO         1658    i.priv_test_task    project1_main.o
    0x080077f8   0x0000001c   Code   RO         1813    i.process_buttons   button_scan.o
    0x08007814   0x000000a8   Code   RO         1943    i.process_event     project2_main.o
    0x080078bc   0x000000b0   Code   RO         1659    i.project1_main     project1_main.o
    0x0800796c   0x00000048   Code   RO         1944    i.project2_main     project2_main.o
    0x080079b4   0x00000044   Code   RO         2060    i.project3_main     project3_main.o
    0x080079f8   0x00000008   Code   RO         2574    i.project4_main     project4_main.o
    0x08007a00   0x00000048   Code   RO           25    i.project_list      app_fsm4.o
    0x08007a48   0x0000000e   Code   RO          877    i.putc_default      kshell.o
    0x08007a56   0x00000032   Code   RO         2644    i.pwm_disable       pwm_device.o
    0x08007a88   0x00000032   Code   RO         2645    i.pwm_enable        pwm_device.o
    0x08007aba   0x00000006   Code   RO         2646    i.pwm_init          pwm_device.o
    0x08007ac0   0x0000003e   Code   RO         2647    i.pwm_set           pwm_device.o
    0x08007afe   0x00000002   PAD
    0x08007b00   0x00000020   Code   RO          784    i.rand              kern_test.o
    0x08007b20   0x0000008c   Code   RO         1945    i.read_key          project2_main.o
    0x08007bac   0x000000bc   Code   RO         1251    i.ready_queue_get_highest  task.o
    0x08007c68   0x0000009c   Code   RO         1252    i.ready_queue_init  task.o
    0x08007d04   0x000001a0   Code   RO         1253    i.ready_queue_insert_tail  task.o
    0x08007ea4   0x000001c8   Code   RO         1254    i.ready_queue_remove  task.o
    0x0800806c   0x00000044   Code   RO         1255    i.redzone_check     task.o
    0x080080b0   0x00000016   Code   RO         1256    i.redzone_fill      task.o
    0x080080c6   0x00000092   Code   RO         1814    i.scan_button       button_scan.o
    0x08008158   0x0000001c   Code   RO         1815    i.scan_buttons      button_scan.o
    0x08008174   0x000000e0   Code   RO          785    i.sem_consumer      kern_test.o
    0x08008254   0x0000009c   Code   RO         1222    i.sem_give          semaphore.o
    0x080082f0   0x0000000c   Code   RO         1223    i.sem_init          semaphore.o
    0x080082fc   0x0000006c   Code   RO          786    i.sem_producer      kern_test.o
    0x08008368   0x0000018c   Code   RO         1224    i.sem_take          semaphore.o
    0x080084f4   0x00000100   Code   RO          787    i.sem_test          kern_test.o
    0x080085f4   0x00000038   Code   RO          878    i.shell_execute     kshell.o
    0x0800862c   0x00000098   Code   RO          879    i.shell_push_history  kshell.o
    0x080086c4   0x00000288   Code   RO          880    i.shell_readline    kshell.o
    0x0800894c   0x00000044   Code   RO          881    i.shell_show_history  kshell.o
    0x08008990   0x000000b0   Code   RO           26    i.smoke_task        app_fsm4.o
    0x08008a40   0x00000006   Code   RO         2437    i.stm32_pin_close   pin_driver.o
    0x08008a46   0x0000007e   Code   RO         2438    i.stm32_pin_get     pin_driver.o
    0x08008ac4   0x00000100   Code   RO         2439    i.stm32_pin_ioctl   pin_driver.o
    0x08008bc4   0x00000050   Code   RO         2440    i.stm32_pin_open    pin_driver.o
    0x08008c14   0x00000088   Code   RO         2441    i.stm32_pin_read    pin_driver.o
    0x08008c9c   0x00000090   Code   RO         2442    i.stm32_pin_write   pin_driver.o
    0x08008d2c   0x00000006   Code   RO         2696    i.stm32_pwm_close   pwm_driver.o
    0x08008d32   0x00000008   Code   RO         2698    i.stm32_pwm_ioctl   pwm_driver.o
    0x08008d3a   0x0000000a   Code   RO         2699    i.stm32_pwm_open    pwm_driver.o
    0x08008d44   0x00000060   Code   RO         2701    i.stm32_pwm_write   pwm_driver.o
    0x08008da4   0x0000000c   Code   RO           27    i.stop_smoke        app_fsm4.o
    0x08008db0   0x0000000c   Code   RO          788    i.stop_task         kern_test.o
    0x08008dbc   0x00000020   Code   RO          882    i.str_common        kshell.o
    0x08008ddc   0x00000016   Code   RO         1660    i.switch_to_privileged_mode  project1_main.o
    0x08008df2   0x00000016   Code   RO         1661    i.switch_to_user_mode  project1_main.o
    0x08008e08   0x00000040   Code   RO         1749    i.sys_call_test     syscall.o
    0x08008e48   0x00000008   Code   RO         1750    i.sys_fork          syscall.o
    0x08008e50   0x00000008   Code   RO         1662    i.sys_raise_privilege  project1_main.o
    0x08008e58   0x00000018   Code   RO         1752    i.sys_system_call   syscall.o
    0x08008e70   0x00000010   Code   RO          660    i.syscall_pendsv    kern_port_cm3.o
    0x08008e80   0x000001f0   Code   RO         1257    i.task_change_state_to  task.o
    0x08009070   0x000000a4   Code   RO         1258    i.task_create       task.o
    0x08009114   0x000000a4   Code   RO         1259    i.task_delete       task.o
    0x080091b8   0x00000038   Code   RO          662    i.task_error        kern_port_cm3.o
    0x080091f0   0x000000d0   Code   RO         1260    i.task_fork         task.o
    0x080092c0   0x00000024   Code   RO         1261    i.task_guard        task.o
    0x080092e4   0x00000048   Code   RO         1262    i.task_info         task.o
    0x0800932c   0x00000084   Code   RO         1263    i.task_info_all     task.o
    0x080093b0   0x00000024   Code   RO         1264    i.task_init         task.o
    0x080093d4   0x0000002c   Code   RO         1265    i.task_join         task.o
    0x08009400   0x0000002c   Code   RO         1266    i.task_lib_init     task.o
    0x0800942c   0x00000084   Code   RO         1267    i.task_lock         task.o
    0x080094b0   0x000000e8   Code   RO         1269    i.task_new          task.o
    0x08009598   0x00000140   Code   RO         1270    i.task_pool_get     task.o
    0x080096d8   0x00000114   Code   RO         1271    i.task_pool_init    task.o
    0x080097ec   0x000000f8   Code   RO         1272    i.task_pool_put     task.o
    0x080098e4   0x00000010   Code   RO         1273    i.task_priority     task.o
    0x080098f4   0x00000068   Code   RO         1275    i.task_schedule     task.o
    0x0800995c   0x0000000c   Code   RO         1276    i.task_self         task.o
    0x08009968   0x00000052   Code   RO         1278    i.task_set_priority  task.o
    0x080099ba   0x00000012   Code   RO         1547    i.task_sleep        timer.o
    0x080099cc   0x00000006   Code   RO         1280    i.task_switch_context_hook  task.o
    0x080099d2   0x00000002   PAD
    0x080099d4   0x00000118   Code   RO         1281    i.task_switch_sp    task.o
    0x08009aec   0x00000020   Code   RO         1282    i.task_timer_tick   task.o
    0x08009b0c   0x000000a0   Code   RO         1285    i.task_unlock       task.o
    0x08009bac   0x00000060   Code   RO         1548    i.task_wait_timeout  timer.o
    0x08009c0c   0x0000000e   Code   RO         1286    i.task_wakeup       task.o
    0x08009c1a   0x00000010   Code   RO         1287    i.task_wakeup_all   task.o
    0x08009c2a   0x00000002   PAD
    0x08009c2c   0x000000ec   Code   RO         1288    i.task_wakeup_n     task.o
    0x08009d18   0x0000008c   Code   RO         1289    i.task_wakeup_the   task.o
    0x08009da4   0x0000006c   Code   RO         1290    i.task_yield        task.o
    0x08009e10   0x00000024   Code   RO          789    i.test_mutex        kern_test.o
    0x08009e34   0x00000030   Code   RO         1058    i.test_name_match_wild  ktest.o
    0x08009e64   0x00000008   Code   RO          790    i.test_sem          kern_test.o
    0x08009e6c   0x00000090   Code   RO           28    i.tim_pwm_start     app_fsm4.o
    0x08009efc   0x00000016   Code   RO           29    i.tim_pwm_stop      app_fsm4.o
    0x08009f12   0x00000002   PAD
    0x08009f14   0x000000e8   Code   RO         1549    i.timer_add         timer.o
    0x08009ffc   0x0000001e   Code   RO         1550    i.timer_add_oneshot  timer.o
    0x0800a01a   0x0000001e   Code   RO         1551    i.timer_add_period  timer.o
    0x0800a038   0x00000090   Code   RO         1552    i.timer_cancel      timer.o
    0x0800a0c8   0x00000018   Code   RO         1553    i.timer_init        timer.o
    0x0800a0e0   0x00000178   Code   RO         1554    i.timer_insert      timer.o
    0x0800a258   0x00000074   Code   RO         1555    i.timer_lib_init    timer.o
    0x0800a2cc   0x00000120   Code   RO         1556    i.timer_remove      timer.o
    0x0800a3ec   0x000000e8   Code   RO         1557    i.timer_tick_call   timer.o
    0x0800a4d4   0x00000060   Code   RO         1558    i.timer_tick_isr    timer.o
    0x0800a534   0x00000024   Code   RO         1559    i.timer_tick_task   timer.o
    0x0800a558   0x0000000c   Code   RO         1560    i.timer_ticks       timer.o
    0x0800a564   0x00000028   Code   RO         1291    i.tls_copy          task.o
    0x0800a58c   0x00000036   Code   RO          298    i.trace_printf      board_fsm4.o
    0x0800a5c2   0x0000001a   Code   RO          299    i.trace_write       board_fsm4.o
    0x0800a5dc   0x000000a4   Code   RO          462    i.translate_to_rel_path  ios_device.o
    0x0800a680   0x00000054   Code   RO         2061    i.uart_getc_DMA     project3_main.o
    0x0800a6d4   0x00000030   Code   RO         2062    i.uart_getc_DMA_ISR  project3_main.o
    0x0800a704   0x00000006   Code   RO         2063    i.uart_getc_IT      project3_main.o
    0x0800a70a   0x00000002   PAD
    0x0800a70c   0x00000030   Code   RO         2064    i.uart_getc_IT_ISR  project3_main.o
    0x0800a73c   0x0000002c   Code   RO         2065    i.uart_getc_poll    project3_main.o
    0x0800a768   0x00000054   Code   RO         2066    i.uart_putc_DMA     project3_main.o
    0x0800a7bc   0x00000020   Code   RO         2067    i.uart_putc_DMA_ISR  project3_main.o
    0x0800a7dc   0x00000002   Code   RO         2068    i.uart_putc_IT      project3_main.o
    0x0800a7de   0x00000002   PAD
    0x0800a7e0   0x00000020   Code   RO         2069    i.uart_putc_IT_ISR  project3_main.o
    0x0800a800   0x0000002c   Code   RO         2070    i.uart_putc_poll    project3_main.o
    0x0800a82c   0x00000024   Code   RO         2071    i.uart_start_rx_DMA  project3_main.o
    0x0800a850   0x00000024   Code   RO         2072    i.uart_start_rx_IT  project3_main.o
    0x0800a874   0x0000003c   Code   RO         2073    i.uart_start_tx_DMA  project3_main.o
    0x0800a8b0   0x00000068   Code   RO         2074    i.uart_start_tx_IT  project3_main.o
    0x0800a918   0x00000004   Code   RO          791    i.unit_test_noop    kern_test.o
    0x0800a91c   0x0000009c   Code   RO         1292    i.wait_queue_init   task.o
    0x0800a9b8   0x00000184   Code   RO         1293    i.wait_queue_insert_tail  task.o
    0x0800ab3c   0x00000184   Code   RO         1294    i.wait_queue_remove  task.o
    0x0800acc0   0x0000004c   Code   RO         1561    i.wait_timeout_handler  timer.o
    0x0800ad0c   0x00000014   Code   RO         2648    i.write             pwm_device.o
    0x0800ad20   0x00000018   Data   RO           31    .constdata          app_fsm4.o
    0x0800ad38   0x00000067   Data   RO          464    .constdata          ios_device.o
    0x0800ad9f   0x00000017   Data   RO          557    .constdata          ios_fd.o
    0x0800adb6   0x00000010   Data   RO          793    .constdata          kern_test.o
    0x0800adc6   0x00000035   Data   RO         1175    .constdata          mutex.o
    0x0800adfb   0x00000042   Data   RO         1225    .constdata          semaphore.o
    0x0800ae3d   0x00000127   Data   RO         1296    .constdata          task.o
    0x0800af64   0x00000085   Data   RO         1562    .constdata          timer.o
    0x0800afe9   0x0000001a   Data   RO         1663    .constdata          project1_main.o
    0x0800b003   0x00000001   PAD
    0x0800b004   0x00000014   Data   RO         1753    .constdata          syscall.o
    0x0800b018   0x00000029   Data   RO         1947    .constdata          project2_main.o
    0x0800b041   0x00000030   Data   RO         2076    .constdata          project3_main.o
    0x0800b071   0x00000001   PAD
    0x0800b072   0x00000026   Data   RO         2282    .constdata          decode.o
    0x0800b098   0x0000002f   Data   RO         2444    .constdata          pin_driver.o
    0x0800b0c7   0x00000848   Data   RO         2576    .constdata          project4_main.o
    0x0800b90f   0x00000022   Data   RO         2703    .constdata          pwm_driver.o
    0x0800b931   0x00000018   Data   RO         2961    .constdata          system_stm32f4xx.o
    0x0800b949   0x00000008   Data   RO         3949    .constdata          stm32f4xx_hal_dma.o
    0x0800b951   0x00000081   Data   RO         5354    .constdata          mc_w.l(ctype_o.o)
    0x0800b9d2   0x00000002   PAD
    0x0800b9d4   0x00000004   Data   RO         5355    .constdata          mc_w.l(ctype_o.o)
    0x0800b9d8   0x000000bd   Data   RO           32    .conststring        app_fsm4.o
    0x0800ba95   0x00000003   PAD
    0x0800ba98   0x0000000e   Data   RO          794    .conststring        kern_test.o
    0x0800baa6   0x00000002   PAD
    0x0800baa8   0x000000a1   Data   RO          995    .conststring        kshell_cmd.o
    0x0800bb49   0x00000003   PAD
    0x0800bb4c   0x00000062   Data   RO         1297    .conststring        task.o
    0x0800bbae   0x00000002   PAD
    0x0800bbb0   0x0000001f   Data   RO         1563    .conststring        timer.o
    0x0800bbcf   0x00000001   PAD
    0x0800bbd0   0x00000111   Data   RO         1817    .conststring        button_scan.o
    0x0800bce1   0x00000003   PAD
    0x0800bce4   0x0000000f   Data   RO         2077    .conststring        project3_main.o
    0x0800bcf3   0x00000001   PAD
    0x0800bcf4   0x00000020   Data   RO         5407    Region$$Table       anon$$obj.o


    Execution Region RW_IRAM1 (Base: 0x20000000, Size: 0x00005158, Max: 0x00020000, ABSOLUTE, COMPRESSED[0x00000134])

    Base Addr    Size         Type   Attr      Idx    E Section Name        Object

    0x20000000   0x00000030   Data   RW           33    .data               app_fsm4.o
    0x20000030   0x00000008   Data   RW          300    .data               board_fsm4.o
    0x20000038   0x00000008   Data   RW          394    .data               debug.o
    0x20000040   0x00000020   Data   RW          425    .data               heap.o
    0x20000060   0x00000010   Data   RW          465    .data               ios_device.o
    0x20000070   0x00000020   Data   RW          558    .data               ios_fd.o
    0x20000090   0x00000044   Data   RW          795    .data               kern_test.o
    0x200000d4   0x000000c8   Data   RW          996    .data               kshell_cmd.o
    0x2000019c   0x00000018   Data   RW         1060    .data               ktest.o
    0x200001b4   0x00000030   Data   RW         1298    .data               task.o
    0x200001e4   0x00000024   Data   RW         1564    .data               timer.o
    0x20000208   0x0000003c   Data   RW         1818    .data               button_scan.o
    0x20000244   0x00000074   Data   RW         1948    .data               project2_main.o
    0x200002b8   0x00000144   Data   RW         2078    .data               project3_main.o
    0x200003fc   0x00000001   Data   RW         2514    .data               player.o
    0x200003fd   0x00000001   Data   RW         2577    .data               project4_main.o
    0x200003fe   0x00000002   PAD
    0x20000400   0x00000004   Data   RW         2962    .data               system_stm32f4xx.o
    0x20000404   0x00000004   Data   RW         3554    .data               stm32f4xx_hal.o
    0x20000408   0x00000004   Data   RW         5384    .data               mc_w.l(errno.o)
    0x2000040c   0x00000030   Zero   RW           30    .bss                app_fsm4.o
    0x2000043c   0x00000400   Zero   RW          424    .bss                heap.o
    0x2000083c   0x00000018   Zero   RW          463    .bss                ios_device.o
    0x20000854   0x00000140   Zero   RW          556    .bss                ios_fd.o
    0x20000994   0x00000040   Zero   RW          792    .bss                kern_test.o
    0x200009d4   0x00000390   Zero   RW          883    .bss                kshell.o
    0x20000d64   0x0000004c   Zero   RW         1059    .bss                ktest.o
    0x20000db0   0x00003b38   Zero   RW         1295    .bss                task.o
    0x200048e8   0x00000100   Zero   RW         1946    .bss                project2_main.o
    0x200049e8   0x00000040   Zero   RW         2075    .bss                project3_main.o
    0x20004a28   0x0000005c   Zero   RW         2247    .bss                button.o
    0x20004a84   0x00000018   Zero   RW         2281    .bss                decode.o
    0x20004a9c   0x0000003c   Zero   RW         2325    .bss                key.o
    0x20004ad8   0x00000050   Zero   RW         2443    .bss                pin_driver.o
    0x20004b28   0x00000064   Zero   RW         2575    .bss                project4_main.o
    0x20004b8c   0x00000050   Zero   RW         2702    .bss                pwm_driver.o
    0x20004bdc   0x0000017c   Zero   RW         2772    .bss                main.o
    0x20004d58   0x00000400   Zero   RW            1    STACK               startup_stm32f407xx.o


==============================================================================

Image component sizes


      Code (inc. data)   RO Data    RW Data    ZI Data      Debug   Object Name

      1192        386        213         48         48     697426   app_fsm4.o
       128         52          0          0          0      10168   beep.o
       794        350          0          8          0       8540   board_fsm4.o
       616        108          0          0         92       3675   button.o
       822        118        273         60          0      13776   button_scan.o
       116         60          0          8          0       2363   debug.o
       502         24         38          0         24       5910   decode.o
       412         58          0          0          0       5062   gpio_ops.o
        16          6          0         32       1024       1492   heap.o
      1552        686        103         16         24      18642   ios_device.o
       946        222         23         32        320       9763   ios_fd.o
        92         36          0          0          0       1121   kern_init.o
       220         48          0          0          0       4177   kern_port_cm3.o
       138          0          0          0          0       6412   kern_port_cm3_ccarm.o
      1210        532         30         68         64      13151   kern_test.o
       394         62          0          0         60       4578   key.o
       248          0          0          0          0       3104   kfifo.o
      1820        186          0          0        912      15074   kshell.o
       820        230        161        200          0       7758   kshell_cmd.o
      1786        784          0         24         76      12226   ktest.o
       128         56          0          0          0       2239   led.o
       848         62          0          0        380       5485   main.o
       672        264         53          0          0       2567   mutex.o
       234         20          0          0          0       4522   pin_device.o
       844        218         47          0         80       9628   pin_driver.o
      1010        218          0          1          0       6588   player.o
       772        302         26          0          0      43530   project1_main.o
       754        246         41        116        256      10403   project2_main.o
      1310        348         63        324         64      16152   project3_main.o
       378         72       2120          1        100       7759   project4_main.o
       220          0          0          0          0       5528   pwm_device.o
       180         88         34          0         80       5678   pwm_driver.o
       564        220         66          0          0       2677   semaphore.o
        36          8        392          0       1024        868   startup_stm32f407xx.o
       128         20          0          4          0       4075   stm32f4xx_hal.o
       414         30          0          0          0      33145   stm32f4xx_hal_cortex.o
      1284         20          8          0          0       6546   stm32f4xx_hal_dma.o
       540         46          0          0          0       3159   stm32f4xx_hal_gpio.o
       514         48          0          0          0       3222   stm32f4xx_hal_msp.o
      1844         80          0          0          0       5764   stm32f4xx_hal_rcc.o
      1286         98          0          0          0       9617   stm32f4xx_hal_tim.o
      2780         42          0          0          0      17699   stm32f4xx_hal_uart.o
        76         18          0          0          0       4627   stm32f4xx_it.o
       320        106         20          0          0       5120   syscall.o
        72          0          0          0          0        496   syscall_ccarm.o
       100         18         24          4          0       1283   system_stm32f4xx.o
      6448       2300        393         48      15160      34567   task.o
      1862        640        164         36          0      12436   timer.o

    ----------------------------------------------------------------------
     39504       9536       4341       1032      19788    1109798   Object Totals
         0          0         32          0          0          0   (incl. Generated)
        62          0         17          2          0          0   (incl. Padding)

    ----------------------------------------------------------------------

      Code (inc. data)   RO Data    RW Data    ZI Data      Debug   Library Member Name

        86          0          0          0          0          0   __dczerorl2.o
        28          0          0          0          0         68   _chval.o
       158          0          0          0          0         92   _strtoul.o
         8          4        133          0          0         68   ctype_o.o
         0          0          0          0          0          0   entry.o
         0          0          0          0          0          0   entry10a.o
         0          0          0          0          0          0   entry11a.o
         8          4          0          0          0          0   entry2.o
         4          0          0          0          0          0   entry5.o
         0          0          0          0          0          0   entry7b.o
         0          0          0          0          0          0   entry8b.o
         8          4          0          0          0          0   entry9a.o
         8          4          0          4          0         68   errno.o
        30          0          0          0          0          0   handlers.o
        36          8          0          0          0         68   init.o
         0          0          0          0          0          0   iusefp.o
        30          0          0          0          0         68   llshl.o
        36          0          0          0          0         68   llsshr.o
        32          0          0          0          0         68   llushr.o
        26          0          0          0          0         80   memcmp.o
        64          0          0          0          0         76   memmovea.o
        36          0          0          0          0        108   memseta.o
      2292         84          0          0          0        516   printfa.o
        28          0          0          0          0         76   strcmp.o
        14          0          0          0          0         68   strlen.o
        30          0          0          0          0         80   strncmp.o
        24          0          0          0          0         76   strncpy.o
        32          0          0          0          0         68   strrchr.o
       114          0          0          0          0         92   strtoul.o
        44          0          0          0          0         80   uidiv.o
        98          0          0          0          0         92   uldiv.o
        48          0          0          0          0         68   cdrcmple.o
       334          0          0          0          0        148   dadd.o
       222          0          0          0          0        100   ddiv.o
       186          0          0          0          0        176   depilogue.o
        50          0          0          0          0         76   dfixui.o
        48          0          0          0          0         68   dfixul.o
        34          0          0          0          0         76   dflti.o
       228          0          0          0          0         96   dmul.o

    ----------------------------------------------------------------------
      4424        108        135          4          0       2788   Library Totals
         0          0          2          0          0          0   (incl. Padding)

    ----------------------------------------------------------------------

      Code (inc. data)   RO Data    RW Data    ZI Data      Debug   Library Name

      3274        108        133          4          0       1980   mc_w.l
      1150          0          0          0          0        808   mf_w.l

    ----------------------------------------------------------------------
      4424        108        135          4          0       2788   Library Totals

    ----------------------------------------------------------------------

==============================================================================


      Code (inc. data)   RO Data    RW Data    ZI Data      Debug   

     43928       9644       4476       1036      19788    1073062   Grand Totals
     43928       9644       4476        308      19788    1073062   ELF Image Totals (compressed)
     43928       9644       4476        308          0          0   ROM Totals

==============================================================================

    Total RO  Size (Code + RO Data)                48404 (  47.27kB)
    Total RW  Size (RW Data + ZI Data)             20824 (  20.34kB)
    Total ROM Size (Code + RO Data + RW Data)      48712 (  47.57kB)

==============================================================================

