<html>
<body>
<pre>
<h1>礦ision Build Log</h1>
<h2>Tool Versions:</h2>
IDE-Version: μVision V5.23.0.0
Copyright (C) 2017 ARM Ltd and ARM Germany GmbH. All rights reserved.
License Information: catherine catherine-lisa, bupt, LIC=X96CK-ZUH65-ARUXW-QGCJ5-TC5LW-TTJ2I
 
Tool Versions:
Toolchain:       MDK-ARM Plus  Version: 5.23
Toolchain Path:  C:\Keil_v5\ARM\ARMCC\Bin
C Compiler:      Armcc.exe V5.06 update 4 (build 422)
Assembler:       Armasm.exe V5.06 update 4 (build 422)
Linker/Locator:  ArmLink.exe V5.06 update 4 (build 422)
Library Manager: ArmAr.exe V5.06 update 4 (build 422)
Hex Converter:   FromElf.exe V5.06 update 4 (build 422)
CPU DLL:         SARMCM3.DLL V5.23
Dialog DLL:      DCM.DLL V1.15.0.0
Target DLL:      STLink\ST-LINKIII-KEIL_SWO.dll V2.0.18.0
Dialog DLL:      TCM.DLL V1.27.0.0
 
<h2>Project:</h2>
D:\大三\嵌入式\实验3-江姝潼-2019211653\12.8_exp3_emlab-2021\mdk-proj\MDK-ARM\mdk-proj.uvprojx
Project File Date:  12/08/2021

<h2>Output:</h2>
*** Using Compiler 'V5.06 update 4 (build 422)', folder: 'C:\Keil_v5\ARM\ARMCC\Bin'
Build target 'mdk-proj'
assembling startup_stm32f407xx.s...
compiling debug.c...
compiling kern_init.c...
compiling board_itm.c...
compiling board_qemu.c...
compiling ios_fd.c...
compiling heap.c...
compiling ios_device.c...
compiling kern_port_cm3_gnu.c...
compiling kshell_cmd.c...
compiling kern_test.c...
compiling ktest.c...
compiling kshell.c...
compiling mutex.c...
compiling msgq.c...
compiling pipe.c...
assembling syscall_ccarm.S...
compiling semaphore.c...
compiling timer.c...
compiling button_scan.c...
..\..\lab-src\lab\project2\button_scan.c(42): warning:  #177-D: variable "fir_history"  was declared but never referenced
  static int fir_history[FILTER_ORDER];
..\..\lab-src\lab\project2\button_scan.c(43): warning:  #177-D: variable "fir_idx"  was declared but never referenced
  static int fir_idx = 0;
..\..\lab-src\lab\project2\button_scan.c: 2 warnings, 0 errors
compiling task.c...
compiling syscall.c...
compiling project2_main.c...
..\..\lab-src\lab\project2\project2_main.c(35): warning:  #177-D: variable "i"  was declared but never referenced
  	int i = 0;
..\..\lab-src\lab\project2\project2_main.c(36): warning:  #177-D: variable "max"  was declared but never referenced
  	int max = 17;
..\..\lab-src\lab\project2\project2_main.c(26): warning:  #550-D: variable "dim_curve"  was set but never used
  static uint8_t dim_curve[] = { 1, 1, 1, 1, 1, 1, 1, 1, 2, 2, 2, 2, 2, 2, 2, 2,
..\..\lab-src\lab\project2\project2_main.c(32): warning:  #177-D: variable "dim_curve_len"  was declared but never referenced
  static uint16_t dim_curve_len = sizeof(dim_curve) / sizeof(dim_curve[0]);
..\..\lab-src\lab\project2\project2_main.c: 4 warnings, 0 errors
compiling kfifo.c...
compiling beep.c...
compiling button.c...
compiling decode.c...
compiling led.c...
compiling key.c...
compiling pin_device.c...
compiling project4_main.c...
compiling player.c...
compiling pwm_device.c...
compiling board_fsm4.c...
compiling kern_port_cm3_ccarm.c...
compiling app_fsm4.c...
compiling kern_port_cm3.c...
compiling project3_main.c...
compiling pin_driver.c...
compiling gpio_ops.c...
compiling project1_main.c...
compiling pwm_driver.c...
..\..\lab-src\lab\project4\pwm_driver.c(11): warning:  #177-D: variable "timmap"  was declared but never referenced
  static TIM_TypeDef * timmap[] = {
..\..\lab-src\lab\project4\pwm_driver.c(30): warning:  #177-D: function "stm32_pwm_get"  was declared but never referenced
  static int stm32_pwm_get(const char *name)
..\..\lab-src\lab\project4\pwm_driver.c(126): warning:  #177-D: function "stm32_pwm_set"  was declared but never referenced
  static int stm32_pwm_set(TIM_HandleTypeDef *htim, int channel, uint32_t period, uint32_t pulse)
..\..\lab-src\lab\project4\pwm_driver.c: 3 warnings, 0 errors
compiling main.c...
compiling stm32f4xx_it.c...
compiling stm32f4xx_hal_pwr_ex.c...
compiling system_stm32f4xx.c...
compiling stm32f4xx_hal_msp.c...
compiling stm32f4xx_hal.c...
compiling stm32f4xx_hal_dma_ex.c...
compiling stm32f4xx_hal_gpio.c...
compiling stm32f4xx_hal_flash_ramfunc.c...
compiling stm32f4xx_hal_flash.c...
compiling stm32f4xx_hal_rcc_ex.c...
compiling stm32f4xx_hal_tim_ex.c...
compiling stm32f4xx_hal_rcc.c...
compiling stm32f4xx_hal_pwr.c...
compiling stm32f4xx_hal_dma.c...
compiling stm32f4xx_hal_cortex.c...
compiling stm32f4xx_hal_flash_ex.c...
compiling stm32f4xx_hal_uart.c...
compiling stm32f4xx_hal_tim.c...
linking...
Program Size: Code=43976 RO-data=4516 RW-data=1036 ZI-data=19788  
"mdk-proj\mdk-proj.axf" - 0 Error(s), 9 Warning(s).

<h2>Software Packages used:</h2>

Package Vendor: ARM
                http://www.keil.com/pack/ARM.CMSIS.5.8.0.pack
                ARM::CMSIS:CORE:5.5.0
                CMSIS (Common Microcontroller Software Interface Standard)
   * Component: CORE Version: 5.5.0

<h2>Collection of Component include folders:</h2>
  .\RTE\_mdk-proj
  C:\Keil_v5\ARM\PACK\ARM\CMSIS\5.8.0\CMSIS\Core\Include
  C:\Keil_v5\ARM\PACK\Keil\STM32F4xx_DFP\2.15.0\Drivers\CMSIS\Device\ST\STM32F4xx\Include

<h2>Collection of Component Files used:</h2>

   * Component: ARM::CMSIS:CORE:5.5.0
Build Time Elapsed:  00:01:24
</pre>
</body>
</html>
